╭──────────────────────── 🚀 Bonus Scraper Engine v5.0 ────────────────────────╮
│                                                                              │
│ ╭─ ⚡ PERFORMANCE ──╮╭─ 🌐 INFRASTRUCTUR─╮╭───── 📋 JOB ─────╮╭── ERRORS ──╮ │
│ │  Concurrency      ││  Proxy Pool       ││  URLs Queued     ││ ✅ OK      │ │
│ │  20 Workers       ││  0 Active         ││  637             ││ 👻 404     │ │
│ │  Throughput       ││  Proxy Logic      ││  Shuffle         ││ 🚫 403     │ │
│ │  ~600 URLs/min    ││  Per-Worker Pool  ││  No              ││ 🚚 301     │ │
│ │  Delays           │╰───────────────────╯╰──────────────────╯│ 📡 101     │ │
│ │  2.0-2.0s         │                                         │ ☁️ 503     │ │
│ │  Timeout          │                                         │ 🐌 Lag     │ │
│ │  15s              │                                         │ 📉 Track   │ │
│ ╰───────────────────╯                                         │            │ │
│ ╭─ 💻 ENVIRONMENT ──╮╭─ 📊 SYSTEM HEALTH─╮╭── 🛡️ SECURITY ───╮│            │ │
│ │  OS               ││  Status           ││  Auth User       ││            │ │
│ │  Android          ││  🟥 0%            ││  admin           ││            │ │
│ │  Py Version       ││  🔴 10%           ││  SSL Check       ││            │ │
│ │  3.13.13          ││  ❤️  20%          ││  Disabled        ││            │ │
│ ╰───────────────────╯│  🟧 25%           ││  IP Reputation   ││            │ │
│                      │  🟠 35%           ││  0/100           ││            │ │
│                      │  🧡 45%           │╰──────────────────╯│            │ │
│                      │  🟨 50%           │                    │            │ │
│                      │  🟡 60%           │                    ╰────────────╯ │
│                      │  💛 70%           │                                   │
│                      │  🟩 75%           │                                   │
│                      │  🟢 85%           │                                   │
│                      │  💚 95%           │                                   │
│                      │  💚 100%          │                                   │
│                      ╰───────────────────╯                                   │
│ ╭───────────────────────────── 🕵️ USER AGENT ──────────────────────────────╮ │
│ │  User Agent Identity                                                     │ │
│ │  Mozilla/5.0 (Windows NT 10.0; Win64; x64) AppleWebKit/537.36 (KHTML,    │ │
│ │  like Gecko) Chrome/120.0.0.0 Safari/537.36                              │ │
│ ╰──────────────────────────────────────────────────────────────────────────╯ │
│                                                                              │
╰──────────────────────────────────────────────────────────────────────────────╯
╭──────────────────────────────────────────────────────────────────────────────╮
│             📡 COMMAND DASHBOARD ACTIVE : http://127.0.0.1:8000              │
╰──────────────────────────────────────────────────────────────────────────────╯
                   ● SYSTEM READY PRESS [CTRL+C] TO TERMINATE                   
002💻E103❌01 0 0 0 0 0 000 000.0💎00|00 ⏱️2m09.826s🌐spade69.co
003🚚E301❌02 0 0 0 0 0 000 000.0💎00|00 ⏱️2m18.546s🌐crown69.co
001🚚E301❌03 0 0 0 0 0 000 000.0💎00|00 ⏱️2m24.400s🌐umi999.com
005🚚E301❌04 0 0 0 0 0 000 000.0💎00|00 ⏱️2m25.493s🌐bonus96.com
010🚚E301❌05 0 0 0 0 0 000 000.0💎00|00 ⏱️2m24.494s🌐jackpotau.com
012🚚E301❌06 0 0 0 0 0 000 000.0💎00|00 ⏱️2m24.201s🌐audwin9.com
017🚚E301❌07 0 0 0 0 0 000 000.0💎00|00 ⏱️2m22.826s🌐thepokies96.com
020🚚E301❌08 0 0 0 0 0 000 000.0💎00|00 ⏱️2m21.974s🌐ff96au.com
008🚚E301❌09 0 0 0 0 0 000 000.0💎00|00 ⏱️2m25.309s🌐wildspin24.com
006✅DONE✅01 20 10 10 10 10 016 000.0💎00|00 ⏱️2m26.510s🌐aud365.co
019🚚E301❌01 20 10 10 10 10 005 000.0💎00|00 ⏱️2m25.169s🌐enjoy96.com
011🚚E301❌02 20 10 10 10 10 009 000.0💎00|00 ⏱️2m27.554s🌐pokies4bet.com
014🚚E301❌03 20 10 10 10 10 007 000.0💎00|00 ⏱️2m26.498s🌐diamondaud.com
013🚚E301❌04 20 10 10 10 10 007 000.0💎00|00 ⏱️2m26.712s🌐truewin77.com
015🚚E301❌05 0 10 10 10 10 006 000.0💎00|00 ⏱️2m26.816s🌐panda95au.com
016🚚E301❌06 0 10 10 10 10 006 000.0💎00|00 ⏱️2m27.142s🌐thepokies33.com
018🚚E301❌07 0 10 10 10 10 005 000.0💎00|00 ⏱️2m27.442s🌐topaz33.com
021🚚E301❌08 0 10 10 10 10 004 000.0💎00|00 ⏱️2m27.394s🌐efa99aus.com
023🚚E301❌09 0 10 10 10 10 004 000.0💎00|00 ⏱️2m26.334s🌐vvip15au.com
026🚚E301❌10 0 0 5 5 5 003 000.0💎00|00 ⏱️2m25.003s🌐keno99.com
022✅DONE✅01 20 10 10 10 10 009 000.0💎00|00 ⏱️2m26.877s🌐ufo9.asia
029🚚E301❌01 20 10 10 10 10 006 000.0💎00|00 ⏱️2m24.668s🌐intensity2aus.com
024🚚E301❌02 20 10 10 10 10 008 000.0💎00|00 ⏱️2m25.793s🌐gwin9au.com
034🚚E301❌03 20 10 10 10 10 005 000.0💎00|00 ⏱️2m22.678s🌐prime96.com
032🚚E301❌04 20 10 10 10 10 006 000.0💎00|00 ⏱️2m22.486s🌐tab9au.com
033🚚E301❌05 0 10 10 10 10 006 000.0💎00|00 ⏱️2m21.631s🌐cr33au.com
030🚚E301❌06 0 10 10 10 10 006 000.0💎00|00 ⏱️2m22.074s🌐ijoker88au.com
031🚚E301❌07 0 10 10 10 10 006 000.0💎00|00 ⏱️2m21.748s🌐rtpvictory88.com
035🚚E301❌08 0 10 10 10 10 005 000.0💎00|00 ⏱️2m20.835s🌐dd8au.com
037🚚E301❌09 0 10 5 5 5 005 000.0💎00|00 ⏱️2m20.353s🌐pp99au.com
028✅DONE✅01 20 10 10 10 10 010 000.0💎00|00 ⏱️2m23.844s🌐ispeed88au.com
036✅DONE✅02 40 20 15 15 15 011 000.0💎00|00 ⏱️2m24.396s🌐jw8au.com
038🚚E301❌01 40 20 15 15 15 010 000.0💎00|00 ⏱️2m24.118s🌐sapphireaud.com
039🚚E301❌02 40 20 15 15 15 010 000.0💎00|00 ⏱️2m23.976s🌐inskingdom8.com
040🚚E301❌03 40 20 15 15 15 010 000.0💎00|00 ⏱️2m23.882s🌐thestar.asia
043🚚E301❌04 20 20 15 15 15 009 000.0💎00|00 ⏱️2m23.070s🌐mee88aus.com
045🚚E301❌05 0 20 15 15 15 008 000.0💎00|00 ⏱️2m22.133s🌐kingpower365.com
041🚚E301❌06 0 20 15 15 15 009 000.0💎00|00 ⏱️2m23.051s🌐race96.com
046🚚E301❌07 0 20 15 15 15 008 000.0💎00|00 ⏱️2m21.965s🌐venus55.com
042🚚E301❌08 0 20 15 15 15 009 000.0💎00|00 ⏱️2m23.225s🌐weplay88.com
048🚚E301❌09 0 10 10 10 10 008 000.0💎00|00 ⏱️2m19.573s🌐world99aud.com
050🚚E301❌10 0 0 10 10 10 008 000.0💎00|00 ⏱️2m16.555s🌐play369.co
049🚚E301❌11 0 0 10 10 10 008 000.0💎00|00 ⏱️2m16.428s🌐richspinau.com
047🚚E301❌12 0 0 10 10 10 008 000.0💎00|00 ⏱️2m17.374s🌐cyberbet77.com
051🚚E301❌13 0 0 10 10 10 007 000.0💎00|00 ⏱️2m16.638s🌐pokiesbillion.com
044✅DONE✅01 20 10 15 15 15 011 000.0💎00|00 ⏱️2m20.788s🌐iw99au.com
052🚚E301❌01 20 10 15 15 15 009 000.0💎00|00 ⏱️2m19.532s🌐candymommy.co
053🚚E301❌02 20 10 15 15 15 009 000.0💎00|00 ⏱️2m19.093s🌐royalaud.com
054🚚E301❌03 20 10 15 15 15 009 000.0💎00|00 ⏱️2m19.009s🌐aus2u.com
056🚚E301❌04 20 10 15 10 10 008 000.0💎00|00 ⏱️2m18.002s🌐skygate9au.com
057🚚E301❌05 0 10 10 10 10 008 000.0💎00|00 ⏱️2m17.753s🌐1spinnwin.com
058🚚E301❌06 0 10 5 10 10 008 000.0💎00|00 ⏱️2m17.682s🌐mrpokies77.com
059🚚E301❌07 0 10 5 10 10 008 000.0💎00|00 ⏱️2m17.181s🌐harbour33.com
060🚚E301❌08 0 10 5 10 10 008 000.0💎00|00 ⏱️2m16.594s🌐bondi333.com
062🚚E301❌09 0 10 5 10 10 008 000.0💎00|00 ⏱️2m15.673s🌐hb88au.com
064🚚E301❌10 0 0 5 10 10 007 000.0💎00|00 ⏱️2m12.864s🌐speedau.live
063🚚E301❌11 0 0 5 10 10 007 000.0💎00|00 ⏱️2m12.740s🌐we1winau.com
061🚚E301❌12 0 0 5 10 10 008 000.0💎00|00 ⏱️2m13.462s🌐play77au.com
065🚚E301❌13 0 0 5 10 10 007 000.0💎00|00 ⏱️2m12.014s🌐crown155au.com
066🚚E301❌14 0 0 5 8 8 007 000.0💎00|00 ⏱️2m11.707s🌐royale9au.com
067🚚E301❌15 0 0 5 8 8 007 000.0💎00|00 ⏱️2m11.320s🌐riches88.live
068🚚E301❌16 0 0 5 8 8 007 000.0💎00|00 ⏱️2m10.978s🌐spaceman369.com
069🚚E301❌17 0 0 5 8 8 007 000.0💎00|00 ⏱️2m11.231s🌐speedaud.com
070🚚E301❌18 0 0 5 8 8 007 000.0💎00|00 ⏱️2m11.012s🌐me99aud.com
071🚚E301❌19 0 0 5 8 8 007 000.0💎00|00 ⏱️2m10.808s🌐ipay9aud.com
072🚚E301❌20 0 0 0 8 8 006 000.0💎00|00 ⏱️2m10.327s🌐play99au.com
075🚚E301❌21 0 0 0 8 8 006 000.0💎00|00 ⏱️2m09.332s🌐spinup77.com
074🚚E301❌22 0 0 0 8 8 006 000.0💎00|00 ⏱️2m09.156s🌐luxe66.com
073🚚E301❌23 0 0 0 8 8 006 000.0💎00|00 ⏱️2m09.830s🌐king88pokies.com
076🚚E301❌24 0 0 0 8 8 006 000.0💎00|00 ⏱️2m09.172s🌐lego66.co
077🚚E301❌25 0 0 0 6 6 006 000.0💎00|00 ⏱️2m08.856s🌐safeau.net
078🚚E301❌26 0 0 0 6 6 006 000.0💎00|00 ⏱️2m08.760s🌐skyspin96.co
079🚚E301❌27 0 0 0 6 6 006 000.0💎00|00 ⏱️2m08.092s🌐luxeau777.com
080🚚E301❌28 0 0 0 6 6 006 000.0💎00|00 ⏱️2m07.809s🌐zeroaud.com
081✅DONE✅01 20 10 5 8 8 007 000.0💎00|00 ⏱️2m09.147s🌐mrbet9au.info
082🚚E301❌01 20 10 5 8 8 007 000.0💎00|00 ⏱️2m09.131s🌐gold77au.com
085💻E103❌02 20 10 5 8 8 007 000.0💎00|00 ⏱️2m06.966s🌐luck77au.com
083🚚E301❌03 20 10 5 8 8 007 000.0💎00|00 ⏱️2m07.235s🌐kaboom77.com
086🚚E301❌04 20 10 5 8 8 006 000.0💎00|00 ⏱️2m06.350s🌐betus10.co
088🚚E301❌05 0 10 5 8 8 006 000.0💎00|00 ⏱️2m05.855s🌐ezaud.com
090🚚E301❌06 0 10 5 6 6 006 000.0💎00|00 ⏱️2m05.480s🌐kangaroobet88.com
089🚚E301❌07 0 10 5 4 4 006 000.0💎00|00 ⏱️2m05.597s🌐u88aud.com
091🚚E301❌08 0 10 5 4 4 006 000.0💎00|00 ⏱️2m05.089s🌐penguin88.club
092🚚E301❌09 0 10 5 4 4 006 000.0💎00|00 ⏱️2m05.267s🌐trust88au.com
084✅DONE✅01 20 10 10 6 6 008 000.0💎00|00 ⏱️2m07.628s🌐waboom77.com
093🚚E301❌01 20 10 10 6 6 007 000.0💎00|00 ⏱️2m05.397s🌐cashnet99.com
094✅DONE✅01 40 20 15 8 8 008 000.0💎00|00 ⏱️2m08.823s🌐fuckmate.co
095🚚E301❌01 40 20 15 8 8 008 000.0💎00|00 ⏱️2m08.599s🌐neolux.vip
096🚚E301❌02 40 20 15 8 8 008 000.0💎00|00 ⏱️2m08.433s🌐ubet96.com
098🚚E301❌03 20 20 15 8 8 008 000.0💎00|00 ⏱️2m08.168s🌐hollywoodaus.com
099🚚E301❌04 20 20 15 8 8 008 000.0💎00|00 ⏱️2m08.000s🌐neiro55.com
101🚚E301❌05 0 20 15 8 8 007 000.0💎00|00 ⏱️2m07.412s🌐au21.net
103🚚E301❌06 0 20 15 8 8 007 000.0💎00|00 ⏱️2m06.860s🌐luckymate88.com
100🚚E301❌07 0 20 15 8 8 008 000.0💎00|00 ⏱️2m07.540s🌐auwin7.com
102🚚E301❌08 0 10 10 8 8 007 000.0💎00|00 ⏱️2m05.528s🌐maxspin7.com
104🚚E301❌09 0 10 10 6 6 007 000.0💎00|00 ⏱️2m05.148s🌐southern9.com
105🚚E301❌10 0 0 10 6 6 007 000.0💎00|00 ⏱️2m02.670s🌐gembetaus.com
106🚚E301❌11 0 0 10 6 6 007 000.0💎00|00 ⏱️2m02.489s🌐vip77.club
025💻E103❌12 0 0 10 6 6 032 000.0💎00|00 ⏱️3m05.881s🌐onewin9.com
027💻E103❌13 0 0 10 6 8 029 000.0💎00|00 ⏱️3m49.844s🌐crown777au.com
108🚚E301❌14 0 0 10 6 8 007 000.0💎00|00 ⏱️3m19.421s🌐ubet66aus.com
107🚚E301❌15 0 0 10 6 8 007 000.0💎00|00 ⏱️3m20.240s🌐pokiesking1.com
109🚚E301❌16 0 0 10 6 8 007 000.0💎00|00 ⏱️3m19.719s🌐fc8au.com
110🚚E301❌17 0 0 10 6 8 007 000.0💎00|00 ⏱️3m18.818s🌐betworld96au.com
111🚚E301❌18 0 0 5 6 8 007 000.0💎00|00 ⏱️3m18.039s🌐aus789.com
112🚚E301❌19 0 0 5 6 8 007 000.0💎00|00 ⏱️3m17.694s🌐ausbet88.com
115🚚E301❌20 0 0 0 6 8 006 000.0💎00|00 ⏱️3m16.559s🌐wombats88.com
114🚚E301❌21 0 0 0 6 8 007 000.0💎00|00 ⏱️3m17.376s🌐eebet9.com
116🚚E301❌22 0 0 0 6 8 006 000.0💎00|00 ⏱️2m38.413s🌐boyabet9.com
117🚚E301❌23 0 0 0 6 7 006 000.0💎00|00 ⏱️1m59.934s🌐redspin88.com
118🚚E301❌24 0 0 0 6 7 006 000.0💎00|00 ⏱️1m59.523s🌐spinking.co
120🚚E301❌25 0 0 0 6 7 006 000.0💎00|00 ⏱️1m58.801s🌐aud99.com
119🚚E301❌26 0 0 0 6 7 006 000.0💎00|00 ⏱️1m59.466s🌐ii89au.com
122🚚E301❌27 0 0 0 6 7 006 000.0💎00|00 ⏱️1m58.902s🌐betman9.com
121🚚E301❌28 0 0 0 6 7 006 000.0💎00|00 ⏱️1m59.285s🌐ss9au.net
123🚚E301❌29 0 0 0 6 7 006 000.0💎00|00 ⏱️1m58.805s🌐decho34.com
124🚚E301❌30 0 0 0 6 7 006 000.0💎00|00 ⏱️1m58.601s🌐tiger88.games
125🚚E301❌31 0 0 0 6 7 006 000.0💎00|00 ⏱️1m57.899s🌐bigpay77.net
126🚚E301❌32 0 0 0 6 7 006 000.0💎00|00 ⏱️1m57.925s🌐auboss.co
127🚚E301❌33 0 0 0 6 7 006 000.0💎00|00 ⏱️1m58.090s🌐jk123au.com
128🚚E301❌34 0 0 0 6 6 006 000.0💎00|00 ⏱️1m58.127s🌐pokies7bet.com
130🚚E301❌35 0 0 0 6 6 006 000.0💎00|00 ⏱️1m57.583s🌐speed9.co
129✅DONE✅01 20 10 5 8 7 006 000.0💎00|00 ⏱️1m57.777s🌐19rich.com
132🚚E301❌01 20 10 5 8 7 006 000.0💎00|00 ⏱️1m56.965s🌐win99aud.com
134🚚E301❌02 20 10 5 6 7 006 000.0💎00|00 ⏱️1m56.194s🌐emax7.co
133🚚E301❌03 20 10 5 6 7 006 000.0💎00|00 ⏱️1m56.705s🌐spincrown33.com
135🚚E301❌04 20 10 5 6 7 006 000.0💎00|00 ⏱️1m56.283s🌐acehighwin.com
136🚚E301❌05 0 10 5 6 7 006 000.0💎00|00 ⏱️1m56.011s🌐aud2u.com
137🚚E301❌06 0 10 5 6 7 006 000.0💎00|00 ⏱️1m55.597s🌐zebra88.club
138🚚E301❌07 0 10 5 6 7 006 000.0💎00|00 ⏱️1m55.295s🌐u2win.online
139🚚E301❌08 0 10 5 6 6 006 000.0💎00|00 ⏱️1m54.861s🌐nextpokies.com
140🚚E301❌09 0 10 5 6 5 006 000.0💎00|00 ⏱️1m54.668s🌐bunny96.com
141🚚E301❌10 0 0 5 6 5 006 000.0💎00|00 ⏱️1m53.792s🌐aucloud9.com
142🚚E301❌11 0 0 5 6 5 006 000.0💎00|00 ⏱️1m53.934s🌐glbet9.com
144🚚E301❌12 0 0 5 4 5 006 000.0💎00|00 ⏱️1m53.612s🌐starspin996.com
145🚚E301❌13 0 0 5 4 5 006 000.0💎00|00 ⏱️1m53.287s🌐mrpoint.co
147🚚E301❌14 0 0 5 2 5 006 000.0💎00|00 ⏱️1m53.255s🌐magicspin77aus.com
146🚚E301❌15 0 0 5 2 5 006 000.0💎00|00 ⏱️1m54.204s🌐in8.one
148🚚E301❌16 0 0 5 2 5 006 000.0💎00|00 ⏱️1m53.764s🌐i8au.online
149🚚E301❌17 0 0 5 2 5 006 000.0💎00|00 ⏱️1m53.382s🌐auslot7.com
150🚚E301❌18 0 0 5 2 5 006 000.0💎00|00 ⏱️1m53.293s🌐mb9au.net
151🚚E301❌19 0 0 5 2 5 005 000.0💎00|00 ⏱️1m52.990s🌐win29.club
152🚚E301❌20 0 0 0 2 5 005 000.0💎00|00 ⏱️1m52.845s🌐tnt99au.com
153🚚E301❌21 0 0 0 2 5 005 000.0💎00|00 ⏱️1m52.382s🌐vip99.com
154🚚E301❌22 0 0 0 2 5 005 000.0💎00|00 ⏱️1m52.744s🌐tab99au.com
155🚚E301❌23 0 0 0 2 4 005 000.0💎00|00 ⏱️1m52.265s🌐1bigwin.com
087💻E103❌24 0 0 0 2 4 010 000.0💎00|00 ⏱️2m47.982s🌐aussie96.com
156🚚E301❌25 0 0 0 2 4 005 000.0💎00|00 ⏱️2m26.450s🌐ssv96.com
158🚚E301❌26 0 0 0 2 4 005 000.0💎00|00 ⏱️2m25.884s🌐top1cas.com
159🚚E301❌27 0 0 0 2 4 005 000.0💎00|00 ⏱️2m25.957s🌐aus33.com
160🚚E301❌28 0 0 0 2 4 005 000.0💎00|00 ⏱️2m25.837s🌐ozreel88.com
161🚚E301❌29 0 0 0 2 4 005 000.0💎00|00 ⏱️2m25.577s🌐rec99au.com
164🚚E301❌30 0 0 0 2 4 005 000.0💎00|00 ⏱️2m24.764s🌐bs22au.com
162✅DONE✅01 20 10 5 4 5 006 000.0💎00|00 ⏱️2m26.056s🌐class777.com
165🚚E301❌01 20 10 5 4 5 006 000.0💎00|00 ⏱️2m24.684s🌐champion9.com
166🚚E301❌02 20 10 5 4 5 006 000.0💎00|00 ⏱️2m24.137s🌐fantasy33.com
167🚚E301❌03 20 10 5 4 5 005 000.0💎00|00 ⏱️1m49.425s🌐select777.net
168🚚E301❌04 20 10 5 4 5 005 000.0💎00|00 ⏱️1m49.270s🌐legit99.com
169🚚E301❌05 0 10 5 4 5 005 000.0💎00|00 ⏱️1m49.365s🌐sp77aud.co
170🚚E301❌06 0 10 5 4 5 005 000.0💎00|00 ⏱️1m49.276s🌐33spins.com
171💻E103❌07 0 10 5 4 5 005 000.0💎00|00 ⏱️1m48.556s🌐22luckyspin.com
172🚚E301❌08 0 10 5 4 5 005 000.0💎00|00 ⏱️1m48.393s🌐44spin.com
173🚚E301❌09 0 10 5 4 5 005 000.0💎00|00 ⏱️1m48.181s🌐7vip7.com
175🚚E301❌10 0 0 5 4 5 005 000.0💎00|00 ⏱️1m47.469s🌐77pokies.com
176🚚E301❌11 0 0 5 4 5 005 000.0💎00|00 ⏱️1m47.892s🌐kangaroo88.com
177🚚E301❌12 0 0 5 4 5 005 000.0💎00|00 ⏱️1m47.944s🌐dns33.com
178🚚E301❌13 0 0 5 4 5 005 000.0💎00|00 ⏱️1m47.624s🌐9xbetau.com
180💻E103❌14 0 0 5 4 5 005 000.0💎00|00 ⏱️1m45.725s🌐amb88.cc
179🚚E301❌15 0 0 5 4 5 005 000.0💎00|00 ⏱️1m45.820s🌐wildngo.net
181🚚E301❌16 0 0 5 4 5 005 000.0💎00|00 ⏱️1m44.966s🌐afl88.com
182🚚E301❌17 0 0 5 4 5 005 000.0💎00|00 ⏱️1m44.858s🌐aristocratau.com
183🚚E301❌18 0 0 5 4 5 005 000.0💎00|00 ⏱️1m44.421s🌐au99.co
174🚚E301❌19 0 0 5 2 5 005 000.0💎00|00 ⏱️1m53.200s🌐66spin.com
186🚚E301❌20 0 0 0 2 5 005 000.0💎00|00 ⏱️1m49.826s🌐aud33.com
185✅DONE✅01 20 10 5 4 5 005 000.0💎00|00 ⏱️1m49.966s🌐nightclubaus.com
188🚚E301❌01 20 10 5 4 5 005 000.0💎00|00 ⏱️1m49.496s🌐auspin88.vip
190💻E103❌02 20 10 5 4 5 005 000.0💎00|00 ⏱️1m47.862s🌐auspin8.com
189🚚E301❌03 20 10 5 4 5 005 000.0💎00|00 ⏱️1m49.329s🌐rolex66.vip
191💻E103❌04 20 10 5 4 5 005 000.0💎00|00 ⏱️1m47.470s🌐auspokies7.co
187🚚E301❌05 0 10 5 4 5 005 000.0💎00|00 ⏱️1m50.363s🌐audmachine.com
192🚚E301❌06 0 10 5 4 5 005 000.0💎00|00 ⏱️1m49.038s🌐auwin88.com
193💻E103❌07 0 10 5 4 5 005 000.0💎00|00 ⏱️1m49.312s🌐arkspin.com
194🚚E301❌08 0 10 5 4 5 005 000.0💎00|00 ⏱️1m42.776s🌐ozlotto88.com
195🚚E301❌09 0 10 5 4 5 005 000.0💎00|00 ⏱️1m42.491s🌐7pokies.com
197🚚E301❌10 0 0 5 4 4 005 000.0💎00|00 ⏱️1m41.547s🌐bk8aus.com
196🚚E301❌11 0 0 5 4 4 005 000.0💎00|00 ⏱️1m41.824s🌐blackpokies.com
198🚚E301❌12 0 0 5 4 3 005 000.0💎00|00 ⏱️1m42.603s🌐gofun33.com
199🚚E301❌13 0 0 5 4 3 005 000.0💎00|00 ⏱️1m42.630s🌐blaze007.com
184💻E103❌14 0 0 5 4 3 005 000.0💎00|00 ⏱️2m20.365s🌐au68.net

╭──────────────────────────────────────────────────────────────────────────────╮
│                                                                              │
│                        ╭─────── 🏁 RESULTS ────────╮                         │
│                        │ Scraping Complete         │                         │
│                        │   Sites Scraped:  192     │                         │
│                        │   Successful:    11       │                         │
│                        │   Failed:        181      │                         │
│                        │   Success Rate:  5.7%     │                         │
│                        │   Bonuses Found: 14       │                         │
│                        │   New Bonuses:   0        │                         │
│                        │   Elapsed:       00:00:53 │                         │
│                        ╰───────────────────────────╯                         │
│                                                                              │
╰──────────────────────────────────────────────────────────────────────────────╯
                      ● Dashboard at http://127.0.0.1:8000                      
