╭──────────────────────── 🚀 Bonus Scraper Engine v5.0 ────────────────────────╮
│                                                                              │
│ ╭─ ⚡ PERFORMANCE ──╮╭─ 🌐 INFRASTRUCTUR─╮╭───── 📋 JOB ─────╮╭── ERRORS ──╮ │
│ │  Concurrency      ││  Proxy Pool       ││  URLs Queued     ││ ✅ OK      │ │
│ │  20 Workers       ││  0 Active         ││  637             ││ 👻 404     │ │
│ │  Throughput       ││  Proxy Logic      ││  Shuffle         ││ 🚫 403     │ │
│ │  ~600 URLs/min    ││  Per-Worker Pool  ││  No              ││ 🚚 301     │ │
│ │  Delays           │╰───────────────────╯╰──────────────────╯│ 📡 101     │ │
│ │  2.0-2.0s         │                                         │ ☁️ 503     │ │
│ │  Timeout          │                                         │ 🐌 Lag     │ │
│ │  15s              │                                         │ 📉 Track   │ │
│ ╰───────────────────╯                                         │            │ │
│ ╭─ 💻 ENVIRONMENT ──╮╭─ 📊 SYSTEM HEALTH─╮╭── 🛡️ SECURITY ───╮│            │ │
│ │  OS               ││  Status           ││  Auth User       ││            │ │
│ │  Android          ││  🟥 0%            ││  admin           ││            │ │
│ │  Py Version       ││  🔴 10%           ││  SSL Check       ││            │ │
│ │  3.13.13          ││  ❤️  20%          ││  Disabled        ││            │ │
│ ╰───────────────────╯│  🟧 25%           ││  IP Reputation   ││            │ │
│                      │  🟠 35%           ││  0/100           ││            │ │
│                      │  🧡 45%           │╰──────────────────╯│            │ │
│                      │  🟨 50%           │                    │            │ │
│                      │  🟡 60%           │                    ╰────────────╯ │
│                      │  💛 70%           │                                   │
│                      │  🟩 75%           │                                   │
│                      │  🟢 85%           │                                   │
│                      │  💚 95%           │                                   │
│                      │  💚 100%          │                                   │
│                      ╰───────────────────╯                                   │
│ ╭───────────────────────────── 🕵️ USER AGENT ──────────────────────────────╮ │
│ │  User Agent Identity                                                     │ │
│ │  Mozilla/5.0 (Windows NT 10.0; Win64; x64) AppleWebKit/537.36 (KHTML,    │ │
│ │  like Gecko) Chrome/120.0.0.0 Safari/537.36                              │ │
│ ╰──────────────────────────────────────────────────────────────────────────╯ │
│                                                                              │
╰──────────────────────────────────────────────────────────────────────────────╯
╭──────────────────────────────────────────────────────────────────────────────╮
│             📡 COMMAND DASHBOARD ACTIVE : http://127.0.0.1:8000              │
╰──────────────────────────────────────────────────────────────────────────────╯
                   ● SYSTEM READY PRESS [CTRL+C] TO TERMINATE                   
004💻E103❌01 0 0 0 0 0 000 000.0💎00|00 ⏱️2m09.788s🌐spade69.co
002🚚E301❌02 0 0 0 0 0 000 000.0💎00|00 ⏱️2m18.972s🌐crown69.co
003🚚E301❌03 0 0 0 0 0 000 000.0💎00|00 ⏱️2m22.142s🌐glorya77.com
006🚚E301❌04 0 0 0 0 0 000 000.0💎00|00 ⏱️2m22.673s🌐pesi13.com
010🚚E301❌05 0 0 0 0 0 000 000.0💎00|00 ⏱️2m22.379s🌐unitedau.com
011🚚E301❌06 0 0 0 0 0 000 000.0💎00|00 ⏱️2m22.703s🌐bonus96.com
009🚚E301❌07 0 0 0 0 0 000 000.0💎00|00 ⏱️2m23.687s🌐wildspin24.com
012🚚E301❌08 0 0 0 0 0 000 000.0💎00|00 ⏱️2m23.353s🌐panda95au.com
014🚚E301❌09 0 0 0 0 0 000 000.0💎00|00 ⏱️2m23.270s🌐audwin9.com
013🚚E301❌10 0 0 0 0 0 000 000.0💎00|00 ⏱️2m23.838s🌐pokies4bet.com
019🚚E301❌11 0 0 0 0 0 000 000.0💎00|00 ⏱️2m24.195s🌐topaz33.com
017🚚E301❌12 0 0 0 0 0 000 000.0💎00|00 ⏱️2m24.817s🌐thepokies33.com
007✅DONE✅01 20 10 10 10 10 014 000.0💎00|00 ⏱️2m27.884s🌐ufo9.asia
016🚚E301❌01 20 10 10 10 10 006 000.0💎00|00 ⏱️2m26.282s🌐truewin77.com
020🚚E301❌02 20 10 10 10 10 005 000.0💎00|00 ⏱️2m25.821s🌐ff96au.com
015🚚E301❌03 20 10 10 10 10 006 000.0💎00|00 ⏱️2m28.787s🌐diamondaud.com
005✅DONE✅01 40 20 20 20 20 040 000.0💎00|00 ⏱️2m34.584s🌐aud365.co
021🚚E301❌01 20 20 20 20 20 009 000.0💎00|00 ⏱️2m30.675s🌐vvip15au.com
024💻E103❌02 20 20 20 20 20 008 000.0💎00|00 ⏱️2m27.967s🌐cbr8aus.com
022🚚E301❌03 20 20 10 10 10 009 000.0💎00|00 ⏱️2m28.315s🌐efa99aus.com
023🚚E301❌04 20 20 10 10 10 008 000.0💎00|00 ⏱️2m28.446s🌐jaws68.com
025🚚E301❌05 0 20 10 10 10 008 000.0💎00|00 ⏱️2m27.670s🌐onewin9.com
027🚚E301❌06 0 10 10 10 10 007 000.0💎00|00 ⏱️2m26.103s🌐gwin9au.com
026🚚E301❌07 0 10 10 10 10 007 000.0💎00|00 ⏱️2m25.840s🌐intensity2aus.com
028🚚E301❌08 0 10 10 10 10 007 000.0💎00|00 ⏱️2m24.926s🌐prime96.com
029🚚E301❌09 0 10 10 10 10 006 000.0💎00|00 ⏱️2m22.902s🌐dd8au.com
030🚚E301❌10 0 0 10 10 10 006 000.0💎00|00 ⏱️2m19.307s🌐crown777au.com
035🚚E301❌11 0 0 10 10 10 005 000.0💎00|00 ⏱️2m17.907s🌐rtpvictory88.com
034🚚E301❌12 0 0 10 10 10 005 000.0💎00|00 ⏱️2m20.196s🌐cr33au.com
033🚚E301❌13 0 0 10 10 10 006 000.0💎00|00 ⏱️2m20.906s🌐mkaus.co
036🚚E301❌14 0 0 10 10 10 005 000.0💎00|00 ⏱️2m20.315s🌐keno99.com
031✅DONE✅01 20 10 15 15 15 009 000.0💎00|00 ⏱️2m23.914s🌐ispeed88au.com
032✅DONE✅02 40 20 15 15 15 012 000.0💎00|00 ⏱️2m26.314s🌐jw8au.com
037🚚E301❌01 40 20 15 15 15 010 000.0💎00|00 ⏱️2m25.314s🌐ijoker88au.com
038🚚E301❌02 40 20 15 15 15 010 000.0💎00|00 ⏱️2m25.154s🌐sapphireaud.com
039🚚E301❌03 40 20 15 15 15 010 000.0💎00|00 ⏱️2m24.831s🌐cyberpunk369.com
040🚚E301❌04 20 20 10 10 10 010 000.0💎00|00 ⏱️2m24.550s🌐race96.com
042🚚E301❌05 0 20 10 10 10 009 000.0💎00|00 ⏱️2m24.240s🌐ii89au.com
043🚚E301❌06 0 20 10 10 10 009 000.0💎00|00 ⏱️2m23.896s🌐mee88aus.com
047🚚E301❌07 0 20 10 10 10 008 000.0💎00|00 ⏱️2m22.347s🌐aud99.com
044🚚E301❌08 0 20 10 10 10 009 000.0💎00|00 ⏱️2m22.651s🌐weplay88.com
048🚚E301❌09 0 10 10 10 10 008 000.0💎00|00 ⏱️2m19.486s🌐world99aud.com
046🚚E301❌10 0 0 10 10 10 008 000.0💎00|00 ⏱️2m18.028s🌐richspinau.com
049🚚E301❌11 0 0 10 10 10 008 000.0💎00|00 ⏱️2m17.286s🌐venus55.com
050🚚E301❌12 0 0 10 10 10 008 000.0💎00|00 ⏱️2m17.533s🌐9au.com
041✅DONE✅01 20 10 15 15 15 012 000.0💎00|00 ⏱️2m22.405s🌐cergas.online
051🚚E301❌01 20 10 15 15 15 009 000.0💎00|00 ⏱️2m20.343s🌐thestar.asia
052🚚E301❌02 20 10 15 15 15 009 000.0💎00|00 ⏱️2m20.152s🌐pokiesbillion.com
045✅DONE✅01 40 20 20 20 20 013 000.0💎00|00 ⏱️2m24.270s🌐iw99au.com
053🚚E301❌01 40 20 20 12 12 011 000.0💎00|00 ⏱️2m22.702s🌐candymommy.co
054🚚E301❌02 20 20 20 12 12 011 000.0💎00|00 ⏱️2m22.830s🌐cyberbet77.com
055🚚E301❌03 20 20 15 12 12 010 000.0💎00|00 ⏱️2m22.617s🌐royalaud.com
056🚚E301❌04 20 20 10 12 12 010 000.0💎00|00 ⏱️2m21.994s🌐reef33.vip
057🚚E301❌05 0 20 10 12 12 010 000.0💎00|00 ⏱️2m21.701s🌐mrpokies77.com
058🚚E301❌06 0 20 10 12 12 010 000.0💎00|00 ⏱️2m20.799s🌐spincrown33.com
065💻E103❌07 0 10 10 12 12 009 000.0💎00|00 ⏱️2m14.881s🌐efa777.com
059🚚E301❌08 0 10 10 12 12 010 000.0💎00|00 ⏱️2m15.771s🌐skygate9au.com
060🚚E301❌09 0 10 10 12 12 010 000.0💎00|00 ⏱️2m15.309s🌐win99aud.com
061🚚E301❌10 0 0 10 12 12 009 000.0💎00|00 ⏱️2m12.376s🌐bondi333.com
063🚚E301❌11 0 0 10 12 12 009 000.0💎00|00 ⏱️2m11.344s🌐we1winau.com
062🚚E301❌12 0 0 10 12 12 009 000.0💎00|00 ⏱️2m11.327s🌐play77au.com
064🚚E301❌13 0 0 10 12 12 009 000.0💎00|00 ⏱️2m10.987s🌐harbour33.com
066🚚E301❌14 0 0 10 10 10 009 000.0💎00|00 ⏱️2m10.177s🌐dolphin88.co
067🚚E301❌15 0 0 10 10 10 008 000.0💎00|00 ⏱️2m09.857s🌐rolex9.net
068🚚E301❌16 0 0 10 10 10 008 000.0💎00|00 ⏱️2m09.639s🌐crown155au.com
069🚚E301❌17 0 0 5 10 10 008 000.0💎00|00 ⏱️2m11.176s🌐royale9au.com
070🚚E301❌18 0 0 5 8 8 008 000.0💎00|00 ⏱️2m11.177s🌐riches88.live
071🚚E301❌19 0 0 5 8 8 008 000.0💎00|00 ⏱️2m10.871s🌐speedau.live
073🚚E301❌20 0 0 0 8 8 008 000.0💎00|00 ⏱️2m10.550s🌐22pokies.com
072🚚E301❌21 0 0 0 8 8 008 000.0💎00|00 ⏱️2m11.380s🌐spaceman369.com
076🚚E301❌22 0 0 0 8 8 007 000.0💎00|00 ⏱️2m10.197s🌐vv88aud.io
074🚚E301❌23 0 0 0 8 8 008 000.0💎00|00 ⏱️2m10.971s🌐play99au.com
078🚚E301❌24 0 0 0 8 8 007 000.0💎00|00 ⏱️2m10.214s🌐starspin996.com
075🚚E301❌25 0 0 0 8 8 008 000.0💎00|00 ⏱️2m11.341s🌐in8.one
077🚚E301❌26 0 0 0 8 8 007 000.0💎00|00 ⏱️2m11.298s🌐me99aud.com
080🚚E301❌27 0 0 0 8 8 007 000.0💎00|00 ⏱️2m10.387s🌐safeau.net
079🚚E301❌28 0 0 0 8 8 007 000.0💎00|00 ⏱️2m10.710s🌐luxe66.com
081🚚E301❌29 0 0 0 8 8 007 000.0💎00|00 ⏱️2m10.944s🌐skyspin96.co
082🚚E301❌30 0 0 0 8 8 007 000.0💎00|00 ⏱️2m11.050s🌐king88pokies.com
084🚚E301❌31 0 0 0 8 8 007 000.0💎00|00 ⏱️2m10.228s🌐mrbean9.com
085🚚E301❌32 0 0 0 8 8 007 000.0💎00|00 ⏱️2m10.058s🌐luxeau777.com
086🚚E301❌33 0 0 0 6 6 006 000.0💎00|00 ⏱️2m09.247s🌐zeroaud.com
088🚚E301❌34 0 0 0 4 4 006 000.0💎00|00 ⏱️2m09.112s🌐lego66.co
087✅DONE✅01 20 10 5 6 6 008 000.0💎00|00 ⏱️2m09.497s🌐mrbet9au.info
089🚚E301❌01 20 10 5 6 6 007 000.0💎00|00 ⏱️2m08.838s🌐deep668.co
090🚚E301❌02 20 10 5 6 6 007 000.0💎00|00 ⏱️2m08.627s🌐gold77au.com
091🚚E301❌03 20 10 5 6 6 007 000.0💎00|00 ⏱️2m08.188s🌐audgaming8.com
094🚚E301❌04 20 10 5 6 6 007 000.0💎00|00 ⏱️2m06.688s🌐top1cas.com
093🚚E301❌05 0 10 5 6 6 007 000.0💎00|00 ⏱️2m06.409s🌐1bigwin.com
092🚚E301❌06 0 10 5 6 6 007 000.0💎00|00 ⏱️2m06.714s🌐betus10.co
097🚚E301❌07 0 10 5 6 6 007 000.0💎00|00 ⏱️2m05.375s🌐ezaud.com
098🚚E301❌08 0 10 5 6 6 007 000.0💎00|00 ⏱️2m05.247s🌐trust88au.com
099🚚E301❌09 0 10 5 6 6 007 000.0💎00|00 ⏱️2m05.041s🌐u88aud.com
095✅DONE✅01 20 10 10 8 8 008 000.0💎00|00 ⏱️2m07.325s🌐waboom77.com
101🚚E301❌01 20 10 10 8 8 007 000.0💎00|00 ⏱️2m05.679s🌐cashnet99.com
100🚚E301❌02 20 10 10 6 6 008 000.0💎00|00 ⏱️2m06.095s🌐rubyaud.com
104🚚E301❌03 20 10 10 6 6 007 000.0💎00|00 ⏱️2m05.095s🌐neolux.vip
103🚚E301❌04 20 10 10 6 6 007 000.0💎00|00 ⏱️2m05.779s🌐kangaroobet88.com
105💻E103❌05 0 10 10 4 4 007 000.0💎00|00 ⏱️2m04.390s🌐tab968.com
102✅DONE✅01 20 20 15 6 9 008 000.0💎00|00 ⏱️2m06.858s🌐fuckmate.co
106🚚E301❌01 20 20 15 6 9 008 000.0💎00|00 ⏱️2m06.030s🌐ubet96.com
109🚚E301❌02 20 20 15 6 9 008 000.0💎00|00 ⏱️2m05.033s🌐fantasy33.com
107🚚E301❌03 20 20 15 6 9 008 000.0💎00|00 ⏱️2m05.260s🌐iau9.com
108🚚E301❌04 20 10 10 6 9 008 000.0💎00|00 ⏱️2m03.033s🌐sp77aud.co
110🚚E301❌05 0 10 10 6 9 008 000.0💎00|00 ⏱️2m02.947s🌐neiro55.com
111🚚E301❌06 0 10 10 6 9 008 000.0💎00|00 ⏱️2m03.038s🌐auwin7.com
112🚚E301❌07 0 10 10 6 9 008 000.0💎00|00 ⏱️2m02.994s🌐southern9.com
113🚚E301❌08 0 10 10 6 9 007 000.0💎00|00 ⏱️2m03.008s🌐maxspin7.com
115🚚E301❌09 0 10 10 6 9 007 000.0💎00|00 ⏱️2m03.524s🌐vip77.club
116🚚E301❌10 0 0 10 6 9 007 000.0💎00|00 ⏱️2m01.387s🌐spinfortune777.com
117🚚E301❌11 0 0 10 6 9 007 000.0💎00|00 ⏱️2m01.424s🌐ubet66aus.com
118🚚E301❌12 0 0 10 6 9 007 000.0💎00|00 ⏱️2m01.694s🌐au21.net
119🚚E301❌13 0 0 10 6 8 007 000.0💎00|00 ⏱️2m01.512s🌐super996.com
120🚚E301❌14 0 0 5 6 8 007 000.0💎00|00 ⏱️2m01.579s🌐pokiesking1.com
121🚚E301❌15 0 0 5 6 8 007 000.0💎00|00 ⏱️2m00.996s🌐fc8au.com
123🚚E301❌16 0 0 5 6 8 007 000.0💎00|00 ⏱️2m00.004s🌐galaxyau.com
122🚚E301❌17 0 0 5 6 7 007 000.0💎00|00 ⏱️2m00.712s🌐kangaroo88.com
126🚚E301❌18 0 0 5 6 7 007 000.0💎00|00 ⏱️1m59.355s🌐eebet9.com
125🚚E301❌19 0 0 5 6 7 007 000.0💎00|00 ⏱️2m00.053s🌐aus789.com
127🚚E301❌20 0 0 0 6 7 007 000.0💎00|00 ⏱️1m59.553s🌐boyabet9.com
128🚚E301❌21 0 0 0 6 7 007 000.0💎00|00 ⏱️1m59.410s🌐wombats88.com
130🚚E301❌22 0 0 0 6 7 006 000.0💎00|00 ⏱️1m58.687s🌐1winbet369.com
129🚚E301❌23 0 0 0 6 7 006 000.0💎00|00 ⏱️1m59.114s🌐spinking.co
131🚚E301❌24 0 0 0 6 7 006 000.0💎00|00 ⏱️1m58.508s🌐ss9au.net
132🚚E301❌25 0 0 0 6 7 006 000.0💎00|00 ⏱️1m58.492s🌐ausbet88.com
134🚚E301❌26 0 0 0 6 7 006 000.0💎00|00 ⏱️1m58.010s🌐betman9.com
133🚚E301❌27 0 0 0 6 7 006 000.0💎00|00 ⏱️1m58.102s🌐kingdom9aus.com
124🚚E301❌28 0 0 0 6 7 007 000.0💎00|00 ⏱️2m05.638s🌐wildngo.net
135🚚E301❌29 0 0 0 6 7 006 000.0💎00|00 ⏱️2m02.662s🌐decho34.com
136🚚E301❌30 0 0 0 6 7 006 000.0💎00|00 ⏱️2m02.992s🌐okwin33.com
139🚚E301❌31 0 0 0 6 7 006 000.0💎00|00 ⏱️2m01.960s🌐bigpay77.net
137✅DONE✅01 20 10 5 8 7 007 000.0💎00|00 ⏱️2m03.457s🌐nightclubaus.com
143💻E403❌01 20 10 5 8 6 006 000.0💎00|00 ⏱️2m00.944s🌐koala88.co
140✅DONE✅01 40 20 10 8 7 007 000.0💎00|00 ⏱️2m02.498s🌐19rich.com
141🚚E301❌01 40 20 10 8 7 007 000.0💎00|00 ⏱️2m02.116s🌐jk123au.com
142🚚E301❌02 40 20 10 8 7 007 000.0💎00|00 ⏱️2m01.881s🌐kingtech88.com
144🚚E301❌03 20 20 10 8 7 007 000.0💎00|00 ⏱️2m00.960s🌐acehighwin.com
145🚚E301❌04 20 20 10 8 7 007 000.0💎00|00 ⏱️1m55.604s🌐auboss.co
146🚚E301❌05 0 20 10 8 7 007 000.0💎00|00 ⏱️1m55.184s🌐emax7.co
147🚚E301❌06 0 20 10 8 7 007 000.0💎00|00 ⏱️1m54.446s🌐slotmate88.com
148🚚E301❌07 0 20 10 8 7 007 000.0💎00|00 ⏱️1m54.248s🌐rolex66.vip
149🚚E301❌08 0 10 10 8 7 007 000.0💎00|00 ⏱️1m53.074s🌐aud2u.com
150🚚E301❌09 0 10 10 8 7 007 000.0💎00|00 ⏱️1m54.280s🌐pokies33au.com
138🚚E301❌10 0 0 10 6 7 007 000.0💎00|00 ⏱️2m03.683s🌐pokies7bet.com
152🚚E301❌11 0 0 10 6 7 007 000.0💎00|00 ⏱️2m00.544s🌐7pokies.com
153🚚E301❌12 0 0 10 6 6 007 000.0💎00|00 ⏱️2m00.331s🌐live77bet.com
155🚚E301❌13 0 0 10 6 6 007 000.0💎00|00 ⏱️1m59.875s🌐bunny96.com
156🚚E301❌14 0 0 10 6 6 007 000.0💎00|00 ⏱️1m59.627s🌐intensityaus.com
154🚚E301❌15 0 0 10 6 5 007 000.0💎00|00 ⏱️2m00.655s🌐goldencrown96.com
158🚚E301❌16 0 0 10 4 5 006 000.0💎00|00 ⏱️1m59.600s🌐nextpokies.com
157🚚E301❌17 0 0 10 4 5 007 000.0💎00|00 ⏱️1m59.812s🌐magicspin77aus.com
160🚚E301❌18 0 0 5 4 5 006 000.0💎00|00 ⏱️1m59.003s🌐lion88.website
159🚚E301❌19 0 0 5 4 5 006 000.0💎00|00 ⏱️1m58.904s🌐mrpoint.co
161🚚E301❌20 0 0 0 4 5 006 000.0💎00|00 ⏱️1m51.328s🌐gofun33.com
162🚚E301❌21 0 0 0 4 5 006 000.0💎00|00 ⏱️1m50.861s🌐i8au.online
163🚚E301❌22 0 0 0 4 5 006 000.0💎00|00 ⏱️1m50.755s🌐all117.com
166🚚E301❌23 0 0 0 4 5 006 000.0💎00|00 ⏱️1m49.927s🌐vpower8.com
164🚚E301❌24 0 0 0 4 5 006 000.0💎00|00 ⏱️1m50.380s🌐aucloud9.com
165🚚E301❌25 0 0 0 4 5 006 000.0💎00|00 ⏱️1m49.740s🌐betworld168.vip
167🚚E301❌26 0 0 0 4 5 006 000.0💎00|00 ⏱️1m49.205s🌐tnt99au.com
169🚚E301❌27 0 0 0 4 5 006 000.0💎00|00 ⏱️1m48.418s🌐on88aud.io
168🚚E301❌28 0 0 0 4 5 006 000.0💎00|00 ⏱️1m48.646s🌐solidluck33.com
170🚚E301❌29 0 0 0 4 5 006 000.0💎00|00 ⏱️1m48.077s🌐win29.club
171🚚E301❌30 0 0 0 4 5 006 000.0💎00|00 ⏱️1m48.119s🌐fatchoy66.club
173🚚E301❌31 0 0 0 4 5 006 000.0💎00|00 ⏱️1m47.595s🌐ssv96.com
172🚚E301❌32 0 0 0 4 5 006 000.0💎00|00 ⏱️1m48.173s🌐raabet9.com
174🚚E301❌33 0 0 0 4 5 006 000.0💎00|00 ⏱️1m47.845s🌐clubimperioaus.com
176🚚E301❌34 0 0 0 4 5 006 000.0💎00|00 ⏱️1m47.830s🌐mmd9.net
177🚚E301❌35 0 0 0 4 5 006 000.0💎00|00 ⏱️1m47.687s🌐1pokies.com
178🚚E301❌36 0 0 0 4 5 006 000.0💎00|00 ⏱️1m47.945s🌐vip99.com
180🚚E301❌37 0 0 0 4 5 006 000.0💎00|00 ⏱️1m47.799s🌐100payau.com
181🚚E301❌38 0 0 0 4 5 006 000.0💎00|00 ⏱️1m47.682s🌐22aud.com
182🚚E301❌39 0 0 0 4 5 006 000.0💎00|00 ⏱️1m47.393s🌐100pokies.com
184🚚E301❌40 0 0 0 4 5 005 000.0💎00|00 ⏱️1m47.055s🌐11win.com
185🚚E301❌41 0 0 0 4 5 005 000.0💎00|00 ⏱️1m46.756s🌐legit99.com
187🚚E301❌42 0 0 0 4 5 005 000.0💎00|00 ⏱️1m46.013s🌐won96.com
183✅DONE✅01 20 10 5 6 6 006 000.0💎00|00 ⏱️1m48.654s🌐class777.com
186🚚E301❌01 20 10 5 6 6 006 000.0💎00|00 ⏱️1m48.615s🌐77au.net
188💻E103❌02 20 10 5 6 6 006 000.0💎00|00 ⏱️1m46.742s🌐99flashwin.com
190🚚E301❌03 20 10 5 6 6 006 000.0💎00|00 ⏱️1m45.937s🌐bs22au.com
191🚚E301❌04 20 10 5 6 6 006 000.0💎00|00 ⏱️1m45.555s🌐a1club88.com
192🚚E301❌05 0 10 5 4 6 006 000.0💎00|00 ⏱️1m45.468s🌐acwin77.com
194🚚E301❌06 0 10 5 4 6 006 000.0💎00|00 ⏱️1m44.830s🌐a9aud.com
195🚚E301❌07 0 10 5 2 5 006 000.0💎00|00 ⏱️1m44.061s🌐9xbetau.com
193🚚E301❌08 0 10 5 2 5 006 000.0💎00|00 ⏱️1m46.611s🌐a99au.com
189🚚E301❌09 0 10 5 2 5 006 000.0💎00|00 ⏱️1m50.380s🌐ac8aus.com
198🚚E301❌10 0 0 5 2 5 006 000.0💎00|00 ⏱️1m46.937s🌐au55.co
199🚚E301❌11 0 0 5 2 5 006 000.0💎00|00 ⏱️1m45.680s🌐aud1000.com
196🚚E301❌12 0 0 5 2 5 006 000.0💎00|00 ⏱️1m49.071s🌐99uber.com
201💻E403❌13 0 0 5 2 5 005 000.0💎00|00 ⏱️1m47.000s🌐auplay.club
200🚚E301❌14 0 0 5 2 5 006 000.0💎00|00 ⏱️1m47.630s🌐7vip7.com
197🚚E301❌15 0 0 5 2 5 006 000.0💎00|00 ⏱️1m51.521s🌐66spin.com
202🚚E301❌16 0 0 5 2 5 005 000.0💎00|00 ⏱️1m50.566s🌐auspay96.com
203🚚E301❌17 0 0 5 2 4 005 000.0💎00|00 ⏱️1m50.480s🌐aus26.com
205💻E403❌18 0 0 5 2 4 005 000.0💎00|00 ⏱️1m47.661s🌐auraaud.com
206🚚E301❌19 0 0 5 2 4 005 000.0💎00|00 ⏱️1m44.888s🌐ausclub.net
207💻E103❌20 0 0 0 2 4 005 000.0💎00|00 ⏱️1m43.095s🌐aussiebt.net
209💻E103❌21 0 0 0 2 4 005 000.0💎00|00 ⏱️1m41.413s🌐aud77.net
204🚚E301❌22 0 0 0 2 4 005 000.0💎00|00 ⏱️1m42.665s🌐audmachine.com
208🚚E301❌23 0 0 0 2 3 005 000.0💎00|00 ⏱️1m42.697s🌐auwin9.com
213💻E103❌24 0 0 0 2 3 005 000.0💎00|00 ⏱️1m41.593s🌐bizzo777.com
212💻E103❌25 0 0 0 2 3 005 000.0💎00|00 ⏱️1m39.365s🌐arkspin.com
214🚚E301❌26 0 0 0 2 3 005 000.0💎00|00 ⏱️1m38.595s🌐betjohn.net
215🚚E301❌27 0 0 0 2 3 005 000.0💎00|00 ⏱️1m38.301s🌐bet365aud.com
218💻E103❌28 0 0 0 2 3 005 000.0💎00|00 ⏱️1m37.330s🌐avengeraus1.com
217🚚E301❌29 0 0 0 2 3 005 000.0💎00|00 ⏱️1m37.578s🌐bn8aus.com
216🚚E301❌30 0 0 0 2 3 005 000.0💎00|00 ⏱️1m39.400s🌐bigpay2u.com
219🚚E301❌31 0 0 0 2 3 005 000.0💎00|00 ⏱️1m39.723s🌐bacca777.com
220🚚E301❌32 0 0 0 2 3 005 000.0💎00|00 ⏱️1m38.062s🌐bonza7.com
222💻E103❌33 0 0 0 2 3 005 000.0💎00|00 ⏱️1m36.327s🌐aussie8.net
224💻E103❌34 0 0 0 2 3 005 000.0💎00|00 ⏱️1m34.285s🌐candylucks.net
227💻E103❌35 0 0 0 2 3 005 000.0💎00|00 ⏱️1m31.689s🌐cn8au.com
223💻E103❌36 0 0 0 2 3 005 000.0💎00|00 ⏱️1m32.849s🌐cashking99.com
228💻E103❌37 0 0 0 2 3 005 000.0💎00|00 ⏱️1m30.593s🌐bybid9.com
225🚚E301❌38 0 0 0 2 3 005 000.0💎00|00 ⏱️1m31.692s🌐bonza96.com
221🚚E301❌39 0 0 0 2 3 005 000.0💎00|00 ⏱️1m33.857s🌐cocspin.com
229💻E403❌40 0 0 0 2 3 005 000.0💎00|00 ⏱️1m30.830s🌐cuntcunt.com
230💻E103❌41 0 0 0 2 3 005 000.0💎00|00 ⏱️1m29.619s🌐bmb99.com
226🚚E301❌42 0 0 0 2 3 005 000.0💎00|00 ⏱️1m32.269s🌐crown69.com
175💻E103❌43 0 0 0 2 3 006 000.0💎00|00 ⏱️2m18.771s🌐aus33.com
234💻E103❌44 0 0 0 2 3 005 000.0💎00|00 ⏱️2m01.130s🌐day2spin.com
232💻E530❌45 0 0 0 2 3 005 000.0💎00|00 ⏱️2m02.261s🌐e99au.com
231🚚E301❌46 0 0 0 2 3 005 000.0💎00|00 ⏱️2m03.522s🌐dg6au.com
237💻E103❌47 0 0 0 2 3 005 000.0💎00|00 ⏱️2m01.669s🌐eway7.com
236💻E103❌48 0 0 0 2 3 005 000.0💎00|00 ⏱️2m02.140s🌐ea99aud.com
233🚚E301❌49 0 0 0 2 3 005 000.0💎00|00 ⏱️2m02.040s🌐diceau.online
235🚚E301❌50 0 0 0 0 3 005 000.0💎00|00 ⏱️2m02.667s🌐cuntsick.com
238🚚E301❌51 0 0 0 0 3 005 000.0💎00|00 ⏱️2m02.890s🌐crn7.com
240🚚E301❌52 0 0 0 0 3 005 000.0💎00|00 ⏱️2m00.616s🌐33spins.com
242🚚E301❌53 0 0 0 0 3 004 000.0💎00|00 ⏱️1m30.953s🌐fortune88au.com
244🚚E301❌54 0 0 0 0 3 004 000.0💎00|00 ⏱️1m31.661s🌐gday77au.com
245🚚E301❌55 0 0 0 0 2 004 000.0💎00|00 ⏱️1m32.174s🌐freeaud.co
246🚚E301❌56 0 0 0 0 2 004 000.0💎00|00 ⏱️1m30.946s🌐fastau.co
247🚚E301❌57 0 0 0 0 1 004 000.0💎00|00 ⏱️1m32.276s🌐ex77au.com
243🚚E301❌58 0 0 0 0 1 004 000.0💎00|00 ⏱️1m34.879s🌐faraday.in
249💻E103❌59 0 0 0 0 1 004 000.0💎00|00 ⏱️1m31.833s🌐amb88.cc
250💻E103❌60 0 0 0 0 1 004 000.0💎00|00 ⏱️1m30.074s🌐gucci9.vip
248🚚E301❌61 0 0 0 0 1 004 000.0💎00|00 ⏱️1m32.057s🌐enjoy007.com
253💻E103❌62 0 0 0 0 1 004 000.0💎00|00 ⏱️1m29.807s🌐goldbet9.net
251🚚E301❌63 0 0 0 0 1 004 000.0💎00|00 ⏱️1m30.416s🌐ilovejili.net
255💻E103❌64 0 0 0 0 1 004 000.0💎00|00 ⏱️1m28.301s🌐god88aus.com
252🚚E301❌65 0 0 0 0 1 004 000.0💎00|00 ⏱️1m29.096s🌐gwin77.com
254🚚E301❌66 0 0 0 0 1 004 000.0💎00|00 ⏱️1m28.655s🌐gday9.com
256🚚E301❌67 0 0 0 0 1 004 000.0💎00|00 ⏱️1m27.723s🌐auspin88.vip
257💻E103❌68 0 0 0 0 1 004 000.0💎00|00 ⏱️1m24.766s🌐joker33.club
258🚚E301❌69 0 0 0 0 1 004 000.0💎00|00 ⏱️1m25.520s🌐galaxy96au.com
260💻E103❌70 0 0 0 0 1 004 000.0💎00|00 ⏱️1m25.049s🌐kingpay77au.com
259🚚E301❌71 0 0 0 0 1 004 000.0💎00|00 ⏱️1m24.076s🌐iwin88au.com
262💻E403❌72 0 0 0 0 1 004 000.0💎00|00 ⏱️1m23.835s🌐jokers11.com
261💻E103❌73 0 0 0 0 1 004 000.0💎00|00 ⏱️1m24.103s🌐irich88.co
265💻E103❌74 0 0 0 0 1 004 000.0💎00|00 ⏱️1m23.195s🌐luckyangels.co
263💻E103❌75 0 0 0 0 1 004 000.0💎00|00 ⏱️1m23.666s🌐imillion88.com
266🚚E301❌76 0 0 0 0 1 004 000.0💎00|00 ⏱️1m22.828s🌐hotpokies88.com
267💻E103❌77 0 0 0 0 1 004 000.0💎00|00 ⏱️1m22.634s🌐mate96.com
268💻E103❌78 0 0 0 0 1 004 000.0💎00|00 ⏱️1m22.472s🌐luckau.co
271💻E103❌79 0 0 0 0 1 004 000.0💎00|00 ⏱️1m20.834s🌐micky13.net
272💻E103❌80 0 0 0 0 1 004 000.0💎00|00 ⏱️1m20.584s🌐kingsman369.co
275💻E103❌81 0 0 0 0 1 004 000.0💎00|00 ⏱️1m18.571s🌐methmeth.com
273🚚E301❌82 0 0 0 0 1 004 000.0💎00|00 ⏱️1m20.414s🌐kangaspin.com
276🚚E301❌83 0 0 0 0 1 004 000.0💎00|00 ⏱️1m19.660s🌐msn33.com
269💻E103❌84 0 0 0 0 1 004 000.0💎00|00 ⏱️1m26.818s🌐luckyozzie1.com
277🚚E301❌85 0 0 0 0 1 004 000.0💎00|00 ⏱️1m24.601s🌐maxim88au.com
270💻E530❌86 0 0 0 0 1 004 000.0💎00|00 ⏱️1m31.115s🌐live11.vip
278🚚E301❌87 0 0 0 0 1 004 000.0💎00|00 ⏱️1m29.070s🌐mrwin77au.com
280💻E103❌88 0 0 0 0 1 004 000.0💎00|00 ⏱️1m28.532s🌐penguinwin.com
281💻E103❌89 0 0 0 0 1 004 000.0💎00|00 ⏱️1m28.300s🌐millionaireaud.com
239💻E104❌90 0 0 0 0 1 005 000.0💎00|00 ⏱️2m08.645s🌐enjoy2win99.com
283💻E403❌91 0 0 0 0 1 004 000.0💎00|00 ⏱️1m54.778s🌐methking.com
279🚚E301❌92 0 0 0 0 1 004 000.0💎00|00 ⏱️1m55.734s🌐m88win.vip
282🚚E301❌93 0 0 0 0 1 004 000.0💎00|00 ⏱️1m55.005s🌐mrpay9.com
241💻E104❌94 0 0 0 0 1 004 000.0💎00|00 ⏱️2m31.955s🌐fafaau.com
286💻E103❌95 0 0 0 0 1 004 000.0💎00|00 ⏱️2m13.781s🌐mummyaus.com
284🚚E301❌96 0 0 0 0 1 004 000.0💎00|00 ⏱️2m09.843s🌐payday247.net
285🚚E301❌97 0 0 0 0 1 004 000.0💎00|00 ⏱️2m09.874s🌐retro33.com
287🚚E301❌98 0 0 0 0 1 004 000.0💎00|00 ⏱️2m10.209s🌐gcity56.com
289💻E530❌99 0 0 0 0 1 004 000.0💎00|00 ⏱️2m09.905s🌐monica999.co
290🚚E301❌100 0 0 0 0 0 004 000.0💎00|00 ⏱️1m45.122s🌐ohyes66.com
291🚚E301❌101 0 0 0 0 0 004 000.0💎00|00 ⏱️1m45.571s🌐glorybet88au.com
293💻E103❌102 0 0 0 0 0 004 000.0💎00|00 ⏱️1m43.541s🌐r8aud.com
292🚚E301❌103 0 0 0 0 0 004 000.0💎00|00 ⏱️1m43.638s🌐pg9aus.com
294💻E530❌104 0 0 0 0 0 004 000.0💎00|00 ⏱️1m17.629s🌐spbo11.vip
296🚚E301❌105 0 0 0 0 0 004 000.0💎00|00 ⏱️1m18.016s🌐nezha22.com
297💻E103❌106 0 0 0 0 0 004 000.0💎00|00 ⏱️1m16.863s🌐pt77au.club
299💻E103❌107 0 0 0 0 0 004 000.0💎00|00 ⏱️1m15.182s🌐slotmeth.com
298🚚E301❌108 0 0 0 0 0 004 000.0💎00|00 ⏱️1m15.298s🌐ioi6.com
301💻E103❌109 0 0 0 0 0 003 000.0💎00|00 ⏱️1m14.184s🌐township64.com
300🚚E301❌110 0 0 0 0 0 004 000.0💎00|00 ⏱️1m14.709s🌐richboy.co
303💻E103❌111 0 0 0 0 0 003 000.0💎00|00 ⏱️1m13.073s🌐scr111.com
264💻E103❌112 0 0 0 0 0 004 000.0💎00|00 ⏱️1m49.899s🌐blackpokies.com
302💻E403❌113 0 0 0 0 0 003 000.0💎00|00 ⏱️1m38.498s🌐pokies2u.com
305💻E103❌114 0 0 0 0 0 003 000.0💎00|00 ⏱️1m37.301s🌐kuromiau.com
304💻E103❌115 0 0 0 0 0 003 000.0💎00|00 ⏱️1m38.052s🌐tony99aus.com
310💻E103❌116 0 0 0 0 0 003 000.0💎00|00 ⏱️1m36.298s🌐royal9au.com
306🚚E301❌117 0 0 0 0 0 003 000.0💎00|00 ⏱️1m39.824s🌐wabet77.com
307💻E103❌118 0 0 0 0 0 003 000.0💎00|00 ⏱️1m39.791s🌐speedwin99.com
308🚚E301❌119 0 0 0 0 0 003 000.0💎00|00 ⏱️1m40.551s🌐sure66.com
309🚚E301❌120 0 0 0 0 0 003 000.0💎00|00 ⏱️1m40.227s🌐coospin.com
274💻E103❌121 0 0 0 0 0 004 000.0💎00|00 ⏱️2m18.321s🌐mrlucky9.com
295💻E103❌122 0 0 0 0 0 004 000.0💎00|00 ⏱️2m10.371s🌐ibet9au.com

╭──────────────────────────────────────────────────────────────────────────────╮
│                                                                              │
│                        ╭─────── 🏁 RESULTS ────────╮                         │
│                        │ Scraping Complete         │                         │
│                        │   Sites Scraped:  302     │                         │
│                        │   Successful:    12       │                         │
│                        │   Failed:        290      │                         │
│                        │   Success Rate:  4.0%     │                         │
│                        │   Bonuses Found: 13       │                         │
│                        │   New Bonuses:   0        │                         │
│                        │   Elapsed:       00:01:23 │                         │
│                        ╰───────────────────────────╯                         │
│                                                                              │
╰──────────────────────────────────────────────────────────────────────────────╯
                      ● Dashboard at http://127.0.0.1:8000                      
