╭──────────────────────── 🚀 Bonus Scraper Engine v5.0 ────────────────────────╮
│                                                                              │
│ ╭─ ⚡ PERFORMANCE ──╮╭─ 🌐 INFRASTRUCTUR─╮╭───── 📋 JOB ─────╮╭── ERRORS ──╮ │
│ │  Concurrency      ││  Proxy Pool       ││  URLs Queued     ││ ✅ OK      │ │
│ │  20 Workers       ││  0 Active         ││  637             ││ 👻 404     │ │
│ │  Throughput       ││  Proxy Logic      ││  Shuffle         ││ 🚫 403     │ │
│ │  ~600 URLs/min    ││  Per-Worker Pool  ││  No              ││ 🚚 301     │ │
│ │  Delays           │╰───────────────────╯╰──────────────────╯│ 📡 101     │ │
│ │  2.0-2.0s         │                                         │ ☁️ 503     │ │
│ │  Timeout          │                                         │ 🐌 Lag     │ │
│ │  15s              │                                         │ 📉 Track   │ │
│ ╰───────────────────╯                                         │            │ │
│ ╭─ 💻 ENVIRONMENT ──╮╭─ 📊 SYSTEM HEALTH─╮╭── 🛡️ SECURITY ───╮│            │ │
│ │  OS               ││  Status           ││  Auth User       ││            │ │
│ │  Android          ││  🟥 0%            ││  admin           ││            │ │
│ │  Py Version       ││  🔴 10%           ││  SSL Check       ││            │ │
│ │  3.13.13          ││  ❤️  20%          ││  Disabled        ││            │ │
│ ╰───────────────────╯│  🟧 25%           ││  IP Reputation   ││            │ │
│                      │  🟠 35%           ││  0/100           ││            │ │
│                      │  🧡 45%           │╰──────────────────╯│            │ │
│                      │  🟨 50%           │                    │            │ │
│                      │  🟡 60%           │                    ╰────────────╯ │
│                      │  💛 70%           │                                   │
│                      │  🟩 75%           │                                   │
│                      │  🟢 85%           │                                   │
│                      │  💚 95%           │                                   │
│                      │  💚 100%          │                                   │
│                      ╰───────────────────╯                                   │
│ ╭───────────────────────────── 🕵️ USER AGENT ──────────────────────────────╮ │
│ │  User Agent Identity                                                     │ │
│ │  Mozilla/5.0 (Windows NT 10.0; Win64; x64) AppleWebKit/537.36 (KHTML,    │ │
│ │  like Gecko) Chrome/120.0.0.0 Safari/537.36                              │ │
│ ╰──────────────────────────────────────────────────────────────────────────╯ │
│                                                                              │
╰──────────────────────────────────────────────────────────────────────────────╯
╭──────────────────────────────────────────────────────────────────────────────╮
│             📡 COMMAND DASHBOARD ACTIVE : http://127.0.0.1:8000              │
╰──────────────────────────────────────────────────────────────────────────────╯
                   ● SYSTEM READY PRESS [CTRL+C] TO TERMINATE                   
011💻E103❌01 0 0 0 0 0 000 000.0💎00|00 ⏱️2m24.365s🌐22luckyspin.com
002🚚E301❌02 0 0 0 0 0 000 000.0💎00|00 ⏱️2m30.694s🌐12playau.com
007🚚E301❌03 0 0 0 0 0 000 000.0💎00|00 ⏱️2m31.215s🌐1aupokies.com
009🚚E301❌04 0 0 0 0 0 000 000.0💎00|00 ⏱️2m31.687s🌐1pokies.com
003🚚E301❌05 0 0 0 0 0 000 000.0💎00|00 ⏱️2m34.098s🌐100payau.com
015🚚E301❌06 0 0 0 0 0 000 000.0💎00|00 ⏱️2m31.254s🌐44spin.com
020🚚E301❌07 0 0 0 0 0 000 000.0💎00|00 ⏱️2m31.476s🌐77au.net
018🚚E301❌08 0 0 0 0 0 000 000.0💎00|00 ⏱️2m36.832s🌐66spin.com
005🚚E301❌09 0 0 0 0 0 000 000.0💎00|00 ⏱️2m45.394s🌐1bigwin.com
021💻E103❌10 0 0 0 0 0 014 004.8💎00|01 ⏱️2m37.572s🌐aba33aus.com
010✅DONE✅02 40 20 20 20 20 030 010.0💎00|01 ⏱️2m52.585s🌐22aud.com
016✅DONE✅01 20 10 10 10 10 018 006.2💎00|01 ⏱️2m45.144s🌐77pokies.com
008🚚E301❌01 40 20 20 20 20 037 012.5💎00|01 ⏱️2m59.035s🌐1spinnwin.com
012✅DONE✅01 60 30 30 30 30 033 016.7💎01|02 ⏱️3m03.906s🌐1winbet369.com
019✅DONE✅02 80 40 40 40 40 026 015.8💎01|03 ⏱️3m07.541s🌐7pokies.com
014✅DONE✅03 80 50 50 50 50 042 021.4💎00|03 ⏱️3m15.461s🌐22pokies.com
027💻E103❌01 60 50 50 50 50 022 011.1💎00|03 ⏱️3m08.251s🌐amb88.cc
024🚚E301❌02 60 50 50 50 50 025 012.5💎00|03 ⏱️3m05.361s🌐a1club88.com
025🚚E301❌03 40 50 50 50 50 024 012.0💎00|03 ⏱️3m00.324s🌐7vip7.com
022✅DONE✅01 40 60 30 30 30 031 013.6💎00|03 ⏱️3m08.478s🌐9au.com
023✅DONE✅02 40 60 35 35 35 034 013.0💎00|03 ⏱️3m07.437s🌐9pokies.com
029🚚E301❌01 40 50 35 35 35 027 010.3💎00|03 ⏱️3m00.149s🌐9xbetau.com
026✅DONE✅01 60 60 40 40 40 034 011.5💎00|03 ⏱️3m00.142s🌐acwin77.com
034🚚E301❌01 60 50 40 40 40 026 008.8💎00|03 ⏱️2m51.863s🌐a9aud.com
030✅DONE✅01 60 50 45 45 45 033 016.7💎02|05 ⏱️2m47.881s🌐aud365.co
031🚚E301❌01 40 40 45 45 45 032 016.1💎00|05 ⏱️2m42.745s🌐aawin68.com
035🚚E301❌02 40 40 45 45 45 028 014.3💎00|05 ⏱️2m44.705s🌐ariswin.com
028✅DONE✅01 40 50 50 50 50 039 017.9💎00|05 ⏱️2m51.356s🌐all117.com
036🚚E301❌01 40 50 50 50 50 030 013.9💎00|05 ⏱️2m51.697s🌐ac8aus.com
039💻E103❌02 20 40 50 50 50 028 012.8💎00|05 ⏱️2m46.705s🌐arkspin.com
032✅DONE✅01 40 40 50 50 50 037 015.6💎00|05 ⏱️2m48.815s🌐aristocratau.com
037✅DONE✅02 60 50 50 50 50 035 016.2💎01|06 ⏱️2m51.887s🌐audgo.net
033💻E405❌01 40 40 50 50 50 039 018.2💎00|06 ⏱️2m56.012s🌐a99au.com
038✅DONE✅01 60 50 50 50 50 036 018.4💎01|07 ⏱️2m59.352s🌐aucloud9.com
049💻E103❌01 60 40 45 45 45 028 014.3💎00|07 ⏱️2m53.141s🌐aud77.net
041🚚E301❌02 40 40 40 40 40 034 017.1💎00|07 ⏱️2m57.856s🌐au99.co
050💻E403❌03 20 40 40 40 40 028 014.0💎00|07 ⏱️2m53.191s🌐auplay.club
040✅DONE✅01 40 40 45 45 45 037 017.5💎00|07 ⏱️2m56.052s🌐au55.co
042✅DONE✅02 40 50 50 50 50 038 021.4💎02|09 ⏱️2m56.696s🌐auboss.co
043✅DONE✅03 60 60 50 50 50 039 025.6💎02|11 ⏱️3m00.231s🌐aud99.com
052💻E103❌01 60 50 45 45 45 032 021.2💎00|11 ⏱️2m50.453s🌐aussie8.net
044✅DONE✅01 80 50 50 50 50 040 027.3💎01|12 ⏱️2m52.468s🌐aud2u.com
045✅DONE✅02 80 60 50 50 50 042 028.9💎01|13 ⏱️2m48.763s🌐auslot7.com
046✅DONE✅03 80 60 55 55 55 043 030.4💎01|14 ⏱️2m48.379s🌐aud33.com
047✅DONE✅04 80 70 55 55 55 044 034.0💎02|16 ⏱️2m55.178s🌐audwin9.com
048✅DONE✅05 💯 80 60 60 60 045 039.6💎03|19 ⏱️2m55.922s🌐audgaming8.com
053🚚E301❌01 80 80 60 60 60 041 035.8💎00|19 ⏱️2m56.008s🌐aud1000.com
054✅DONE✅01 80 80 60 60 60 042 037.0💎01|20 ⏱️2m55.978s🌐aus88win.com
065💻E103❌01 60 70 60 60 60 035 030.8💎00|20 ⏱️2m46.679s🌐aussiebt.net
060🚚E301❌02 40 60 60 44 44 038 033.3💎00|20 ⏱️2m44.765s🌐auspin88.vip
062💻E103❌03 20 60 55 44 44 037 032.3💎00|20 ⏱️2m47.664s🌐ausbet99.com
055✅DONE✅01 40 60 55 46 46 043 036.4💎00|20 ⏱️2m50.040s🌐auspay96.com
056✅DONE✅02 40 60 60 48 48 044 037.5💎01|21 ⏱️2m50.704s🌐aus4win.com
057✅DONE✅03 60 60 60 50 50 045 036.8💎00|21 ⏱️2m51.074s🌐aussieluck33au.com
058✅DONE✅04 80 60 65 52 52 046 043.1💎04|25 ⏱️2m51.138s🌐aus2u.com
059✅DONE✅05 💯 60 70 54 54 047 045.8💎02|27 ⏱️2m51.310s🌐aus789.com
066🚚E301❌01 80 60 70 54 54 042 040.9💎00|27 ⏱️2m49.836s🌐aussie55.com
061✅DONE✅01 80 60 70 56 56 047 044.3💎00|27 ⏱️2m51.309s🌐betzilla88.com
063✅DONE✅02 80 70 70 57 57 047 042.9💎00|27 ⏱️2m57.381s🌐betjohn.net
064✅DONE✅03 80 80 70 60 60 048 042.2💎00|27 ⏱️3m01.695s🌐ausclub.net
067✅DONE✅04 80 90 75 60 60 047 041.8💎01|28 ⏱️3m03.801s🌐ausbet88.com
017💻E103❌01 80 80 70 57 57 188 164.7💎00|28 ⏱️4m00.783s🌐5starclub.vip
069🚚E301❌02 60 70 65 57 57 046 040.6💎00|28 ⏱️3m35.572s🌐bigpay2u.com
079💻E103❌03 40 60 60 56 56 040 035.4💎00|28 ⏱️3m24.424s🌐bonsai369.com
073🚚E301❌04 20 50 55 54 54 043 038.4💎00|28 ⏱️3m21.530s🌐avengers80.com
068✅DONE✅01 20 50 55 54 54 048 041.2💎00|28 ⏱️3m22.261s🌐aviator98.com
070✅DONE✅02 40 60 60 56 56 048 044.3💎03|31 ⏱️3m24.887s🌐betus10.co
071🚚E301❌01 40 50 55 56 56 047 043.7💎00|31 ⏱️3m24.796s🌐bankau.live
074✅DONE✅01 60 50 60 57 57 047 043.2💎01|32 ⏱️3m23.118s🌐bigpay77.net
081🚚E301❌01 60 40 60 56 56 043 039.5💎00|32 ⏱️3m15.513s🌐bacca777.com
075✅DONE✅01 60 40 65 56 56 048 042.7💎00|32 ⏱️3m17.779s🌐auwin9.com
078✅DONE✅02 60 50 65 57 57 047 041.0💎00|32 ⏱️2m39.755s🌐bs22au.com
076✅DONE✅03 80 60 65 57 57 050 044.7💎02|34 ⏱️2m45.056s🌐avg88.com
077✅DONE✅04 80 70 65 60 60 051 046.8💎01|36 ⏱️2m51.740s🌐betworld96au.com
072✅DONE✅05 💯 80 65 60 60 055 050.0💎01|36 ⏱️3m00.784s🌐betman9.com
086💻E103❌01 80 70 60 60 60 046 041.9💎00|36 ⏱️2m50.269s🌐bmb99.com
080✅DONE✅01 80 70 65 62 62 051 045.0💎00|36 ⏱️2m52.008s🌐bet365aud.com
082✅DONE✅02 80 80 65 62 62 051 043.9💎00|36 ⏱️2m50.201s🌐afl88.com
084✅DONE✅03 80 80 65 64 64 051 042.9💎00|36 ⏱️2m46.134s🌐class777.com
083✅DONE✅04 80 90 65 66 66 053 043.4💎00|36 ⏱️2m50.605s🌐bx77au.com
089💻E103❌01 80 80 60 64 64 049 040.4💎00|36 ⏱️2m42.452s🌐bybid9.com
093💻E103❌02 60 70 60 62 62 047 038.7💎00|36 ⏱️2m35.032s🌐bm7au.com
091🚚E301❌03 40 60 60 62 62 048 039.6💎00|36 ⏱️2m30.389s🌐bk8aus.com
085✅DONE✅01 40 60 65 62 62 052 042.4💎00|36 ⏱️2m32.118s🌐blaze007.com
087✅DONE✅02 40 60 70 64 64 052 041.4💎00|36 ⏱️2m28.756s🌐bonza96.com
092🚚E301❌01 40 60 65 64 64 050 039.1💎00|36 ⏱️2m29.703s🌐cp2077.org
088✅DONE✅01 60 60 65 66 66 053 044.3💎03|39 ⏱️2m30.834s🌐bondi333.com
096✅DONE✅02 80 60 70 66 66 050 043.8💎03|42 ⏱️2m26.845s🌐cergas.online
097🚚E301❌01 60 50 65 64 64 049 043.3💎00|42 ⏱️2m26.555s🌐bondibeachbet.com
090✅DONE✅01 60 50 70 64 64 054 046.7💎00|42 ⏱️2m28.283s🌐bn8aus.com
102💻E103❌01 60 50 65 64 64 048 041.2💎00|42 ⏱️2m24.974s🌐cbr8aus.com
094✅DONE✅01 60 60 65 64 64 053 045.7💎01|43 ⏱️2m33.244s🌐boyabet9.com
095✅DONE✅02 60 70 65 64 64 053 045.3💎00|43 ⏱️2m37.879s🌐bonus96.com
100🚚E301❌01 60 60 60 62 62 051 043.0💎00|43 ⏱️2m33.360s🌐crackspin.com
099✅DONE✅01 60 60 60 62 62 052 045.5💎02|45 ⏱️2m33.087s🌐cyberbet77.com
101✅DONE✅02 80 70 65 62 62 052 044.6💎00|45 ⏱️2m36.368s🌐crn7.com
108💻E403❌01 60 60 60 62 62 049 041.7💎00|45 ⏱️2m29.207s🌐cuntcunt.com
111💻E103❌02 40 50 55 60 60 047 040.5💎00|45 ⏱️2m24.607s🌐crystalchips777.com
109🚚E301❌03 40 50 50 60 60 048 041.3💎00|45 ⏱️2m24.697s🌐checkmate7.com
103✅DONE✅01 40 50 50 62 53 052 046.6💎03|48 ⏱️2m26.434s🌐candymommy.co
105🚚E301❌01 20 50 50 62 53 051 045.7💎00|48 ⏱️2m31.460s🌐cocspin.com
104✅DONE✅01 40 50 55 62 54 052 051.0💎05|53 ⏱️2m32.774s🌐cashnet99.com
106✅DONE✅02 60 50 60 62 55 052 050.0💎00|53 ⏱️2m31.722s🌐deespin.com
112🚚E301❌01 60 50 55 60 55 050 047.3💎00|53 ⏱️2m29.213s🌐coospin.com
107✅DONE✅01 60 50 55 60 56 053 049.5💎00|53 ⏱️2m30.868s🌐check-in77.com
115🚚E301❌01 60 40 55 57 56 049 046.1💎00|53 ⏱️2m24.768s🌐efa99aus.com
110✅DONE✅01 60 50 55 60 56 052 048.2💎00|53 ⏱️2m31.221s🌐champion9.com
113✅DONE✅02 60 60 55 60 57 052 047.8💎01|54 ⏱️2m36.879s🌐clubimperioaus.com
117🚚E301❌01 60 60 55 57 57 050 046.2💎00|54 ⏱️2m35.889s🌐ebet9au.com
118💻E103❌02 40 50 50 56 57 050 045.8💎00|54 ⏱️2m32.078s🌐ea99aud.com
114✅DONE✅01 60 60 55 56 57 052 049.1💎02|56 ⏱️2m35.218s🌐diamondaud.com
120💻E103❌01 40 50 50 56 56 050 046.7💎00|56 ⏱️2m28.684s🌐crown69.com
125💻E103❌02 20 40 45 56 56 048 044.8💎00|56 ⏱️2m21.753s🌐cuntspin.com
122🚚E301❌03 20 40 45 56 56 049 045.9💎00|56 ⏱️2m21.884s🌐crownbet.pro
116🚚E301❌04 20 30 40 56 55 051 048.3💎00|56 ⏱️2m23.809s🌐diceau.online
124🚚E301❌05 0 30 35 54 54 048 045.2💎00|56 ⏱️2m21.751s🌐deep668.co
119🚚E301❌06 0 20 35 52 54 050 047.1💎00|56 ⏱️2m22.402s🌐cuntwin.com
121✅DONE✅01 20 20 40 54 55 050 047.1💎01|57 ⏱️2m21.559s🌐dd8au.com
132💻E103❌01 20 20 40 52 55 046 043.2💎00|57 ⏱️2m16.231s🌐dreamworldau.com
134💻E530❌02 20 20 35 52 54 045 042.5💎00|57 ⏱️2m13.753s🌐e99au.com
126✅DONE✅01 40 20 40 52 54 049 045.2💎00|57 ⏱️2m14.516s🌐fafawinau.com
127✅DONE✅02 60 30 40 52 55 049 044.9💎00|57 ⏱️2m18.318s🌐cuntsick.com
137💻E103❌01 40 30 35 50 54 045 041.6💎00|57 ⏱️2m15.378s🌐efa777.com
128✅DONE✅01 60 40 40 50 55 050 047.7💎04|61 ⏱️2m21.669s🌐cyberpunk369.com
130✅DONE✅02 80 50 40 50 55 050 048.5💎02|63 ⏱️2m20.698s🌐ezaud.com
131✅DONE✅03 80 60 45 52 56 050 048.1💎00|63 ⏱️2m24.186s🌐enjoy96.com
133✅DONE✅04 80 70 45 52 56 050 048.1💎01|64 ⏱️2m24.348s🌐eebet9.com
138🚚E301❌01 80 60 40 50 56 048 046.4💎00|64 ⏱️2m19.087s🌐emu668.co
135✅DONE✅01 80 70 45 50 56 050 049.6💎03|67 ⏱️2m25.799s🌐epicpokies.com
136✅DONE✅02 80 80 50 50 57 050 050.0💎01|68 ⏱️2m30.852s🌐enjoy2aus.com
139🚚E301❌01 60 70 45 50 56 049 048.9💎00|68 ⏱️2m26.944s🌐everwin44.com
142💻E103❌02 40 60 45 50 56 048 047.9💎00|68 ⏱️2m20.326s🌐ecstasybaby.com
140🚚E301❌03 40 60 45 50 56 049 048.6💎00|68 ⏱️2m23.027s🌐ex77au.com
146🚚E301❌04 20 50 45 48 55 047 046.6💎00|68 ⏱️2m18.087s🌐fightspin.net
141✅DONE✅01 20 50 50 48 56 049 048.9💎01|69 ⏱️2m20.399s🌐gday123.com
148🚚E301❌01 20 40 50 48 56 047 046.6💎00|69 ⏱️2m14.662s🌐fastau.co
145✅DONE✅01 40 40 55 48 56 048 048.3💎01|70 ⏱️2m15.500s🌐g9aus.com
144✅DONE✅02 60 50 55 48 56 050 050.0💎02|72 ⏱️2m20.200s🌐emax7.co
147✅DONE✅03 80 50 60 50 56 049 049.0💎00|72 ⏱️2m19.067s🌐f88spins.com
149✅DONE✅04 80 50 65 50 56 049 048.3💎00|72 ⏱️2m18.356s🌐fortune88au.com
155💻E103❌01 80 50 60 50 56 047 046.5💎00|72 ⏱️2m14.011s🌐gxbet7.com
150✅DONE✅01 80 60 60 50 56 050 048.0💎00|72 ⏱️2m20.632s🌐fuckingmeth.com
151✅DONE✅02 80 70 65 50 56 050 048.3💎01|73 ⏱️2m23.891s🌐fc8au.com
152✅DONE✅03 80 80 65 52 56 050 049.3💎02|75 ⏱️2m27.650s🌐ezspin68.vip
154🚚E301❌01 60 70 60 50 56 050 048.7💎00|75 ⏱️2m22.900s🌐glorybet88au.com
157💻E103❌02 60 70 55 48 55 049 047.8💎00|75 ⏱️2m20.221s🌐gowinau.com
153✅DONE✅01 60 70 55 50 56 050 049.0💎00|75 ⏱️2m23.569s🌐fuckspin.com
158🚚E301❌01 40 60 55 50 55 049 047.5💎00|75 ⏱️2m17.065s🌐fantasy33.com
160💻E103❌02 20 50 50 50 55 048 046.9💎00|75 ⏱️2m11.195s🌐gm9.co
156✅DONE✅01 40 50 50 50 56 050 048.7💎01|76 ⏱️2m12.834s🌐gembetaus.com
163🚚E301❌01 40 50 50 50 56 048 046.6💎00|76 ⏱️2m12.878s🌐gey99au.com
159✅DONE✅01 40 50 55 50 56 050 047.8💎00|76 ⏱️2m14.002s🌐gcity56.com
162🚚E301❌01 40 40 55 48 55 049 046.9💎00|76 ⏱️2m12.176s🌐gold77au.com
167🚚E301❌02 40 30 55 48 54 047 045.5💎00|76 ⏱️2m06.712s🌐goldencrown96.com
161🚚E301❌03 20 30 50 46 53 049 047.2💎00|76 ⏱️2m11.977s🌐inskingdom8.com
164🚚E301❌04 20 30 50 46 52 048 046.3💎00|76 ⏱️2m15.374s🌐galaxyau.com
168🚚E301❌05 0 20 45 44 52 047 045.2💎00|76 ⏱️2m08.550s🌐gday77au.com
165🚚E301❌06 0 20 40 42 51 048 046.1💎00|76 ⏱️2m12.709s🌐i8au.online
169🚚E301❌07 0 20 35 42 50 047 045.0💎00|76 ⏱️2m13.574s🌐iau9.com
166🚚E301❌08 0 10 30 42 49 048 045.8💎00|76 ⏱️2m12.863s🌐ilovejili.net
123💻E103❌09 0 10 30 40 48 065 061.8💎00|76 ⏱️3m01.567s🌐enjoy2win99.com
170🚚E301❌10 0 0 25 40 48 047 044.7💎00|76 ⏱️2m41.480s🌐hello88au.com
171🚚E301❌11 0 0 20 40 48 046 044.4💎00|76 ⏱️2m38.983s🌐ho96.com
172🚚E301❌12 0 0 15 40 48 046 044.2💎00|76 ⏱️2m38.789s🌐gwin77.com
173🚚E301❌13 0 0 15 40 48 046 043.9💎00|76 ⏱️2m35.341s🌐ignition66.com
180💻E103❌14 0 0 15 40 47 044 042.2💎00|76 ⏱️2m29.224s🌐joker33.club
174🚚E301❌15 0 0 10 40 46 045 043.7💎00|76 ⏱️2m31.232s🌐ijoker88au.com
177🚚E301❌16 0 0 10 38 46 045 042.9💎00|76 ⏱️2m27.478s🌐harbour33.com
176💻E103❌17 0 0 10 38 45 045 043.2💎00|76 ⏱️2m27.854s🌐gucci9.vip
181🚚E301❌18 0 0 5 38 45 044 042.0💎00|76 ⏱️2m24.007s🌐ff96au.com
179🚚E301❌19 0 0 5 36 44 044 042.5💎00|76 ⏱️1m52.579s🌐iwin88au.com
175✅DONE✅01 20 10 5 36 44 046 045.1💎03|79 ⏱️1m55.832s🌐jw8au.com
178✅DONE✅02 40 20 10 38 44 046 046.1💎03|82 ⏱️1m56.380s🌐iw99au.com
182🚚E301❌01 40 20 10 36 43 045 045.1💎00|82 ⏱️1m54.919s🌐ioi6.com
129💻E103❌02 40 20 10 34 42 063 063.6💎00|82 ⏱️2m48.186s🌐ezbet66.com
184💻E103❌03 40 20 10 32 42 044 044.6💎00|82 ⏱️2m29.444s🌐imperium9.com
183🚚E301❌04 20 20 10 30 41 044 044.8💎00|82 ⏱️2m29.618s🌐iplay77.com
189💻E103❌05 0 20 10 30 40 043 043.4💎00|82 ⏱️2m25.845s🌐imperium88.com
185🚚E301❌06 0 20 10 28 39 044 044.3💎00|82 ⏱️2m26.936s🌐jaws68.com
187🚚E301❌07 0 20 10 26 38 043 043.9💎00|82 ⏱️2m26.046s🌐jk123au.com
186🚚E301❌08 0 20 10 26 38 044 044.1💎00|82 ⏱️2m25.843s🌐kingtech88.com
188🚚E301❌09 0 10 10 26 38 043 043.6💎00|82 ⏱️2m22.979s🌐intensity2aus.com
143💻E103❌10 0 0 10 26 38 057 057.3💎00|82 ⏱️3m10.615s🌐fafaau.com
190🚚E301❌11 0 0 10 26 37 043 043.2💎00|82 ⏱️2m52.941s🌐glbet9.com
191🚚E301❌12 0 0 10 24 36 042 042.9💎00|82 ⏱️2m17.303s🌐kingaud.com
193🚚E301❌13 0 0 10 24 36 042 042.5💎00|82 ⏱️2m18.581s🌐king88pokies.com
197🚚E301❌14 0 0 10 22 35 041 041.6💎00|82 ⏱️2m17.931s🌐kangaspin.com
195🚚E301❌15 0 0 10 20 34 042 042.1💎00|82 ⏱️2m21.013s🌐galaxy96au.com
196🚚E301❌16 0 0 10 18 34 041 041.8💎00|82 ⏱️2m21.516s🌐joypokies.com
199💻E103❌17 0 0 10 16 33 041 041.2💎00|82 ⏱️2m18.922s🌐kingpay77au.com
200💻E103❌18 0 0 10 16 33 041 041.0💎00|82 ⏱️2m16.764s🌐kingsman369.co
198🚚E301❌19 0 0 5 14 32 041 041.4💎00|82 ⏱️2m17.439s🌐jombet77.com
202💻E530❌20 0 0 0 12 31 040 040.6💎00|82 ⏱️1m43.780s🌐k18win.com
201🚚E301❌21 0 0 0 10 31 040 040.8💎00|82 ⏱️1m43.482s🌐luxeau777.com
204🚚E301❌22 0 0 0 10 30 040 040.2💎00|82 ⏱️1m42.302s🌐hollywoodaus.com
205🚚E301❌23 0 0 0 10 28 040 040.0💎00|82 ⏱️1m41.924s🌐lucky96aus.com
210💻E103❌24 0 0 0 8 28 039 039.0💎00|82 ⏱️1m38.503s🌐luckyozzie1.com
203💻E103❌25 0 0 0 8 28 040 040.4💎00|82 ⏱️1m41.253s🌐gd77.vip
212💻E403❌26 0 0 0 8 28 038 038.7💎00|82 ⏱️1m36.914s🌐koala88.co
206🚚E301❌27 0 0 0 6 28 039 039.8💎00|82 ⏱️1m41.120s🌐lucky7au.com
207🚚E301❌28 0 0 0 6 28 039 039.6💎00|82 ⏱️1m42.629s🌐live77bet.com
208🚚E301❌29 0 0 0 4 27 039 039.4💎00|82 ⏱️1m42.515s🌐gtbet9au.com
211🚚E301❌30 0 0 0 4 26 038 038.9💎00|82 ⏱️1m43.202s🌐luxe66.com
214💻E103❌31 0 0 0 4 26 038 038.3💎00|82 ⏱️1m40.881s🌐meth688.com
209🚚E301❌32 0 0 0 4 25 039 039.2💎00|82 ⏱️1m42.617s🌐koalabear33.com
213🚚E301❌33 0 0 0 4 25 038 038.5💎00|82 ⏱️1m41.711s🌐lego66.co
215💻E103❌34 0 0 0 4 24 038 038.1💎00|82 ⏱️1m43.150s🌐irich88.co
216🚚E301❌35 0 0 0 4 23 037 038.0💎00|82 ⏱️1m41.206s🌐mcdollar9.com
217🚚E301❌36 0 0 0 4 23 037 037.8💎00|82 ⏱️1m42.466s🌐mee88aus.com
218🚚E301❌37 0 0 0 4 23 037 037.6💎00|82 ⏱️1m41.202s🌐gwin9au.com
219🚚E301❌38 0 0 0 4 22 037 037.4💎00|82 ⏱️1m41.253s🌐m1spin.com
220🚚E301❌39 0 0 0 4 22 037 037.3💎00|82 ⏱️1m40.850s🌐mb9au.net
221🚚E301❌40 0 0 0 4 22 037 037.1💎00|82 ⏱️1m40.868s🌐maxim88au.com
222💻E103❌41 0 0 0 4 22 036 036.9💎00|82 ⏱️1m42.809s🌐imillion88.com
223🚚E301❌42 0 0 0 4 22 036 036.8💎00|82 ⏱️1m42.544s🌐megawin88au.com
224🚚E301❌43 0 0 0 4 22 036 036.6💎00|82 ⏱️1m42.749s🌐mrpay9.com
226🚚E301❌44 0 0 0 4 22 036 036.3💎00|82 ⏱️1m42.233s🌐magicspin77aus.com
225🚚E301❌45 0 0 0 4 21 036 036.4💎00|82 ⏱️1m43.234s🌐m88oz.com
227🚚E301❌46 0 0 0 4 21 036 036.1💎00|82 ⏱️1m42.652s🌐keno99.com
228🚚E301❌47 0 0 0 4 21 035 036.0💎00|82 ⏱️1m42.251s🌐mrau7.com
231💻E103❌48 0 0 0 4 20 035 035.5💎00|82 ⏱️1m39.839s🌐methmeth.com
232💻E530❌49 0 0 0 2 19 035 035.3💎00|82 ⏱️1m38.297s🌐monica999.co
229🚚E301❌50 0 0 0 0 19 035 035.8💎00|82 ⏱️1m38.877s🌐mrbk8.co
237💻E103❌51 0 0 0 0 18 034 034.6💎00|82 ⏱️1m34.823s🌐millionaireaud.com
234💻E403❌52 0 0 0 0 17 035 035.0💎00|82 ⏱️1m33.894s🌐jokers11.com
230🚚E301❌53 0 0 0 0 16 035 035.7💎00|82 ⏱️1m34.906s🌐in8.one
238💻E103❌54 0 0 0 0 15 034 034.5💎00|82 ⏱️1m31.254s🌐methspin.com
233🚚E301❌55 0 0 0 0 15 035 035.2💎00|82 ⏱️1m31.716s🌐mmd9.net
236🚚E301❌56 0 0 0 0 14 034 034.7💎00|82 ⏱️1m31.252s🌐nezha22.com
235🚚E301❌57 0 0 0 0 13 034 034.9💎00|82 ⏱️1m31.723s🌐mrlucky9.com
239💻E103❌58 0 0 0 0 13 034 034.3💎00|82 ⏱️1m30.557s🌐luck77au.com
240💻E103❌59 0 0 0 0 13 034 034.2💎00|82 ⏱️1m30.333s🌐n1spin.com
241🚚E301❌60 0 0 0 0 13 034 034.0💎00|82 ⏱️1m30.042s🌐mrpokies77.com
242🚚E301❌61 0 0 0 0 13 033 033.9💎00|82 ⏱️1m31.416s🌐mwaus.co
243🚚E301❌62 0 0 0 0 12 033 033.7💎00|82 ⏱️1m32.403s🌐nelspin.com
244🚚E301❌63 0 0 0 0 12 033 033.6💎00|82 ⏱️1m31.635s🌐mrwin5.com
246🚚E301❌64 0 0 0 0 11 033 033.3💎00|82 ⏱️1m32.746s🌐justwin9.com
247🚚E301❌65 0 0 0 0 10 033 033.2💎00|82 ⏱️1m32.362s🌐mrpokies9.com
248🚚E301❌66 0 0 0 0 9 033 033.1💎00|82 ⏱️1m31.945s🌐mrwin9au.com
250🚚E301❌67 0 0 0 0 8 032 032.8💎00|82 ⏱️1m31.261s🌐nextpokies.com
249🚚E301❌68 0 0 0 0 8 032 032.9💎00|82 ⏱️1m33.221s🌐payday247.net
251🚚E301❌69 0 0 0 0 7 032 032.7💎00|82 ⏱️1m34.009s🌐maxspin7.com
252🚚E301❌70 0 0 0 0 6 032 032.5💎00|82 ⏱️1m33.800s🌐ozlotto88.com
255💻E103❌71 0 0 0 0 5 032 032.2💎00|82 ⏱️1m31.511s🌐ozwin77.com
257💻E103❌72 0 0 0 0 5 031 031.9💎00|82 ⏱️1m29.518s🌐kuromiau.com
254🚚E301❌73 0 0 0 0 5 032 032.3💎00|82 ⏱️1m30.343s🌐outback444.com
253🚚E301❌74 0 0 0 0 4 032 032.4💎00|82 ⏱️1m30.972s🌐ninjabet88.vip
258🚚E301❌75 0 0 0 0 4 031 031.8💎00|82 ⏱️1m28.972s🌐ninjaturtle.vip
260💻E103❌76 0 0 0 0 4 031 031.5💎00|82 ⏱️1m27.022s🌐pawkies.co
259🚚E301❌77 0 0 0 0 3 031 031.7💎00|82 ⏱️1m27.281s🌐onya88.com
262💻E103❌78 0 0 0 0 3 031 031.3💎00|82 ⏱️1m24.901s🌐mnp88.pro
261🚚E301❌79 0 0 0 0 2 031 031.4💎00|82 ⏱️1m25.547s🌐pokiesking1.com
263💻E403❌80 0 0 0 0 2 031 031.2💎00|82 ⏱️1m24.187s🌐pokies2u.com
256🚚E301❌81 0 0 0 0 2 032 032.0💎00|82 ⏱️1m30.653s🌐ohyes66.com
264🚚E301❌82 0 0 0 0 2 031 031.1💎00|82 ⏱️1m30.385s🌐pokies4u.co
266💻E103❌83 0 0 0 0 2 030 030.8💎00|82 ⏱️1m29.368s🌐pokies007.com
265🚚E301❌84 0 0 0 0 2 030 030.9💎00|82 ⏱️1m29.525s🌐m88win.vip
268🚚E301❌85 0 0 0 0 2 030 030.6💎00|82 ⏱️1m29.580s🌐penguin88.club
269🚚E301❌86 0 0 0 0 2 030 030.5💎00|82 ⏱️1m30.841s🌐pokiesbillion.com
270🚚E301❌87 0 0 0 0 2 030 030.4💎00|82 ⏱️1m30.566s🌐play99au.com
271🚚E301❌88 0 0 0 0 2 030 030.3💎00|82 ⏱️1m32.037s🌐msn33.com
272🚚E301❌89 0 0 0 0 2 030 030.1💎00|82 ⏱️1m31.338s🌐retro33.com
273🚚E301❌90 0 0 0 0 2 030 030.0💎00|82 ⏱️1m31.899s🌐race96.com
274🚚E301❌91 0 0 0 0 2 029 029.9💎00|82 ⏱️1m28.427s🌐pg9aus.com
275🚚E301❌92 0 0 0 0 2 029 029.8💎00|82 ⏱️1m28.018s🌐redspin88.com
276🚚E301❌93 0 0 0 0 2 029 029.7💎00|82 ⏱️1m28.187s🌐raabet9.com
277✅DONE✅01 20 10 5 2 3 029 029.6💎00|82 ⏱️1m28.267s🌐methwin.com

╭──────────────────────────────────────────────────────────────────────────────╮
│                                                                              │
│                        ╭─────── 🏁 RESULTS ────────╮                         │
│                        │ Scraping Complete         │                         │
│                        │   Sites Scraped:  270     │                         │
│                        │   Successful:    83       │                         │
│                        │   Failed:        187      │                         │
│                        │   Success Rate:  30.7%    │                         │
│                        │   Bonuses Found: 85       │                         │
│                        │   New Bonuses:   82       │                         │
│                        │   Elapsed:       00:01:14 │                         │
│                        ╰───────────────────────────╯                         │
│                                                                              │
╰──────────────────────────────────────────────────────────────────────────────╯
                      ● Dashboard at http://127.0.0.1:8000                      
