╭──────────────────────── 🚀 Bonus Scraper Engine v5.0 ────────────────────────╮
│                                                                              │
│ ╭─ ⚡ PERFORMANCE ──╮╭─ 🌐 INFRASTRUCTUR─╮╭───── 📋 JOB ─────╮╭── ERRORS ──╮ │
│ │  Concurrency      ││  Proxy Pool       ││  URLs Queued     ││ ✅ OK      │ │
│ │  20 Workers       ││  0 Active         ││  637             ││ 👻 404     │ │
│ │  Throughput       ││  Proxy Logic      ││  Shuffle         ││ 🚫 403     │ │
│ │  ~600 URLs/min    ││  Per-Worker Pool  ││  No              ││ 🚚 301     │ │
│ │  Delays           │╰───────────────────╯╰──────────────────╯│ 📡 101     │ │
│ │  2.0-2.0s         │                                         │ ☁️ 503     │ │
│ │  Timeout          │                                         │ 🐌 Lag     │ │
│ │  15s              │                                         │ 📉 Track   │ │
│ ╰───────────────────╯                                         │            │ │
│ ╭─ 💻 ENVIRONMENT ──╮╭─ 📊 SYSTEM HEALTH─╮╭── 🛡️ SECURITY ───╮│            │ │
│ │  OS               ││  Status           ││  Auth User       ││            │ │
│ │  Android          ││  🟥 0%            ││  admin           ││            │ │
│ │  Py Version       ││  🔴 10%           ││  SSL Check       ││            │ │
│ │  3.13.13          ││  ❤️  20%          ││  Disabled        ││            │ │
│ ╰───────────────────╯│  🟧 25%           ││  IP Reputation   ││            │ │
│                      │  🟠 35%           ││  0/100           ││            │ │
│                      │  🧡 45%           │╰──────────────────╯│            │ │
│                      │  🟨 50%           │                    │            │ │
│                      │  🟡 60%           │                    ╰────────────╯ │
│                      │  💛 70%           │                                   │
│                      │  🟩 75%           │                                   │
│                      │  🟢 85%           │                                   │
│                      │  💚 95%           │                                   │
│                      │  💚 100%          │                                   │
│                      ╰───────────────────╯                                   │
│ ╭───────────────────────────── 🕵️ USER AGENT ──────────────────────────────╮ │
│ │  User Agent Identity                                                     │ │
│ │  Mozilla/5.0 (Windows NT 10.0; Win64; x64) AppleWebKit/537.36 (KHTML,    │ │
│ │  like Gecko) Chrome/120.0.0.0 Safari/537.36                              │ │
│ ╰──────────────────────────────────────────────────────────────────────────╯ │
│                                                                              │
╰──────────────────────────────────────────────────────────────────────────────╯
╭──────────────────────────────────────────────────────────────────────────────╮
│             📡 COMMAND DASHBOARD ACTIVE : http://127.0.0.1:8000              │
╰──────────────────────────────────────────────────────────────────────────────╯
                   ● SYSTEM READY PRESS [CTRL+C] TO TERMINATE                   
002💻E103❌01 0 0 0 0 0 000 000.0💎00|00 ⏱️2m12.762s🌐spade69.co
010✅DONE✅01 50 50 50 50 50 010 000.0💎00|00 ⏱️2m25.957s🌐ufo9.asia
001✅DONE✅02 66 66 66 66 66 200 000.0💎00|00 ⏱️2m40.043s🌐bonus96.com
012✅DONE✅03 75 75 75 75 75 025 000.0💎00|00 ⏱️2m42.834s🌐panda95au.com
014🚚E301❌01 60 60 60 60 60 028 000.0💎00|00 ⏱️2m46.852s🌐unitedau.com
020✅DONE✅01 80 80 80 80 80 020 000.0💎00|00 ⏱️2m48.184s🌐thepokies33.com
013🚚E301❌01 60 60 60 60 60 030 000.0💎00|00 ⏱️2m52.820s🌐umi999.com
018✅DONE✅01 60 60 60 60 60 038 000.0💎00|00 ⏱️2m53.493s🌐ff96au.com
009✅DONE✅02 60 60 60 60 60 077 000.0💎00|00 ⏱️2m57.937s🌐glorya77.com
017🚚E301❌01 60 60 60 60 60 041 000.0💎00|00 ⏱️2m57.222s🌐thepokies96.com
005🚚E301❌02 40 60 60 60 60 160 000.0💎00|00 ⏱️3m07.418s🌐truewin77.com
019✅DONE✅01 60 60 60 60 60 047 000.0💎00|00 ⏱️3m06.629s🌐topaz33.com
004🚚E301❌01 40 50 50 50 50 225 000.0💎00|00 ⏱️3m13.051s🌐crown69.co
003✅DONE✅01 40 50 50 50 50 333 000.0💎00|00 ⏱️3m15.480s🌐wildspin24.com
006✅DONE✅02 60 60 60 60 60 183 000.0💎00|00 ⏱️3m16.324s🌐pesi13.com
008✅DONE✅03 80 60 60 60 60 162 000.0💎00|00 ⏱️3m17.448s🌐jackpotau.com
016🚚E301❌01 60 60 60 60 60 081 000.0💎00|00 ⏱️3m16.003s🌐audwin9.com
021✅DONE✅01 80 60 60 60 60 066 000.0💎00|00 ⏱️3m12.343s🌐vvip15au.com
035💻E103❌01 60 50 50 50 50 040 000.0💎00|00 ⏱️3m01.722s🌐cbr8aus.com
022✅DONE✅01 60 60 60 60 60 068 000.0💎00|00 ⏱️3m04.305s🌐mkaus.co
023✅DONE✅02 60 70 65 65 65 069 000.0💎00|00 ⏱️3m00.653s🌐gwin9au.com
034🚚E301❌01 60 60 60 60 60 047 000.0💎00|00 ⏱️2m54.392s🌐efa99aus.com
025✅DONE✅01 60 70 60 60 60 068 000.0💎00|00 ⏱️2m55.893s🌐onewin9.com
024✅DONE✅02 80 70 60 60 60 075 000.0💎00|00 ⏱️2m56.511s🌐prime96.com
026✅DONE✅03 80 70 65 65 65 073 000.0💎00|00 ⏱️2m55.064s🌐crown777au.com
030✅DONE✅04 80 70 65 65 65 066 000.0💎00|00 ⏱️2m52.958s🌐pp99au.com
028✅DONE✅05 💯 80 70 70 70 078 000.0💎00|00 ⏱️2m53.794s🌐rtpvictory88.com
036🚚E301❌01 80 70 65 65 65 061 000.0💎00|00 ⏱️2m53.897s🌐tab9au.com
031✅DONE✅01 80 80 65 65 65 074 000.0💎00|00 ⏱️3m02.451s🌐cr33au.com
029✅DONE✅02 80 80 70 70 70 082 000.0💎00|00 ⏱️3m05.611s🌐jaws68.com
037✅DONE✅03 80 80 75 75 75 067 000.0💎00|00 ⏱️3m06.577s🌐jw8au.com
032✅DONE✅04 80 90 75 75 75 081 000.0💎00|00 ⏱️3m11.951s🌐ispeed88au.com
033✅DONE✅05 💯 90 80 80 80 081 000.0💎00|00 ⏱️3m13.162s🌐intensity2aus.com
039✅DONE✅06 💯 90 80 80 80 071 000.0💎00|00 ⏱️3m07.656s🌐cyberpunk369.com
040✅DONE✅07 💯 90 80 80 80 072 000.0💎00|00 ⏱️3m04.452s🌐9au.com
038✅DONE✅08 💯 90 80 80 80 078 000.0💎00|00 ⏱️3m06.346s🌐sapphireaud.com
041✅DONE✅09 💯 90 85 85 85 075 000.0💎00|00 ⏱️3m01.841s🌐mee88aus.com
042✅DONE✅10 💯 💯 85 85 85 076 000.0💎00|00 ⏱️2m58.999s🌐race96.com
046✅DONE✅11 💯 💯 90 90 90 071 000.0💎00|00 ⏱️2m56.514s🌐play369.co
045✅DONE✅12 💯 💯 90 90 90 077 004.4💎02|02 ⏱️2m57.102s🌐aud99.com
047✅DONE✅13 💯 💯 90 90 90 074 004.3💎00|02 ⏱️2m56.531s🌐world99aud.com
044✅DONE✅14 💯 💯 95 95 95 081 004.5💎00|02 ⏱️2m58.339s🌐iw99au.com
049✅DONE✅15 💯 💯 95 95 95 075 004.1💎00|02 ⏱️2m56.306s🌐venus55.com
053✅DONE✅16 💯 💯 95 95 95 073 003.8💎00|02 ⏱️2m58.189s🌐weplay88.com
048✅DONE✅17 💯 💯 95 95 95 081 004.2💎00|02 ⏱️3m03.865s🌐kingpower365.com
050✅DONE✅18 💯 💯 95 95 95 080 004.0💎00|02 ⏱️3m03.012s🌐cergas.online
043✅DONE✅19 💯 💯 95 95 95 095 004.7💎00|02 ⏱️3m11.205s🌐ii89au.com
052✅DONE✅20 💯 💯 💯 💯 💯 080 003.8💎00|02 ⏱️3m12.088s🌐pokiesbillion.com
056✅DONE✅21 💯 💯 💯 💯 💯 076 003.6💎00|02 ⏱️3m10.136s🌐royalaud.com
051✅DONE✅22 💯 💯 💯 80 80 086 003.9💎00|02 ⏱️3m13.079s🌐candymommy.co
054✅DONE✅23 💯 💯 💯 82 82 083 003.7💎00|02 ⏱️3m11.283s🌐reef33.vip
057✅DONE✅24 💯 💯 💯 82 82 080 003.5💎00|02 ⏱️3m07.500s🌐skygate9au.com
058✅DONE✅25 💯 💯 💯 82 82 081 003.4💎00|02 ⏱️3m04.952s🌐mrpokies77.com
060✅DONE✅26 💯 💯 💯 82 82 080 003.3💎00|02 ⏱️3m01.959s🌐win99aud.com
061✅DONE✅27 💯 💯 💯 84 84 080 003.3💎00|02 ⏱️2m58.791s🌐play77au.com
062✅DONE✅28 💯 💯 💯 84 84 080 003.2💎00|02 ⏱️2m56.178s🌐royale9au.com
063✅DONE✅29 💯 💯 💯 86 86 080 003.2💎00|02 ⏱️2m51.327s🌐harbour33.com
064✅DONE✅30 💯 💯 💯 86 86 081 003.1💎00|02 ⏱️2m48.005s🌐bondi333.com
059✅DONE✅31 💯 💯 💯 86 86 089 003.4💎00|02 ⏱️2m51.375s🌐hb88au.com
065✅DONE✅32 💯 💯 💯 88 88 083 003.1💎00|02 ⏱️2m45.949s🌐1spinnwin.com
067✅DONE✅33 💯 💯 💯 90 90 083 003.0💎00|02 ⏱️2m45.469s🌐spincrown33.com
066✅DONE✅34 💯 💯 💯 90 90 084 003.0💎00|02 ⏱️2m46.747s🌐dolphin88.co
070✅DONE✅35 💯 💯 💯 92 92 081 002.9💎00|02 ⏱️2m45.910s🌐riches88.live
069✅DONE✅36 💯 💯 💯 92 92 084 002.9💎00|02 ⏱️2m46.703s🌐spaceman369.com
072✅DONE✅37 💯 💯 💯 92 92 081 002.8💎00|02 ⏱️2m46.669s🌐me99aud.com
071✅DONE✅38 💯 💯 💯 92 92 084 002.8💎00|02 ⏱️2m49.180s🌐22pokies.com
068✅DONE✅39 💯 💯 💯 94 94 089 002.9💎00|02 ⏱️2m53.808s🌐crown155au.com
073✅DONE✅40 💯 💯 💯 94 94 084 002.7💎00|02 ⏱️2m53.733s🌐play99au.com
074✅DONE✅41 💯 💯 💯 96 96 085 002.7💎00|02 ⏱️2m51.456s🌐starspin996.com
078✅DONE✅42 💯 💯 💯 96 96 082 002.6💎00|02 ⏱️2m49.207s🌐luxe66.com
077🚚E301❌01 80 90 95 94 94 083 002.6💎00|02 ⏱️2m48.236s🌐king88pokies.com
075🚚E301❌02 60 80 90 94 94 085 002.7💎00|02 ⏱️2m47.777s🌐skyspin96.co
079🚚E301❌03 40 70 85 92 92 081 002.5💎00|02 ⏱️2m46.407s🌐spinup77.com
076✅DONE✅01 40 70 85 92 92 085 003.9💎01|03 ⏱️2m47.621s🌐zeroaud.com
083✅DONE✅02 40 70 85 92 92 079 003.6💎00|03 ⏱️2m43.925s🌐mrbet9au.info
080✅DONE✅03 60 70 85 92 92 083 003.8💎00|03 ⏱️2m43.048s🌐ipay9aud.com
084✅DONE✅04 80 70 85 92 92 080 003.6💎00|03 ⏱️2m37.431s🌐gold77au.com
081✅DONE✅05 💯 70 85 94 94 085 003.7💎00|03 ⏱️2m37.243s🌐in8.one
085✅DONE✅06 💯 70 85 94 94 082 003.5💎00|03 ⏱️2m35.102s🌐ezaud.com
088✅DONE✅07 💯 70 85 94 94 080 003.4💎00|03 ⏱️2m34.409s🌐ezspin68.vip
087✅DONE✅08 💯 80 85 94 94 082 003.4💎00|03 ⏱️2m34.588s🌐luxeau777.com
086✅DONE✅09 💯 90 85 94 94 084 003.5💎00|03 ⏱️2m35.515s🌐waboom77.com
098💻E103❌01 80 90 80 92 92 074 003.1💎00|03 ⏱️2m28.044s🌐luck77au.com
089✅DONE✅01 80 90 80 92 92 083 003.4💎00|03 ⏱️2m29.230s🌐aussie96.com
090✅DONE✅02 80 90 80 92 92 083 003.3💎00|03 ⏱️2m29.399s🌐audgaming8.com
093✅DONE✅03 80 90 80 92 92 081 003.2💎00|03 ⏱️2m27.786s🌐cashnet99.com
091✅DONE✅04 80 90 80 92 92 084 003.3💎00|03 ⏱️2m28.927s🌐rubyaud.com
096✅DONE✅05 💯 90 80 92 92 081 003.1💎00|03 ⏱️2m26.884s🌐penguin88.club
095✅DONE✅06 💯 90 80 92 92 083 003.2💎00|03 ⏱️2m27.468s🌐1bigwin.com
102💻E103❌01 80 80 75 90 90 077 002.9💎00|03 ⏱️2m21.749s🌐tab968.com
092✅DONE✅01 80 80 80 90 90 088 003.3💎00|03 ⏱️2m25.937s🌐hollywoodaus.com
097✅DONE✅02 80 80 85 90 90 083 003.1💎00|03 ⏱️2m23.778s🌐betus10.co
099✅DONE✅03 80 90 90 90 90 082 003.0💎00|03 ⏱️2m27.826s🌐gembetaus.com
094✅DONE✅04 80 90 90 90 90 088 003.2💎00|03 ⏱️2m32.942s🌐u88aud.com
101✅DONE✅05 💯 90 90 90 90 083 003.0💎00|03 ⏱️2m30.832s🌐trust88au.com
100✅DONE✅06 💯 90 90 90 90 085 003.0💎00|03 ⏱️2m31.215s🌐neiro55.com
104🚚E301❌01 80 80 85 88 88 081 002.9💎00|03 ⏱️2m27.254s🌐fantasy33.com
103✅DONE✅01 80 80 85 88 88 083 002.9💎00|03 ⏱️2m27.016s🌐sp77aud.co
107✅DONE✅02 80 80 85 88 88 081 002.8💎00|03 ⏱️2m26.271s🌐maxspin7.com
108🚚E301❌01 60 80 80 86 83 080 002.8💎00|03 ⏱️2m29.511s🌐avg88.com
105✅DONE✅01 60 80 80 86 84 083 002.9💎00|03 ⏱️2m29.472s🌐auwin7.com
109✅DONE✅02 80 80 80 86 84 081 002.8💎00|03 ⏱️2m27.758s🌐ubet66aus.com
106✅DONE✅03 80 80 85 86 84 084 002.8💎00|03 ⏱️2m28.619s🌐select777.net
110✅DONE✅04 80 80 85 86 84 082 002.7💎00|03 ⏱️2m24.304s🌐super996.com
112✅DONE✅05 💯 80 85 86 85 082 002.7💎00|03 ⏱️2m24.247s🌐fc8au.com
111✅DONE✅06 💯 80 85 86 85 083 002.7💎00|03 ⏱️2m25.012s🌐southern9.com
113✅DONE✅07 💯 90 85 86 86 083 002.7💎00|03 ⏱️2m27.785s🌐redspin88.com
114🚚E301❌01 80 80 80 84 85 082 002.6💎00|03 ⏱️2m28.664s🌐pokiesking1.com
116🚚E301❌02 60 70 75 82 84 081 002.6💎00|03 ⏱️2m27.475s🌐aus789.com
115🚚E301❌03 40 70 75 80 84 082 002.6💎00|03 ⏱️2m28.052s🌐vip77.club
117✅DONE✅01 40 70 75 80 85 082 002.6💎00|03 ⏱️2m28.076s🌐kangaroo88.com
121✅DONE✅02 40 70 75 80 85 080 002.5💎00|03 ⏱️2m27.677s🌐eebet9.com
122✅DONE✅03 60 70 75 80 86 080 002.5💎00|03 ⏱️2m27.393s🌐ss9au.net
123✅DONE✅04 80 70 75 80 86 080 002.4💎00|03 ⏱️2m28.111s🌐dns33.com
120✅DONE✅05 💯 70 75 80 86 083 002.5💎00|03 ⏱️2m30.027s🌐aus88win.com
119✅DONE✅06 💯 70 75 80 86 084 002.5💎00|03 ⏱️2m31.403s🌐wombats88.com
124✅DONE✅07 💯 70 80 80 87 082 002.4💎00|03 ⏱️2m30.335s🌐kingdom9aus.com
125✅DONE✅08 💯 80 80 80 87 082 002.4💎00|03 ⏱️2m30.320s🌐decho34.com
126✅DONE✅09 💯 90 80 80 88 082 002.4💎00|03 ⏱️2m31.092s🌐boyabet9.com
118🚚E301❌01 80 90 80 78 87 088 002.5💎00|03 ⏱️2m39.650s🌐wildngo.net
127✅DONE✅01 80 90 80 80 87 082 002.4💎00|03 ⏱️2m35.981s🌐speed9.co
130✅DONE✅02 80 90 80 82 88 082 002.3💎00|03 ⏱️2m34.820s🌐spinking.co
129✅DONE✅03 80 90 80 84 88 082 002.3💎00|03 ⏱️2m34.764s🌐bigpay77.net
131✅DONE✅04 80 90 80 84 88 082 002.3💎00|03 ⏱️2m33.297s🌐nightclubaus.com
142💻E403❌01 80 80 75 82 87 076 002.1💎00|03 ⏱️2m26.378s🌐koala88.co
133✅DONE✅01 80 80 75 82 87 081 002.3💎00|03 ⏱️2m28.122s🌐acehighwin.com
134🚚E301❌01 60 70 70 80 86 082 002.2💎00|03 ⏱️2m27.293s🌐aud33.com
132✅DONE✅01 60 70 75 80 87 083 002.3💎00|03 ⏱️2m28.566s🌐pokies7bet.com
139✅DONE✅02 60 70 80 80 87 079 002.2💎00|03 ⏱️2m25.763s🌐19rich.com
135✅DONE✅03 80 80 85 80 87 082 002.2💎00|03 ⏱️2m21.922s🌐onyxaud.com
138✅DONE✅04 80 80 85 80 87 081 002.2💎00|03 ⏱️2m21.293s🌐aud2u.com
137✅DONE✅05 💯 80 85 80 87 083 002.2💎00|03 ⏱️2m22.298s🌐slotmate88.com
136✅DONE✅06 💯 80 85 82 87 084 002.2💎00|03 ⏱️2m23.526s🌐jk123au.com
140✅DONE✅07 💯 80 85 82 87 082 002.1💎00|03 ⏱️2m23.147s🌐rolex66.vip
143✅DONE✅08 💯 90 85 82 87 081 002.1💎00|03 ⏱️2m25.091s🌐u2win.online
141✅DONE✅09 💯 90 85 82 87 083 002.1💎00|03 ⏱️2m25.721s🌐glbet9.com
128✅DONE✅10 💯 💯 85 82 87 092 002.3💎00|03 ⏱️2m40.189s🌐betman9.com
144✅DONE✅11 💯 💯 85 82 87 083 002.1💎00|03 ⏱️2m33.722s🌐7pokies.com
145✅DONE✅12 💯 💯 85 82 87 083 002.1💎00|03 ⏱️2m33.426s🌐live77bet.com
146✅DONE✅13 💯 💯 90 84 87 083 002.1💎00|03 ⏱️2m32.378s🌐magicspin77aus.com
148✅DONE✅14 💯 💯 90 84 87 083 002.0💎00|03 ⏱️2m31.834s🌐ozlotto88.com
149✅DONE✅15 💯 💯 90 84 87 083 002.0💎00|03 ⏱️2m31.524s🌐goldencrown96.com
152✅DONE✅16 💯 💯 90 84 87 082 002.0💎00|03 ⏱️2m29.878s🌐lion88.website
150✅DONE✅17 💯 💯 90 84 87 084 002.0💎00|03 ⏱️2m31.172s🌐richman96.com
151✅DONE✅18 💯 💯 95 84 87 084 002.0💎00|03 ⏱️2m31.512s🌐i8au.online
153✅DONE✅19 💯 💯 95 84 87 083 002.0💎00|03 ⏱️2m31.494s🌐bunny96.com
154✅DONE✅20 💯 💯 💯 86 87 083 001.9💎00|03 ⏱️2m21.219s🌐gofun33.com
155✅DONE✅21 💯 💯 💯 86 87 083 001.9💎00|03 ⏱️2m21.605s🌐mb9au.net
156✅DONE✅22 💯 💯 💯 86 87 083 001.9💎00|03 ⏱️2m22.018s🌐tab99au.com
157✅DONE✅23 💯 💯 💯 88 87 084 001.9💎00|03 ⏱️2m22.291s🌐emax7.co
158✅DONE✅24 💯 💯 💯 88 87 084 001.9💎00|03 ⏱️2m21.722s🌐betworld168.vip
159✅DONE✅25 💯 💯 💯 88 87 084 001.9💎00|03 ⏱️2m20.656s🌐vpower8.com
160✅DONE✅26 💯 💯 💯 88 87 084 001.9💎00|03 ⏱️2m20.335s🌐fatchoy66.club
161✅DONE✅27 💯 💯 💯 88 87 085 001.9💎00|03 ⏱️2m18.954s🌐enjoy33.vip
162✅DONE✅28 💯 💯 💯 88 87 084 001.9💎00|03 ⏱️2m17.485s🌐on88aud.io
163✅DONE✅29 💯 💯 💯 88 87 084 001.8💎00|03 ⏱️2m15.670s🌐raabet9.com
165✅DONE✅30 💯 💯 💯 88 87 084 001.8💎00|03 ⏱️2m14.483s🌐aus33.com
171🚚E301❌01 80 90 95 88 86 081 001.8💎00|03 ⏱️2m10.053s🌐12playau.com
164✅DONE✅01 80 90 95 90 86 085 001.8💎00|03 ⏱️2m11.929s🌐bk8au.online
167✅DONE✅02 80 90 95 92 86 084 001.8💎00|03 ⏱️2m10.563s🌐clubimperioaus.com
169✅DONE✅03 80 90 95 92 86 084 001.8💎00|03 ⏱️2m09.847s🌐champion9.com
168✅DONE✅04 80 90 95 92 86 085 001.8💎00|03 ⏱️2m10.282s🌐rec99au.com
166✅DONE✅05 💯 90 95 92 86 086 001.8💎00|03 ⏱️2m11.184s🌐tnt99au.com
170✅DONE✅06 💯 90 95 92 86 085 001.8💎00|03 ⏱️2m09.762s🌐mrpoint.co
172🚚E301❌01 80 80 90 90 85 084 001.7💎00|03 ⏱️2m07.161s🌐1pokies.com
173🚚E301❌02 60 70 85 88 84 083 001.7💎00|03 ⏱️2m05.497s🌐11win.com
174🚚E301❌03 40 60 80 86 83 083 001.7💎00|03 ⏱️2m03.150s🌐1aupokies.com
176🚚E301❌04 20 60 75 84 82 082 001.7💎00|03 ⏱️2m03.773s🌐77au.net
183🚚E301❌05 0 50 70 82 81 079 001.6💎00|03 ⏱️1m59.413s🌐100payau.com
182🚚E301❌06 0 40 65 82 80 079 001.6💎00|03 ⏱️1m57.692s🌐44spin.com
175✅DONE✅01 20 40 65 82 81 083 001.7💎00|03 ⏱️1m59.274s🌐22aud.com
179🚚E301❌01 20 30 60 80 81 081 001.7💎00|03 ⏱️1m57.577s🌐aawin68.com
178✅DONE✅01 40 30 60 80 82 082 001.7💎00|03 ⏱️1m57.229s🌐megabet26.com
177✅DONE✅02 60 30 60 80 82 083 001.7💎00|03 ⏱️1m58.083s🌐33spins.com
180✅DONE✅03 80 40 60 82 82 082 001.7💎00|03 ⏱️1m59.847s🌐won96.com
181✅DONE✅04 80 50 60 82 82 082 001.7💎00|03 ⏱️2m01.347s🌐77pokies.com
184✅DONE✅05 💯 60 60 84 82 082 001.6💎00|03 ⏱️2m02.539s🌐ssv96.com
187💻E103❌01 80 60 60 82 81 080 001.6💎00|03 ⏱️1m59.366s🌐aba33aus.com
186🚚E301❌02 60 60 55 80 80 081 001.6💎00|03 ⏱️1m59.832s🌐a9aud.com
189🚚E301❌03 40 60 50 78 79 079 001.6💎00|03 ⏱️1m58.664s🌐a1club88.com
194💻E103❌04 20 50 45 76 78 077 001.5💎00|03 ⏱️1m53.938s🌐amb88.cc
185🚚E301❌05 0 50 40 74 77 081 001.6💎00|03 ⏱️1m58.560s🌐ac8aus.com
188✅DONE✅01 20 50 40 74 78 080 001.6💎00|03 ⏱️1m57.882s🌐au55.co
193🚚E301❌01 20 40 35 72 77 078 001.6💎00|03 ⏱️1m53.951s🌐9aus.com
190✅DONE✅01 40 40 40 72 77 080 001.6💎00|03 ⏱️1m53.937s🌐aristocratau.com
191✅DONE✅02 60 40 45 72 77 080 001.6💎00|03 ⏱️1m53.164s🌐acwin77.com
192✅DONE✅03 80 40 50 72 77 080 001.6💎00|03 ⏱️1m53.196s🌐aus4win.com
198💻E103❌01 60 40 50 70 76 078 001.5💎00|03 ⏱️1m53.618s🌐ausbet99.com
196✅DONE✅01 80 50 55 70 76 079 001.5💎00|03 ⏱️1m55.757s🌐au68.net
199🚚E301❌01 60 50 55 68 76 078 001.5💎00|03 ⏱️1m55.061s🌐aus26.com
195🚚E301❌02 40 50 50 66 75 080 001.5💎00|03 ⏱️1m59.631s🌐99uber.com
200💻E403❌03 20 50 50 64 74 078 001.5💎00|03 ⏱️1m53.432s🌐auplay.club
203💻E103❌04 20 40 45 62 73 076 001.5💎00|03 ⏱️1m49.091s🌐aussiebt.net
205💻E103❌05 0 40 40 60 72 076 001.5💎00|03 ⏱️1m47.235s🌐auspokies7.co
201🚚E301❌06 0 30 35 57 71 077 001.5💎00|03 ⏱️1m46.722s🌐auspin88.vip
204🚚E301❌07 0 20 30 56 70 076 001.5💎00|03 ⏱️1m44.472s🌐aud96.com
202✅DONE✅01 20 20 30 56 71 077 001.5💎00|03 ⏱️1m45.271s🌐ausclub.net
211💻E103❌01 20 20 30 54 70 074 001.4💎00|03 ⏱️1m41.432s🌐aud77.net
206✅DONE✅01 40 20 35 54 70 076 001.5💎00|03 ⏱️1m43.223s🌐auspay96.com
207🚚E301❌01 40 20 35 52 70 076 001.4💎00|03 ⏱️1m44.656s🌐betmeth.com
208🚚E301❌02 40 20 35 50 69 075 001.4💎00|03 ⏱️1m43.960s🌐betzilla88.com
209🚚E301❌03 20 20 35 48 68 075 001.4💎00|03 ⏱️1m46.048s🌐aussieluck33au.com
210🚚E301❌04 20 20 30 46 67 075 001.4💎00|03 ⏱️1m48.666s🌐betjohn.net
212🚚E301❌05 0 20 30 44 66 074 001.4💎00|03 ⏱️1m50.456s🌐bankau.live
197🚚E301❌06 0 20 25 42 65 080 001.5💎00|03 ⏱️2m03.318s🌐legit99.com
214🚚E301❌07 0 20 20 40 64 073 001.4💎00|03 ⏱️1m58.385s🌐blaze007.com
213🚚E301❌08 0 10 15 38 63 074 001.4💎00|03 ⏱️1m56.498s🌐bn8aus.com
215🚚E301❌09 0 10 15 38 63 073 001.4💎00|03 ⏱️1m57.265s🌐blackpokies.com
216🚚E301❌10 0 0 10 36 63 073 001.4💎00|03 ⏱️1m54.898s🌐avengers80.com
218💻E103❌11 0 0 10 34 63 072 001.4💎00|03 ⏱️1m52.555s🌐avengeraus1.com
217🚚E301❌12 0 0 10 32 62 072 001.4💎00|03 ⏱️1m51.624s🌐bigpay2u.com
219💻E103❌13 0 0 10 30 61 072 001.4💎00|03 ⏱️1m50.447s🌐bizzo777.com
220🚚E301❌14 0 0 10 28 60 071 001.4💎00|03 ⏱️1m48.947s🌐check-in77.com
222🚚E301❌15 0 0 10 26 59 071 001.4💎00|03 ⏱️1m47.897s🌐bondibeachbet.com
225🚚E301❌16 0 0 10 26 57 070 001.3💎00|03 ⏱️1m38.595s🌐9xbetau.com
223💻E103❌17 0 0 10 26 56 070 001.3💎00|03 ⏱️1m39.462s🌐cashking99.com
226🚚E301❌18 0 0 5 26 56 069 001.3💎00|03 ⏱️1m38.223s🌐cp2077.org
224🚚E301❌19 0 0 5 26 55 070 001.3💎00|03 ⏱️1m38.918s🌐candy96.com
229💻E103❌20 0 0 0 26 54 068 001.3💎00|03 ⏱️1m36.267s🌐boss365au.com
227🚚E301❌21 0 0 0 26 54 069 001.3💎00|03 ⏱️1m38.224s🌐crown69.com
231💻E103❌22 0 0 0 24 53 068 001.3💎00|03 ⏱️1m35.662s🌐cn8au.com
230🚚E301❌23 0 0 0 24 52 068 001.3💎00|03 ⏱️1m35.077s🌐bonza96.com
228🚚E301❌24 0 0 0 22 51 069 001.3💎00|03 ⏱️1m37.411s🌐coospin.com
233💻E103❌25 0 0 0 20 50 067 001.3💎00|03 ⏱️1m34.568s🌐dreamworldau.com
239💻E103❌26 0 0 0 18 50 066 001.3💎00|03 ⏱️1m31.927s🌐cuntspin.com
234🚚E301❌27 0 0 0 16 49 067 001.3💎00|03 ⏱️1m32.831s🌐crownbet.pro
238🚚E301❌28 0 0 0 14 49 066 001.3💎00|03 ⏱️1m32.313s🌐deespin.com
235🚚E301❌29 0 0 0 14 48 067 001.3💎00|03 ⏱️1m33.333s🌐diceau.online
241💻E530❌30 0 0 0 14 47 065 001.2💎00|03 ⏱️1m32.316s🌐e99au.com
232🚚E301❌31 0 0 0 14 46 068 001.3💎00|03 ⏱️1m35.603s🌐cocspin.com
236🚚E301❌32 0 0 0 14 45 066 001.3💎00|03 ⏱️1m37.656s🌐audmachine.com
243💻E103❌33 0 0 0 14 44 065 001.2💎00|03 ⏱️1m35.476s🌐ecstasybaby.com
242🚚E301❌34 0 0 0 12 43 065 001.2💎00|03 ⏱️1m33.593s🌐cuntsick.com
244🚚E301❌35 0 0 0 12 42 064 001.2💎00|03 ⏱️1m34.062s🌐fight22.com
246💻E103❌36 0 0 0 10 41 064 001.2💎00|03 ⏱️1m33.597s🌐epicstar6.com
237🚚E301❌37 0 0 0 8 40 066 001.3💎00|03 ⏱️1m40.066s🌐emperor9.com
247🚚E301❌38 0 0 0 6 39 063 001.2💎00|03 ⏱️1m37.172s🌐fafawinau.com
248🚚E301❌39 0 0 0 6 38 063 001.2💎00|03 ⏱️1m36.076s🌐fastau.co
249🚚E301❌40 0 0 0 4 37 063 001.2💎00|03 ⏱️1m36.527s🌐fortune88au.com
251🚚E301❌41 0 0 0 4 36 062 001.2💎00|03 ⏱️1m33.662s🌐bacca777.com
252🚚E301❌42 0 0 0 4 35 062 001.2💎00|03 ⏱️1m31.514s🌐fuckingmeth.com
254💻E103❌43 0 0 0 4 34 062 001.2💎00|03 ⏱️1m30.453s🌐gowinau.com
250💻E103❌44 0 0 0 4 33 063 001.2💎00|03 ⏱️1m32.071s🌐ea99aud.com
253🚚E301❌45 0 0 0 4 32 062 001.2💎00|03 ⏱️1m31.700s🌐ex77au.com
257💻E103❌46 0 0 0 4 31 061 001.2💎00|03 ⏱️1m30.760s🌐gm9.co
258💻E103❌47 0 0 0 4 30 061 001.2💎00|03 ⏱️1m25.238s🌐goldbet9.net
256🚚E301❌48 0 0 0 2 28 061 001.2💎00|03 ⏱️1m26.437s🌐fuckspin.com
255💻E103❌49 0 0 0 2 28 061 001.2💎00|03 ⏱️1m29.624s🌐gd77.vip
267💻E103❌50 0 0 0 0 27 059 001.1💎00|03 ⏱️1m25.849s🌐hero-99.com
265🚚E301❌51 0 0 0 0 26 059 001.1💎00|03 ⏱️1m26.135s🌐iplay77.com
266🚚E301❌52 0 0 0 0 25 059 001.1💎00|03 ⏱️1m26.550s🌐iwin88au.com
260💻E103❌53 0 0 0 0 24 060 001.2💎00|03 ⏱️1m33.634s🌐bybid9.com
259💻E103❌54 0 0 0 0 23 061 001.2💎00|03 ⏱️1m38.808s🌐gucci9.vip
268🚚E301❌55 0 0 0 0 22 058 001.1💎00|03 ⏱️1m36.581s🌐icebet888.com
261🚚E301❌56 0 0 0 0 21 060 001.1💎00|03 ⏱️1m45.200s🌐hello88au.com
270💻E103❌57 0 0 0 0 20 058 001.1💎00|03 ⏱️1m42.699s🌐lisboa7.com
264🚚E301❌58 0 0 0 0 19 059 001.1💎00|03 ⏱️1m49.558s🌐gday9.com
269🚚E301❌59 0 0 0 0 19 058 001.1💎00|03 ⏱️1m45.456s🌐justwin9.com
271💻E103❌60 0 0 0 0 18 058 001.1💎00|03 ⏱️1m44.823s🌐luckau.co
272💻E103❌61 0 0 0 0 17 058 001.1💎00|03 ⏱️1m43.661s🌐day2spin.com
273💻E103❌62 0 0 0 0 16 057 001.1💎00|03 ⏱️1m41.804s🌐joker33.club
274🚚E301❌63 0 0 0 0 15 057 001.1💎00|03 ⏱️1m37.049s🌐kingaud.com
276💻E103❌64 0 0 0 0 14 057 001.1💎00|03 ⏱️1m30.162s🌐meth688.com
275🚚E301❌65 0 0 0 0 13 057 001.1💎00|03 ⏱️1m30.240s🌐joypokies.com
279💻E103❌66 0 0 0 0 13 056 001.1💎00|03 ⏱️1m22.882s🌐methmeth.com
278🚚E301❌67 0 0 0 0 13 056 001.1💎00|03 ⏱️1m24.090s🌐m1spin.com
281💻E103❌68 0 0 0 0 13 056 001.1💎00|03 ⏱️1m16.845s🌐luckyangels.co
282🚚E301❌69 0 0 0 0 13 056 001.1💎00|03 ⏱️1m16.804s🌐mansion7.fun
283🚚E301❌70 0 0 0 0 13 055 001.1💎00|03 ⏱️1m17.788s🌐mrwin5.com
284🚚E301❌71 0 0 0 0 13 055 001.1💎00|03 ⏱️1m18.621s🌐lv52aud.com
285🚚E301❌72 0 0 0 0 12 055 001.1💎00|03 ⏱️1m19.386s🌐mrwin77au.com
286💻E103❌73 0 0 0 0 12 055 001.0💎00|03 ⏱️1m18.472s🌐mnp88.pro
287💻E103❌74 0 0 0 0 11 055 001.0💎00|03 ⏱️1m18.257s🌐micky13.net
240💻E104❌75 0 0 0 0 10 065 001.2💎00|03 ⏱️1m57.469s🌐enjoy2win99.com
289💻E103❌76 0 0 0 0 9 054 001.0💎00|03 ⏱️1m42.915s🌐ozwin77.com
288🚚E301❌77 0 0 0 0 8 054 001.0💎00|03 ⏱️1m43.248s🌐mrbk8.co
290🚚E301❌78 0 0 0 0 7 054 001.0💎00|03 ⏱️1m43.455s🌐mix9au.com
291🚚E301❌79 0 0 0 0 7 054 001.0💎00|03 ⏱️1m42.887s🌐payday247.net
245💻E104❌80 0 0 0 0 7 064 001.2💎00|03 ⏱️2m26.586s🌐ezbet66.com
293🚚E301❌81 0 0 0 0 7 053 001.0💎00|03 ⏱️2m08.647s🌐msn33.com
294🚚E301❌82 0 0 0 0 7 053 001.0💎00|03 ⏱️2m08.466s🌐gcity56.com
292🚚E301❌83 0 0 0 0 7 054 001.0💎00|03 ⏱️2m10.726s🌐nbapay.com
295💻E103❌84 0 0 0 0 6 053 001.0💎00|03 ⏱️2m09.566s🌐queenau.com
297💻E103❌85 0 0 0 0 6 053 001.0💎00|03 ⏱️1m43.243s🌐n1spin.com
296🚚E301❌86 0 0 0 0 5 053 001.0💎00|03 ⏱️1m43.797s🌐ninjaturtle.vip
298💻E103❌87 0 0 0 0 4 053 001.0💎00|03 ⏱️1m42.227s🌐r8aud.com
300💻E103❌88 0 0 0 0 3 052 001.0💎00|03 ⏱️1m40.842s🌐penguinwin.com
299💻E403❌89 0 0 0 0 3 052 001.0💎00|03 ⏱️1m40.417s🌐gemvault777.com
301🚚E301❌90 0 0 0 0 2 052 001.0💎00|03 ⏱️1m13.696s🌐ibet9au.com
302🚚E301❌91 0 0 0 0 2 052 001.0💎00|03 ⏱️1m13.318s🌐pokiefox.com
304💻E103❌92 0 0 0 0 2 051 001.0💎00|03 ⏱️1m11.822s🌐playmeth.com
303🚚E301❌93 0 0 0 0 2 052 001.0💎00|03 ⏱️1m11.703s🌐sixty9.co
306💻E103❌94 0 0 0 0 2 051 001.0💎00|03 ⏱️1m11.143s🌐slotmeth.com
305🚚E301❌95 0 0 0 0 2 051 001.0💎00|03 ⏱️1m12.073s🌐pokieslab9.com
308💻E103❌96 0 0 0 0 2 051 001.0💎00|03 ⏱️1m11.140s🌐imperium88.com
307🚚E301❌97 0 0 0 0 2 051 001.0💎00|03 ⏱️1m12.332s🌐retro33.com
309💻E103❌98 0 0 0 0 1 051 001.0💎00|03 ⏱️1m12.122s🌐kimberley333.com
310🚚E301❌99 0 0 0 0 1 050 001.0💎00|03 ⏱️1m12.662s🌐rockgold33.com
312💻E103❌100 0 0 0 0 0 050 001.0💎00|03 ⏱️1m11.936s🌐tlcwin.com
315💻E103❌101 0 0 0 0 0 050 001.0💎00|03 ⏱️1m10.446s🌐koala668.co
311🚚E301❌102 0 0 0 0 0 050 001.0💎00|03 ⏱️1m12.406s🌐rizspin.com
314🚚E301❌103 0 0 0 0 0 050 001.0💎00|03 ⏱️1m11.357s🌐rugby77.com
316💻E530❌104 0 0 0 0 0 050 000.9💎00|03 ⏱️1m11.229s🌐spbo11.vip
313💻E103❌105 0 0 0 0 0 050 001.0💎00|03 ⏱️1m12.702s🌐tony99aus.com
317🚚E301❌106 0 0 0 0 0 049 000.9💎00|03 ⏱️1m12.974s🌐macluck9aus.net
321💻E103❌107 0 0 0 0 0 049 000.9💎00|03 ⏱️1m11.141s🌐spin126.com
322💻E103❌108 0 0 0 0 0 049 000.9💎00|03 ⏱️1m10.678s🌐strawberry96.com
320🚚E301❌109 0 0 0 0 0 049 000.9💎00|03 ⏱️1m10.962s🌐mb9.co
323💻E103❌110 0 0 0 0 0 048 000.9💎00|03 ⏱️1m09.883s🌐township64.com
324💻E103❌111 0 0 0 0 0 048 000.9💎00|03 ⏱️1m09.654s🌐vspin365.com
280💻E104❌112 0 0 0 0 0 056 001.1💎00|03 ⏱️1m44.991s🌐fafaau.com
325🚚E301❌113 0 0 0 0 0 048 000.9💎00|03 ⏱️1m31.632s🌐mrau7.com
326🚚E301❌114 0 0 0 0 0 048 000.9💎00|03 ⏱️1m32.276s🌐u99au.com
327🚚E301❌115 0 0 0 0 0 048 000.9💎00|03 ⏱️1m31.264s🌐v12betau.net
330🚚E301❌116 0 0 0 0 0 047 000.9💎00|03 ⏱️1m30.148s🌐xbox98.com
329🚚E301❌117 0 0 0 0 0 048 000.9💎00|03 ⏱️1m32.547s🌐wabet77.com
331🚚E301❌118 0 0 0 0 0 047 000.9💎00|03 ⏱️1m33.279s🌐glorybet88au.com
332🚚E301❌119 0 0 0 0 0 047 000.9💎00|03 ⏱️1m32.971s🌐ninjabet88.vip
334💻E530❌120 0 0 0 0 0 047 000.9💎00|03 ⏱️1m32.647s🌐winmore8.com
333🚚E301❌121 0 0 0 0 0 047 000.9💎00|03 ⏱️1m34.256s🌐weslot88.org
336💻E103❌122 0 0 0 0 0 047 000.9💎00|03 ⏱️1m10.742s🌐zircon33.com
335🚚E301❌123 0 0 0 0 0 047 000.9💎00|03 ⏱️1m11.453s🌐v2plus.me/RF35023619A
338🚚E301❌124 0 0 0 0 0 046 000.9💎00|03 ⏱️1m10.275s🌐pokies4u.co
337🚚E301❌125 0 0 0 0 0 046 000.9💎00|03 ⏱️1m10.742s🌐ioi6.com
339🚚E301❌126 0 0 0 0 0 046 000.9💎00|03 
⏱️1m10.243s🌐matespin77.net/RF390511892
340🚚E301❌127 0 0 0 0 0 046 000.9💎00|03 ⏱️1m08.757s🌐predator9.vip/RF38A599391
341🚚E301❌128 0 0 0 0 0 046 000.9💎00|03 ⏱️1m07.958s🌐aud2u.com/TW21708A028
342🚚E301❌129 0 0 0 0 0 046 000.9💎00|03 
⏱️1m07.873s🌐ridgydidgeau.com/RF19753797
344💻E103❌130 0 0 0 0 0 045 000.9💎00|03 ⏱️1m07.108s🌐kuromiau.com
343🚚E301❌131 0 0 0 0 0 046 000.9💎00|03 ⏱️1m06.840s🌐royale88.club
345🚚E301❌132 0 0 0 0 0 045 000.9💎00|03 
⏱️1m07.454s🌐fairgobets.net/RFA13659937
346🚚E301❌133 0 0 0 0 0 045 000.9💎00|03 ⏱️1m06.780s🌐kazzo88.com/RF3A3572603
347🚚E301❌134 0 0 0 0 0 045 000.9💎00|03 ⏱️1m06.564s🌐spinsx.net/RF269195561
348🚚E301❌135 0 0 0 0 0 045 000.9💎00|03 
⏱️1m06.409s🌐playfortuneau.com/RF22155A55
349🚚E301❌136 0 0 0 0 0 045 000.9💎00|03 ⏱️1m06.451s🌐megawin88au.com
350🚚E301❌137 0 0 0 0 0 045 000.9💎00|03 ⏱️1m06.348s🌐spinsx.net
351🚚E301❌138 0 0 0 0 0 045 000.9💎00|03 ⏱️1m06.248s🌐mates88.com/RFA27809A88
352🚚E301❌139 0 0 0 0 0 044 000.9💎00|03 ⏱️1m05.930s🌐a9win.co/RF327681790
354💻E103❌140 0 0 0 0 0 044 000.8💎00|03 ⏱️1m05.481s🌐unibet7.com
353🚚E301❌141 0 0 0 0 0 044 000.8💎00|03 ⏱️1m05.809s🌐mrvictor9.com
356💻E103❌142 0 0 0 0 0 044 000.8💎00|03 ⏱️1m04.082s🌐ozplay.net
355🚚E301❌143 0 0 0 0 0 044 000.8💎00|03 ⏱️1m06.276s🌐winmate88.com
357🚚E301❌144 0 0 0 0 0 044 000.8💎00|03 ⏱️1m05.909s🌐queen13au.com
358💻E103❌145 0 0 0 0 0 044 000.8💎00|03 
⏱️1m04.692s🌐coralcrownbet.com/RF37578810
360🚚E301❌146 0 0 0 0 0 043 000.8💎00|03 
⏱️1m03.911s🌐fairdinkumbets.com/RFA12532303
361🚚E301❌147 0 0 0 0 0 043 000.8💎00|03 ⏱️1m03.660s🌐sr7aus.com/RF379013306
359🚚E301❌148 0 0 0 0 0 044 000.8💎00|03 ⏱️1m23.001s🌐sega99aud.com
362💻E103❌149 0 0 0 0 0 043 000.8💎00|03 ⏱️1m21.657s🌐thestar99.com
363✅DONE✅01 20 10 5 2 1 043 000.8💎00|03 ⏱️1m23.828s🌐vgs33aus.com
364🚚E301❌01 20 10 5 2 1 043 000.8💎00|03 ⏱️1m23.922s🌐wrbaus.com
365🚚E301❌02 20 10 5 2 1 043 000.8💎00|03 
⏱️1m24.413s🌐supermateau.com/RF22178627
366🚚E301❌03 20 10 5 2 1 043 000.8💎00|03 ⏱️1m22.310s🌐lux96.com/RF352187577
367🚚E301❌04 20 10 5 2 1 043 000.8💎00|03 
⏱️1m22.147s🌐aurorabets.org/RF38213591A

╭──────────────────────────────────────────────────────────────────────────────╮
│                                                                              │
│                        ╭─────── 🏁 RESULTS ────────╮                         │
│                        │ Scraping Complete         │                         │
│                        │   Sites Scraped:  361     │                         │
│                        │   Successful:    159      │                         │
│                        │   Failed:        202      │                         │
│                        │   Success Rate:  44.0%    │                         │
│                        │   Bonuses Found: 227      │                         │
│                        │   New Bonuses:   3        │                         │
│                        │   Elapsed:       00:02:20 │                         │
│                        ╰───────────────────────────╯                         │
│                                                                              │
╰──────────────────────────────────────────────────────────────────────────────╯
                      ● Dashboard at http://127.0.0.1:8000                      
