╭──────────────────────── 🚀 Bonus Scraper Engine v5.0 ────────────────────────╮
│                                                                              │
│ ╭─ ⚡ PERFORMANCE ──╮╭─ 🌐 INFRASTRUCTUR─╮╭───── 📋 JOB ─────╮╭── ERRORS ──╮ │
│ │  Concurrency      ││  Proxy Pool       ││  URLs Queued     ││ ✅ OK      │ │
│ │  20 Workers       ││  0 Active         ││  637             ││ 👻 404     │ │
│ │  Throughput       ││  Proxy Logic      ││  Shuffle         ││ 🚫 403     │ │
│ │  ~600 URLs/min    ││  Per-Worker Pool  ││  No              ││ 🚚 301     │ │
│ │  Delays           │╰───────────────────╯╰──────────────────╯│ 📡 101     │ │
│ │  2.0-2.0s         │                                         │ ☁️ 503     │ │
│ │  Timeout          │                                         │ 🐌 Lag     │ │
│ │  15s              │                                         │ 📉 Track   │ │
│ ╰───────────────────╯                                         │            │ │
│ ╭─ 💻 ENVIRONMENT ──╮╭─ 📊 SYSTEM HEALTH─╮╭── 🛡️ SECURITY ───╮│            │ │
│ │  OS               ││  Status           ││  Auth User       ││            │ │
│ │  Android          ││  🟥 0%            ││  admin           ││            │ │
│ │  Py Version       ││  🔴 10%           ││  SSL Check       ││            │ │
│ │  3.13.13          ││  ❤️  20%          ││  Disabled        ││            │ │
│ ╰───────────────────╯│  🟧 25%           ││  IP Reputation   ││            │ │
│                      │  🟠 35%           ││  0/100           ││            │ │
│                      │  🧡 45%           │╰──────────────────╯│            │ │
│                      │  🟨 50%           │                    │            │ │
│                      │  🟡 60%           │                    ╰────────────╯ │
│                      │  💛 70%           │                                   │
│                      │  🟩 75%           │                                   │
│                      │  🟢 85%           │                                   │
│                      │  💚 95%           │                                   │
│                      │  💚 100%          │                                   │
│                      ╰───────────────────╯                                   │
│ ╭───────────────────────────── 🕵️ USER AGENT ──────────────────────────────╮ │
│ │  User Agent Identity                                                     │ │
│ │  Mozilla/5.0 (Windows NT 10.0; Win64; x64) AppleWebKit/537.36 (KHTML,    │ │
│ │  like Gecko) Chrome/120.0.0.0 Safari/537.36                              │ │
│ ╰──────────────────────────────────────────────────────────────────────────╯ │
│                                                                              │
╰──────────────────────────────────────────────────────────────────────────────╯
╭──────────────────────────────────────────────────────────────────────────────╮
│             📡 COMMAND DASHBOARD ACTIVE : http://127.0.0.1:8000              │
╰──────────────────────────────────────────────────────────────────────────────╯
                   ● SYSTEM READY PRESS [CTRL+C] TO TERMINATE                   
004💻E103❌01 0 0 0 0 0 000 000.0💎00|00 ⏱️2m22.737s🌐spade69.co
002✅DONE✅01 50 50 50 50 50 050 000.0💎00|00 ⏱️2m41.594s🌐aud365.co
001✅DONE✅02 66 66 66 66 66 200 000.0💎00|00 ⏱️2m50.994s🌐umi999.com
003✅DONE✅03 75 75 75 75 75 100 000.0💎00|00 ⏱️2m55.724s🌐glorya77.com
010✅DONE✅04 80 80 80 80 80 040 000.0💎00|00 ⏱️2m56.675s🌐panda95au.com
006✅DONE✅05 💯 💯 💯 💯 💯 083 000.0💎00|00 ⏱️3m00.479s🌐ufo9.asia
008✅DONE✅06 💯 💯 💯 💯 💯 075 000.0💎00|00 ⏱️3m01.812s🌐jackpotau.com
009✅DONE✅07 💯 💯 💯 💯 💯 077 000.0💎00|00 ⏱️3m03.298s🌐unitedau.com
014✅DONE✅08 💯 💯 💯 💯 💯 057 000.0💎00|00 ⏱️3m03.438s🌐pesi13.com
021✅DONE✅09 💯 90 90 90 90 042 000.0💎00|00 ⏱️3m01.357s🌐vvip15au.com
029💻E103❌01 80 90 90 90 90 031 000.0💎00|00 ⏱️2m57.728s🌐cbr8aus.com
018✅DONE✅01 80 90 90 90 90 055 000.0💎00|00 ⏱️3m09.994s🌐truewin77.com
007✅DONE✅02 80 90 90 90 90 157 000.0💎00|00 ⏱️3m23.107s🌐crown69.co
013✅DONE✅03 80 90 90 90 90 092 000.0💎00|00 ⏱️3m30.502s🌐audwin9.com
016✅DONE✅04 80 90 90 90 90 087 000.0💎00|00 ⏱️3m38.950s🌐thepokies33.com
017✅DONE✅05 💯 90 90 90 90 088 000.0💎00|00 ⏱️3m47.676s🌐thepokies96.com
015✅DONE✅06 💯 90 90 90 90 100 000.0💎00|00 ⏱️3m57.748s🌐pokies4bet.com
012✅DONE✅07 💯 90 90 90 90 133 000.0💎00|00 ⏱️4m08.629s🌐bonus96.com
011✅DONE✅08 💯 90 90 90 90 154 000.0💎00|00 ⏱️4m18.804s🌐diamondaud.com
022✅DONE✅09 💯 90 90 90 90 081 000.0💎00|00 ⏱️4m14.681s🌐ijoker88au.com
023✅DONE✅10 💯 💯 95 95 95 082 000.0💎00|00 ⏱️4m19.849s🌐enjoy96.com
027✅DONE✅11 💯 💯 95 95 95 074 000.0💎00|00 ⏱️4m10.097s🌐tab9au.com
026✅DONE✅12 💯 💯 95 95 95 080 000.0💎00|00 ⏱️4m01.308s🌐mkaus.co
020💻E103❌01 80 90 90 90 90 105 000.0💎00|00 ⏱️4m06.751s🌐topaz33.com
024✅DONE✅01 80 90 90 90 90 091 000.0💎00|00 ⏱️3m56.504s🌐jaws68.com
028✅DONE✅02 80 90 90 90 90 082 000.0💎00|00 ⏱️3m45.878s🌐onewin9.com
025✅DONE✅03 80 90 90 90 90 096 000.0💎00|00 ⏱️3m39.240s🌐prime96.com
033🚚E301❌01 60 80 85 85 85 072 000.0💎00|00 ⏱️3m24.229s🌐efa99aus.com
034✅DONE✅01 80 80 85 85 85 073 000.0💎00|00 ⏱️3m15.374s🌐jw8au.com
031✅DONE✅02 80 80 85 85 85 083 000.0💎00|00 ⏱️3m20.975s🌐mee88aus.com
032🚚E301❌01 60 70 85 85 85 084 000.0💎00|00 ⏱️3m25.071s🌐cr33au.com
038🚚E301❌02 40 60 80 80 80 071 000.0💎00|00 ⏱️3m25.403s🌐gwin9au.com
036✅DONE✅01 60 60 80 80 80 080 000.0💎00|00 ⏱️3m28.852s🌐pp99au.com
045✅DONE✅02 60 70 80 80 80 064 000.0💎00|00 ⏱️3m13.958s🌐cergas.online
037✅DONE✅03 60 70 80 80 80 081 000.0💎00|00 ⏱️3m19.151s🌐dd8au.com
035✅DONE✅04 80 70 80 80 80 088 000.0💎00|00 ⏱️3m23.038s🌐crown777au.com
040✅DONE✅05 💯 70 80 80 80 080 000.0💎00|00 ⏱️3m22.509s🌐cyberpunk369.com
039✅DONE✅06 💯 80 80 80 80 084 000.0💎00|00 ⏱️3m28.412s🌐keno99.com
044✅DONE✅07 💯 80 80 80 80 077 000.0💎00|00 ⏱️3m26.388s🌐ispeed88au.com
042✅DONE✅08 💯 80 80 80 80 083 000.0💎00|00 ⏱️3m24.363s🌐richspinau.com
041✅DONE✅09 💯 90 80 80 80 087 000.0💎00|00 ⏱️3m23.666s🌐inskingdom8.com
047🚚E301❌01 80 90 75 75 75 078 000.0💎00|00 ⏱️3m20.119s🌐venus55.com
030✅DONE✅01 80 90 75 75 75 126 000.0💎00|00 ⏱️3m30.858s🌐sapphireaud.com
046✅DONE✅02 80 90 80 80 80 084 000.0💎00|00 ⏱️3m27.031s🌐kingpower365.com
043✅DONE✅03 80 90 80 80 80 093 000.0💎00|00 ⏱️3m28.310s🌐ii89au.com
048✅DONE✅04 80 90 80 80 80 085 000.0💎00|00 ⏱️3m22.189s🌐race96.com
049✅DONE✅05 💯 90 80 80 80 085 004.1💎02|02 ⏱️3m20.132s🌐aud99.com
055✅DONE✅06 💯 90 85 85 85 078 003.6💎00|02 ⏱️3m14.361s🌐iw99au.com
051✅DONE✅07 💯 90 85 85 85 086 003.9💎00|02 ⏱️3m16.114s🌐thestar.asia
050✅DONE✅08 💯 90 85 86 86 090 004.0💎00|02 ⏱️3m17.311s🌐skygate9au.com
056✅DONE✅09 💯 90 90 88 88 082 003.6💎00|02 ⏱️3m14.081s🌐play369.co
052✅DONE✅10 💯 💯 95 88 88 090 003.8💎00|02 ⏱️3m17.592s🌐weplay88.com
053✅DONE✅11 💯 💯 95 88 88 090 003.8💎00|02 ⏱️3m12.447s🌐pokiesbillion.com
058✅DONE✅12 💯 💯 95 88 88 084 003.4💎00|02 ⏱️3m10.485s🌐candymommy.co
054✅DONE✅13 💯 💯 95 88 88 092 003.7💎00|02 ⏱️3m11.476s🌐speedau.live
059✅DONE✅14 💯 💯 95 88 88 086 003.4💎00|02 ⏱️3m12.965s🌐world99aud.com
057✅DONE✅15 💯 💯 95 88 88 091 003.5💎00|02 ⏱️3m15.090s🌐reef33.vip
064✅DONE✅16 💯 💯 95 88 88 082 003.1💎00|02 ⏱️3m14.890s🌐1spinnwin.com
061✅DONE✅17 💯 💯 95 88 88 088 003.3💎00|02 ⏱️3m16.952s🌐royalaud.com
065✅DONE✅18 💯 💯 95 88 88 086 003.1💎00|02 ⏱️3m14.680s🌐spincrown33.com
063✅DONE✅19 💯 💯 95 90 90 088 003.2💎00|02 ⏱️3m16.420s🌐mrpokies77.com
066✅DONE✅20 💯 💯 💯 90 90 086 003.0💎00|02 ⏱️3m14.114s🌐dolphin88.co
060✅DONE✅21 💯 💯 💯 90 90 096 003.3💎00|02 ⏱️3m20.487s🌐we1winau.com
067✅DONE✅22 💯 💯 💯 90 90 088 003.0💎00|02 ⏱️3m16.246s🌐win99aud.com
068✅DONE✅23 💯 💯 💯 90 90 088 002.9💎00|02 ⏱️3m12.425s🌐royale9au.com
069✅DONE✅24 💯 💯 💯 90 90 088 002.9💎00|02 ⏱️3m08.903s🌐rolex9.net
070✅DONE✅25 💯 💯 💯 90 90 088 002.9💎00|02 ⏱️3m04.393s🌐me99aud.com
072🚚E301❌01 80 90 95 88 88 086 002.8💎00|02 ⏱️3m00.660s🌐bondi333.com
074✅DONE✅01 80 90 95 88 88 085 002.7💎00|02 ⏱️2m56.276s🌐riches88.live
075✅DONE✅02 80 90 95 88 88 085 002.7💎00|02 ⏱️2m53.209s🌐lego66.co
077✅DONE✅03 80 90 95 88 88 084 002.6💎00|02 ⏱️2m48.431s🌐22pokies.com
076✅DONE✅04 80 90 95 88 88 086 002.6💎00|02 ⏱️2m46.308s🌐play77au.com
079🚚E301❌01 80 80 90 86 86 083 002.5💎00|02 ⏱️2m37.077s🌐spaceman369.com
078✅DONE✅01 80 80 90 88 88 085 002.6💎00|02 ⏱️2m37.389s🌐ipay9aud.com
081✅DONE✅02 80 80 90 88 88 083 002.5💎00|02 ⏱️2m36.141s🌐play99au.com
071✅DONE✅03 80 80 90 88 88 097 002.8💎00|02 ⏱️2m41.447s🌐hb88au.com
080✅DONE✅04 80 80 90 88 88 087 002.5💎00|02 ⏱️2m39.849s🌐in8.one
082✅DONE✅05 💯 90 90 90 90 086 002.4💎00|02 ⏱️2m39.255s🌐space9au.com
073✅DONE✅06 💯 90 90 90 90 098 002.7💎00|02 ⏱️2m45.317s🌐crown155au.com
083✅DONE✅07 💯 90 90 90 90 087 002.4💎00|02 ⏱️2m41.453s🌐safeau.net
089✅DONE✅08 💯 90 90 92 92 083 002.2💎00|02 ⏱️2m37.891s🌐mrbet9au.info
084✅DONE✅09 💯 90 90 94 94 089 002.4💎00|02 ⏱️2m39.707s🌐starspin996.com
085✅DONE✅10 💯 💯 90 94 94 089 002.4💎00|02 ⏱️2m40.119s🌐zeroaud.com
086✅DONE✅11 💯 💯 90 94 94 089 002.3💎00|02 ⏱️2m38.901s🌐mrbean9.com
088✅DONE✅12 💯 💯 90 94 94 088 002.3💎00|02 ⏱️2m37.442s🌐luxe66.com
087✅DONE✅13 💯 💯 90 94 94 090 002.3💎00|02 ⏱️2m35.443s🌐ezaud.com
092✅DONE✅14 💯 💯 90 94 94 086 002.2💎00|02 ⏱️2m33.216s🌐skyspin96.co
093✅DONE✅15 💯 💯 95 94 94 088 002.2💎00|02 ⏱️2m33.205s🌐gold77au.com
091✅DONE✅16 💯 💯 95 94 94 090 002.2💎00|02 ⏱️2m30.825s🌐waboom77.com
096✅DONE✅17 💯 💯 95 94 94 086 002.1💎00|02 ⏱️2m29.413s🌐spinup77.com
095✅DONE✅18 💯 💯 95 94 94 088 002.1💎00|02 ⏱️2m31.190s🌐ezspin68.vip
094✅DONE✅19 💯 💯 95 96 96 090 002.1💎00|02 ⏱️2m31.494s🌐penguin88.club
099✅DONE✅20 💯 💯 💯 96 96 086 002.0💎00|02 ⏱️2m29.181s🌐luxeau777.com
098✅DONE✅21 💯 💯 💯 96 96 088 002.0💎00|02 ⏱️2m29.606s🌐kangaroobet88.com
100✅DONE✅22 💯 💯 💯 96 96 088 003.0💎01|03 ⏱️2m29.773s🌐cyberbet77.com
106💻E103❌01 80 90 95 94 94 083 002.8💎00|03 ⏱️2m23.791s🌐tab968.com
102✅DONE✅01 80 90 95 94 94 087 002.9💎00|03 ⏱️2m25.302s🌐1bigwin.com
101✅DONE✅02 80 90 95 94 94 089 003.0💎00|03 ⏱️2m25.746s🌐neolux.vip
103✅DONE✅03 80 90 95 94 94 089 002.9💎00|03 ⏱️2m25.378s🌐fuckmate.co
104🚚E301❌01 60 80 90 92 89 088 002.9💎00|03 ⏱️2m26.060s🌐rubyaud.com
105✅DONE✅01 80 80 90 92 90 088 002.9💎00|03 ⏱️2m27.025s🌐audgaming8.com
107✅DONE✅02 80 80 90 92 90 087 002.8💎00|03 ⏱️2m25.935s🌐trust88au.com
110✅DONE✅03 80 80 90 92 90 086 002.7💎00|03 ⏱️2m25.390s🌐au21.net
111✅DONE✅04 80 80 90 92 90 086 002.7💎00|03 ⏱️2m25.034s🌐betus10.co
109✅DONE✅05 💯 80 90 92 90 088 002.8💎00|03 ⏱️2m25.682s🌐aussie96.com
108✅DONE✅06 💯 90 90 92 90 090 002.8💎00|03 ⏱️2m30.747s🌐ubet96.com
115🚚E301❌01 80 80 85 90 89 086 002.6💎00|03 ⏱️2m27.205s🌐avg88.com
112🚚E301❌02 60 70 80 88 88 088 002.7💎00|03 ⏱️2m28.402s🌐sp77aud.co
113✅DONE✅01 60 70 80 88 88 088 002.7💎00|03 ⏱️2m27.666s🌐cashnet99.com
114✅DONE✅02 60 80 80 88 88 088 002.6💎00|03 ⏱️2m27.466s🌐neiro55.com
116✅DONE✅03 60 80 80 88 89 087 002.6💎00|03 ⏱️2m26.708s🌐super996.com
125🚚E301❌01 60 70 75 86 88 081 002.4💎00|03 ⏱️2m21.467s🌐fantasy33.com
120✅DONE✅01 80 70 75 86 88 085 002.5💎00|03 ⏱️2m23.853s🌐luckymate88.com
119✅DONE✅02 80 70 75 86 88 087 002.5💎00|03 ⏱️2m24.871s🌐maxspin7.com
117✅DONE✅03 80 70 75 86 88 089 002.6💎00|03 ⏱️2m26.919s🌐ubet66aus.com
118✅DONE✅04 80 70 80 86 88 089 002.5💎00|03 ⏱️2m27.636s🌐spinfortune777.com
121✅DONE✅05 💯 80 80 86 88 088 002.5💎00|03 ⏱️2m28.956s🌐gembetaus.com
123🚚E301❌01 80 80 75 86 87 086 002.4💎00|03 ⏱️2m27.587s🌐ausbet88.com
124🚚E301❌02 60 70 70 84 86 086 002.4💎00|03 ⏱️2m26.796s🌐fc8au.com
130🚚E301❌03 40 60 70 82 85 082 002.3💎00|03 ⏱️2m22.780s🌐aus789.com
129🚚E301❌04 20 50 65 80 84 082 002.3💎00|03 ⏱️2m21.051s🌐select777.net
127🚚E301❌05 0 50 60 78 83 084 002.4💎00|03 ⏱️2m22.898s🌐wildngo.net
122🚚E301❌06 0 40 55 78 82 087 002.5💎00|03 ⏱️2m24.987s🌐vip77.club
126🚚E301❌07 0 30 50 76 82 084 002.4💎00|03 ⏱️2m23.403s🌐betworld96au.com
131🚚E301❌08 0 20 45 74 81 081 002.3💎00|03 ⏱️2m17.934s🌐kingdom9aus.com
132🚚E301❌09 0 10 40 72 80 081 002.3💎00|03 ⏱️2m14.147s🌐kangaroo88.com
133🚚E301❌10 0 0 40 70 79 080 002.3💎00|03 ⏱️2m10.679s🌐audgo.net
135🚚E301❌11 0 0 40 68 79 079 002.2💎00|03 ⏱️2m07.878s🌐ss9au.net
136🚚E301❌12 0 0 35 66 78 078 002.2💎00|03 ⏱️2m05.444s🌐1winbet369.com
137🚚E301❌13 0 0 30 64 77 078 002.2💎00|03 ⏱️2m05.200s🌐redspin88.com
138🚚E301❌14 0 0 25 62 77 077 002.2💎00|03 ⏱️2m04.154s🌐auboss.co
139🚚E301❌15 0 0 25 60 77 076 002.2💎00|03 ⏱️2m03.276s🌐decho34.com
140🚚E301❌16 0 0 20 57 76 076 002.1💎00|03 ⏱️1m59.728s🌐bigpay77.net
141🚚E301❌17 0 0 15 56 75 075 002.1💎00|03 ⏱️1m57.699s🌐dns33.com
142🚚E301❌18 0 0 10 54 74 075 002.1💎00|03 ⏱️1m58.316s🌐rolex66.vip
144🚚E301❌19 0 0 5 52 73 074 002.1💎00|03 ⏱️1m58.176s🌐tiger88.games
145🚚E301❌20 0 0 0 50 72 073 002.1💎00|03 ⏱️1m58.724s🌐slotmate88.com
147🚚E301❌21 0 0 0 48 71 072 002.0💎00|03 ⏱️1m58.110s🌐eq9au.com
148🚚E301❌22 0 0 0 46 70 072 002.0💎00|03 ⏱️1m57.719s🌐acehighwin.com
149🚚E301❌23 0 0 0 44 69 071 002.0💎00|03 ⏱️1m57.127s🌐kingtech88.com
146✅DONE✅01 20 10 5 44 69 073 002.1💎00|03 ⏱️1m58.905s🌐nightclubaus.com
151🚚E301❌01 20 10 5 42 69 071 002.0💎00|03 ⏱️1m57.163s🌐nextpokies.com
150🚚E301❌02 20 10 5 40 68 072 002.0💎00|03 ⏱️1m57.068s🌐speed9.co
152🚚E301❌03 20 10 5 38 67 071 002.0💎00|03 ⏱️1m55.708s🌐aud2u.com
153🚚E301❌04 20 10 5 36 66 070 002.0💎00|03 ⏱️1m54.612s🌐u2win.online
154🚚E301❌05 0 10 5 36 65 070 001.9💎00|03 ⏱️1m53.439s🌐aud33.com
155🚚E301❌06 0 10 5 34 64 069 001.9💎00|03 ⏱️1m52.535s🌐gofun33.com
157🚚E301❌07 0 10 5 32 63 068 001.9💎00|03 ⏱️1m52.081s🌐lion88.website
156🚚E301❌08 0 10 5 30 62 069 001.9💎00|03 ⏱️1m52.673s🌐zebra88.club
158🚚E301❌09 0 10 5 30 61 068 001.9💎00|03 ⏱️1m52.401s🌐epicpokies.com
159🚚E301❌10 0 0 5 28 60 067 001.9💎00|03 ⏱️1m50.939s🌐magicspin77aus.com
161🚚E301❌11 0 0 5 26 59 067 001.9💎00|03 ⏱️1m50.413s🌐7pokies.com
160🚚E301❌12 0 0 5 24 57 067 001.9💎00|03 ⏱️1m50.876s🌐intensityaus.com
162🚚E301❌13 0 0 5 22 56 066 001.9💎00|03 ⏱️1m50.468s🌐win29.club
165🚚E301❌14 0 0 5 20 56 065 001.8💎00|03 ⏱️1m49.718s🌐mb9au.net
167🚚E301❌15 0 0 5 18 55 064 001.8💎00|03 ⏱️1m49.828s🌐clubimperioaus.com
166🚚E301❌16 0 0 5 18 54 065 001.8💎00|03 ⏱️1m50.772s🌐ozlotto88.com
168🚚E301❌17 0 0 5 18 53 064 001.8💎00|03 ⏱️1m53.806s🌐raabet9.com
169🚚E301❌18 0 0 5 16 52 063 001.8💎00|03 ⏱️1m56.869s🌐auslot7.com
172🚚E301❌19 0 0 5 14 51 062 001.7💎00|03 ⏱️1m57.024s🌐betworld168.vip
175🚚E301❌20 0 0 0 12 50 061 001.7💎00|03 ⏱️1m56.641s🌐rec99au.com
173🚚E301❌21 0 0 0 12 49 062 001.7💎00|03 ⏱️1m58.362s🌐solidluck33.com
171🚚E301❌22 0 0 0 10 48 063 001.8💎00|03 ⏱️2m00.429s🌐fatchoy66.club
174✅DONE✅01 20 10 5 10 48 062 001.7💎00|03 ⏱️2m01.152s🌐class777.com
177🚚E301❌01 20 10 5 8 47 061 001.7💎00|03 ⏱️2m00.618s🌐enjoy33.vip
176🚚E301❌02 20 10 5 6 46 061 001.7💎00|03 ⏱️2m00.733s🌐won96.com
179🚚E301❌03 20 10 5 4 45 060 001.7💎00|03 ⏱️1m59.471s🌐ozreel88.com
180🚚E301❌04 20 10 5 4 45 060 001.7💎00|03 ⏱️1m56.303s🌐12playau.com
181🚚E301❌05 0 10 5 4 44 060 001.7💎00|03 ⏱️1m52.711s🌐44spin.com
182🚚E301❌06 0 10 5 4 43 059 001.6💎00|03 ⏱️1m51.538s🌐100pokies.com
178🚚E301❌07 0 10 5 4 42 061 001.7💎00|03 ⏱️1m54.040s🌐77au.net
183🚚E301❌08 0 10 5 4 41 059 001.6💎00|03 ⏱️1m52.593s🌐11win.com
185🚚E301❌09 0 10 5 4 41 058 001.6💎00|03 ⏱️1m53.606s🌐1aupokies.com
189🚚E301❌10 0 0 5 4 40 057 001.6💎00|03 ⏱️1m51.422s🌐aristocratau.com
191🚚E301❌11 0 0 5 4 39 057 001.6💎00|03 ⏱️1m50.925s🌐au55.co
187💻E103❌12 0 0 5 4 38 058 001.6💎00|03 ⏱️1m52.951s🌐22luckyspin.com
186🚚E301❌13 0 0 5 4 37 058 001.6💎00|03 ⏱️1m58.084s🌐99uber.com
192🚚E301❌14 0 0 5 4 36 056 001.6💎00|03 ⏱️1m56.421s🌐a9aud.com
190🚚E301❌15 0 0 5 4 35 057 001.6💎00|03 ⏱️1m58.785s🌐a99au.com
188🚚E301❌16 0 0 5 4 34 057 001.6💎00|03 ⏱️2m01.514s🌐aawin68.com
184💻E103❌17 0 0 5 4 33 059 001.6💎00|03 ⏱️2m09.130s🌐66spin.com
193💻E103❌18 0 0 5 4 32 056 001.6💎00|03 ⏱️2m04.521s🌐aba33aus.com
194💻E103❌19 0 0 5 4 31 056 001.5💎00|03 ⏱️1m59.758s🌐auspokies7.co
195💻E103❌20 0 0 0 4 30 055 001.5💎00|03 ⏱️1m57.967s🌐aussiebt.net
197💻E103❌21 0 0 0 4 28 055 001.5💎00|03 ⏱️1m56.125s🌐aud77.net
196🚚E301❌22 0 0 0 4 28 055 001.5💎00|03 ⏱️1m55.427s🌐afl88.com
198🚚E301❌23 0 0 0 4 27 055 001.5💎00|03 ⏱️1m52.827s🌐aus26.com
199💻E403❌24 0 0 0 4 26 054 001.5💎00|03 ⏱️1m54.692s🌐auraaud.com
201💻E103❌25 0 0 0 4 25 054 001.5💎00|03 ⏱️1m54.420s🌐arkspin.com
204🚚E301❌26 0 0 0 4 24 053 001.5💎00|03 ⏱️1m51.438s🌐bn8aus.com
203🚚E301❌27 0 0 0 2 23 053 001.5💎00|03 ⏱️1m43.920s🌐blaze007.com
205💻E103❌28 0 0 0 2 22 053 001.5💎00|03 ⏱️1m44.586s🌐avengeraus1.com
206💻E103❌29 0 0 0 2 21 052 001.5💎00|03 ⏱️1m44.414s🌐auspin8.com
200🚚E301❌30 0 0 0 2 20 054 001.5💎00|03 ⏱️1m50.469s🌐aus4win.com
202💻E103❌31 0 0 0 2 19 053 001.5💎00|03 ⏱️1m53.661s🌐ausbet99.com
143🚚E301❌32 0 0 0 2 19 076 002.1💎00|03 ⏱️2m55.742s🌐spinking.co
209💻E103❌33 0 0 0 2 18 052 001.4💎00|03 ⏱️2m28.164s🌐aussie8.net
207🚚E301❌34 0 0 0 2 17 052 001.4💎00|03 ⏱️2m26.472s🌐betjohn.net
208🚚E301❌35 0 0 0 2 16 052 001.4💎00|03 ⏱️2m24.257s🌐bet365aud.com
211🚚E301❌36 0 0 0 2 16 051 001.4💎00|03 ⏱️2m23.183s🌐cp2077.org
212🚚E301❌37 0 0 0 2 15 051 001.4💎00|03 ⏱️2m22.604s🌐bonza96.com
214🚚E301❌38 0 0 0 2 14 050 001.4💎00|03 ⏱️2m22.200s🌐betmeth.com
215🚚E301❌39 0 0 0 2 13 050 001.4💎00|03 ⏱️2m23.100s🌐betzilla88.com
216💻E403❌40 0 0 0 2 12 050 001.4💎00|03 ⏱️2m18.786s🌐koala88.co
213🚚E301❌41 0 0 0 2 11 051 001.4💎00|03 ⏱️2m17.908s🌐bk8aus.com
210🚚E301❌42 0 0 0 2 10 051 001.4💎00|03 ⏱️1m39.516s🌐crown69.com
217💻E103❌43 0 0 0 2 10 050 001.4💎00|03 ⏱️1m37.889s🌐bmb99.com
219💻E103❌44 0 0 0 2 10 049 001.4💎00|03 ⏱️1m36.218s🌐candylucks.net
218💻E103❌45 0 0 0 2 9 050 001.4💎00|03 ⏱️1m36.536s🌐cashking99.com
221🚚E301❌46 0 0 0 2 8 049 001.4💎00|03 ⏱️1m36.314s🌐cuntsick.com
225💻E103❌47 0 0 0 2 7 048 001.3💎00|03 ⏱️1m34.830s🌐cola88au.co
222🚚E301❌48 0 0 0 2 7 049 001.4💎00|03 ⏱️1m35.719s🌐check-in77.com
224🚚E301❌49 0 0 0 2 6 048 001.3💎00|03 ⏱️1m35.572s🌐live77bet.com
223🚚E301❌50 0 0 0 0 5 048 001.3💎00|03 ⏱️1m37.144s🌐checkmate7.com
227🚚E301❌51 0 0 0 0 4 048 001.3💎00|03 ⏱️1m35.631s🌐crn7.com
220🚚E301❌52 0 0 0 0 3 049 001.4💎00|03 ⏱️1m40.350s🌐emperor9.com
228🚚E301❌53 0 0 0 0 2 047 001.3💎00|03 ⏱️1m41.043s🌐dg6au.com
232💻E103❌54 0 0 0 0 2 046 001.3💎00|03 ⏱️1m40.066s🌐dreamworldau.com
229🚚E301❌55 0 0 0 0 2 047 001.3💎00|03 ⏱️1m40.989s🌐diceau.online
234💻E103❌56 0 0 0 0 2 046 001.3💎00|03 ⏱️1m38.139s🌐drift668.co
231🚚E301❌57 0 0 0 0 2 047 001.3💎00|03 ⏱️1m39.727s🌐ebet9au.com
230🚚E301❌58 0 0 0 0 2 047 001.3💎00|03 ⏱️1m39.910s🌐ex77au.com
233🚚E301❌59 0 0 0 0 2 046 001.3💎00|03 ⏱️1m38.641s🌐vpower8.com
236🚚E301❌60 0 0 0 0 2 046 001.3💎00|03 ⏱️1m37.805s🌐fuckspin.com
235🚚E301❌61 0 0 0 0 2 046 001.3💎00|03 ⏱️1m39.991s🌐enjoy007.com
