╭──────────────────────── 🚀 Bonus Scraper Engine v5.0 ────────────────────────╮
│                                                                              │
│ ╭─ ⚡ PERFORMANCE ──╮╭─ 🌐 INFRASTRUCTUR─╮╭───── 📋 JOB ─────╮╭── ERRORS ──╮ │
│ │  Concurrency      ││  Proxy Pool       ││  URLs Queued     ││ ✅ OK      │ │
│ │  20 Workers       ││  0 Active         ││  637             ││ 👻 404     │ │
│ │  Throughput       ││  Proxy Logic      ││  Shuffle         ││ 🚫 403     │ │
│ │  ~600 URLs/min    ││  Per-Worker Pool  ││  No              ││ 🚚 301     │ │
│ │  Delays           │╰───────────────────╯╰──────────────────╯│ 📡 101     │ │
│ │  2.0-2.0s         │                                         │ ☁️ 503     │ │
│ │  Timeout          │                                         │ 🐌 Lag     │ │
│ │  15s              │                                         │ 📉 Track   │ │
│ ╰───────────────────╯                                         │            │ │
│ ╭─ 💻 ENVIRONMENT ──╮╭─ 📊 SYSTEM HEALTH─╮╭── 🛡️ SECURITY ───╮│            │ │
│ │  OS               ││  Status           ││  Auth User       ││            │ │
│ │  Android          ││  🟥 0%            ││  admin           ││            │ │
│ │  Py Version       ││  🔴 10%           ││  SSL Check       ││            │ │
│ │  3.13.13          ││  ❤️  20%          ││  Disabled        ││            │ │
│ ╰───────────────────╯│  🟧 25%           ││  IP Reputation   ││            │ │
│                      │  🟠 35%           ││  0/100           ││            │ │
│                      │  🧡 45%           │╰──────────────────╯│            │ │
│                      │  🟨 50%           │                    │            │ │
│                      │  🟡 60%           │                    ╰────────────╯ │
│                      │  💛 70%           │                                   │
│                      │  🟩 75%           │                                   │
│                      │  🟢 85%           │                                   │
│                      │  💚 95%           │                                   │
│                      │  💚 100%          │                                   │
│                      ╰───────────────────╯                                   │
│ ╭───────────────────────────── 🕵️ USER AGENT ──────────────────────────────╮ │
│ │  User Agent Identity                                                     │ │
│ │  Mozilla/5.0 (Windows NT 10.0; Win64; x64) AppleWebKit/537.36 (KHTML,    │ │
│ │  like Gecko) Chrome/120.0.0.0 Safari/537.36                              │ │
│ ╰──────────────────────────────────────────────────────────────────────────╯ │
│                                                                              │
╰──────────────────────────────────────────────────────────────────────────────╯
╭──────────────────────────────────────────────────────────────────────────────╮
│             📡 COMMAND DASHBOARD ACTIVE : http://127.0.0.1:8000              │
╰──────────────────────────────────────────────────────────────────────────────╯
                   ● SYSTEM READY PRESS [CTRL+C] TO TERMINATE                   
015🚚E301❌01 0 0 0 0 0 000 000.0💎00|00 ⏱️3m20.111s🌐audwin9.com
006✅DONE✅01 50 50 50 50 50 016 000.0💎00|00 ⏱️3m30.184s🌐glorya77.com
001✅DONE✅02 66 66 66 66 66 200 000.0💎00|00 ⏱️3m36.859s🌐cyberbet77.com
010🚚E301❌01 50 50 50 50 50 020 000.0💎00|00 ⏱️3m35.690s🌐cr33au.com
017🚚E301❌02 40 40 40 40 40 017 000.0💎00|00 ⏱️3m36.322s🌐cyberpunk369.com
019✅DONE✅01 60 60 60 60 60 015 000.0💎00|00 ⏱️3m37.826s🌐g9aus.com
005✅DONE✅02 60 60 60 60 60 080 000.0💎00|00 ⏱️3m45.876s🌐ff96au.com
004✅DONE✅03 60 60 60 60 60 125 000.0💎00|00 ⏱️3m49.163s🌐vvip15au.com
014✅DONE✅04 80 80 80 80 80 057 000.0💎00|00 ⏱️3m47.734s🌐inskingdom8.com
002✅DONE✅05 💯 70 70 70 70 400 000.0💎00|00 ⏱️3m54.881s🌐cashnet99.com
003✅DONE✅06 💯 80 80 80 80 266 000.0💎00|00 ⏱️4m00.088s🌐crown69.co
013🚚E301❌01 80 70 70 70 70 061 000.0💎00|00 ⏱️3m59.817s🌐race96.com
018🚚E301❌02 60 60 60 60 60 050 000.0💎00|00 ⏱️4m00.851s🌐in8.one
007🚚E301❌03 40 60 60 60 60 128 000.0💎00|00 ⏱️4m08.825s🌐aud365.co
008✅DONE✅01 40 70 70 70 70 112 000.0💎00|00 ⏱️4m11.205s🌐ijoker88au.com
016✅DONE✅02 40 70 70 70 70 062 000.0💎00|00 ⏱️4m10.551s🌐ispeed88au.com
011✅DONE✅03 60 70 70 70 70 100 000.0💎00|00 ⏱️4m14.583s🌐onyxaud.com
020✅DONE✅04 80 70 70 70 70 060 010.0💎02|02 ⏱️4m12.116s🌐aud99.com
021✅DONE✅05 💯 70 70 70 70 061 009.5💎00|02 ⏱️4m05.808s🌐audgaming8.com
022✅DONE✅06 💯 70 70 70 70 063 009.1💎00|02 ⏱️3m57.518s🌐pokiesbillion.com
023✅DONE✅07 💯 70 75 75 75 065 008.7💎00|02 ⏱️3m49.330s🌐speedau.live
027✅DONE✅08 💯 80 75 75 75 059 007.4💎00|02 ⏱️3m39.595s🌐ipay9aud.com
024✅DONE✅09 💯 90 75 75 75 070 008.3💎00|02 ⏱️3m34.013s🌐king88pokies.com
026✅DONE✅01 80 90 80 80 80 069 007.7💎00|02 ⏱️3m18.889s🌐1bigwin.com
031🚚E301❌01 80 90 75 75 75 058 006.5💎00|02 ⏱️3m23.571s🌐luxeau777.com
037✅DONE✅02 80 90 80 80 80 051 005.4💎00|02 ⏱️3m07.593s🌐candymommy.co
029✅DONE✅03 80 90 80 80 80 068 006.9💎00|02 ⏱️3m02.293s🌐mrpokies77.com
035✅DONE✅04 80 90 80 80 80 060 005.7💎00|02 ⏱️2m53.478s🌐neiro55.com
030✅DONE✅05 💯 90 80 80 80 073 006.7💎00|02 ⏱️2m55.328s🌐jackpotau.com
034✅DONE✅06 💯 90 80 80 80 067 005.9💎00|02 ⏱️2m55.406s🌐aus2u.com
033✅DONE✅07 💯 90 80 80 80 072 006.1💎00|02 ⏱️2m56.986s🌐cergas.online
032✅DONE✅08 💯 90 85 85 85 078 006.2💎00|02 ⏱️3m00.063s🌐ezspin68.vip
038✅DONE✅09 💯 90 90 90 90 068 005.3💎00|02 ⏱️2m59.027s🌐fuckmate.co
036✅DONE✅10 💯 💯 95 95 95 075 005.6💎00|02 ⏱️3m01.463s🌐ezaud.com
041✅DONE✅11 💯 💯 95 95 95 068 004.9💎00|02 ⏱️2m56.986s🌐betus10.co
039✅DONE✅12 💯 💯 95 95 95 074 005.1💎00|02 ⏱️2m57.332s🌐ausbet88.com
040✅DONE✅13 💯 💯 95 95 95 075 005.0💎00|02 ⏱️2m56.150s🌐avg88.com
043✅DONE✅14 💯 💯 95 95 95 072 004.7💎00|02 ⏱️2m54.531s🌐redspin88.com
042✅DONE✅15 💯 💯 95 95 95 076 004.8💎00|02 ⏱️2m55.022s🌐crown155au.com
044✅DONE✅16 💯 💯 95 95 95 075 004.5💎00|02 ⏱️2m52.639s🌐aus88win.com
045✅DONE✅17 💯 💯 95 95 95 075 004.4💎00|02 ⏱️2m50.687s🌐fc8au.com
047✅DONE✅18 💯 💯 95 95 95 074 004.3💎00|02 ⏱️2m47.950s🌐hollywoodaus.com
046✅DONE✅19 💯 💯 95 95 95 078 004.3💎00|02 ⏱️2m46.415s🌐1spinnwin.com
053✅DONE✅20 💯 💯 💯 💯 💯 069 003.8💎00|02 ⏱️2m41.517s🌐eebet9.com
052✅DONE✅21 💯 💯 💯 💯 💯 073 003.8💎00|02 ⏱️2m42.627s🌐dd8au.com
049✅DONE✅22 💯 💯 💯 💯 💯 079 004.1💎00|02 ⏱️2m44.023s🌐auwin7.com
050✅DONE✅23 💯 💯 💯 💯 💯 080 004.0💎00|02 ⏱️2m44.404s🌐iau9.com
051✅DONE✅24 💯 💯 💯 💯 💯 080 003.9💎00|02 ⏱️2m44.679s🌐luckymate88.com
054✅DONE✅25 💯 💯 💯 💯 💯 077 003.7💎00|02 ⏱️2m42.920s🌐super996.com
048✅DONE✅26 💯 💯 💯 86 86 089 004.2💎00|02 ⏱️2m46.677s🌐betman9.com
058✅DONE✅27 💯 💯 💯 88 88 075 005.2💎01|03 ⏱️2m43.676s🌐world99aud.com
060✅DONE✅28 💯 💯 💯 88 88 075 005.0💎00|03 ⏱️2m42.858s🌐betworld168.vip
062✅DONE✅29 💯 💯 💯 88 88 074 004.8💎00|03 ⏱️2m42.497s🌐royale9au.com
012💻E103❌01 80 90 95 88 88 383 025.0💎00|03 ⏱️3m40.605s🌐jaws68.com
064✅DONE✅01 80 90 95 90 90 073 004.7💎00|03 ⏱️3m23.563s🌐me99aud.com
065✅DONE✅02 80 90 95 90 90 073 004.6💎00|03 ⏱️3m23.761s🌐bigpay77.net
056🚚E301❌01 60 80 90 88 88 085 005.4💎00|03 ⏱️3m32.857s🌐wombats88.com
061🚚E301❌02 40 70 85 86 86 080 004.9💎00|03 ⏱️3m33.374s🌐sapphireaud.com
067✅DONE✅01 60 70 85 86 86 073 004.5💎00|03 ⏱️3m31.618s🌐dns33.com
069✅DONE✅02 60 70 85 86 86 072 005.8💎01|04 ⏱️3m30.112s🌐lego66.co
068✅DONE✅03 60 70 85 86 86 075 005.9💎00|04 ⏱️3m32.047s🌐bondi333.com
066✅DONE✅04 80 70 85 88 88 078 006.1💎00|04 ⏱️3m34.980s🌐decho34.com
070✅DONE✅05 💯 70 85 90 90 075 005.7💎00|04 ⏱️3m35.271s🌐emax7.co
072✅DONE✅06 💯 80 85 92 92 075 005.6💎00|04 ⏱️2m55.228s🌐clubimperioaus.com
071🚚E301❌01 80 70 80 90 90 077 005.6💎00|04 ⏱️2m54.891s🌐mrpoint.co
073✅DONE✅01 80 70 80 90 90 076 005.5💎00|04 ⏱️2m53.285s🌐kingtech88.com
075✅DONE✅02 80 80 80 90 90 076 005.3💎00|04 ⏱️2m45.925s🌐i8au.online
082✅DONE✅03 80 90 80 90 90 070 004.9💎00|04 ⏱️2m39.688s🌐nightclubaus.com
079✅DONE✅04 80 90 80 90 90 074 005.1💎00|04 ⏱️2m39.104s🌐live77bet.com
080✅DONE✅05 💯 90 80 90 90 075 005.0💎00|04 ⏱️2m37.777s🌐gembetaus.com
076✅DONE✅06 💯 90 80 90 90 082 005.3💎00|04 ⏱️2m38.488s🌐ozlotto88.com
081✅DONE✅07 💯 90 80 90 90 077 004.9💎00|04 ⏱️2m35.411s🌐aucloud9.com
077✅DONE✅08 💯 90 80 90 90 081 005.2💎00|04 ⏱️2m35.057s🌐goldencrown96.com
084💻E103❌01 80 80 80 90 90 075 004.8💎00|04 ⏱️2m29.520s🌐99flashwin.com
083✅DONE✅01 80 90 80 90 90 077 004.8💎00|04 ⏱️2m29.570s🌐enjoy2aus.com
085✅DONE✅02 80 90 80 90 90 076 004.7💎00|04 ⏱️2m27.869s🌐22aud.com
087🚚E301❌01 60 80 80 88 88 074 004.6💎00|04 ⏱️2m25.337s🌐7vip7.com
086✅DONE✅01 60 80 85 88 88 076 004.7💎00|04 ⏱️2m25.865s🌐ozreel88.com
088🚚E301❌01 60 70 80 86 86 075 004.5💎00|04 ⏱️2m23.394s🌐12playau.com
091🚚E301❌02 40 60 75 84 84 072 004.4💎00|04 ⏱️2m20.665s🌐1aupokies.com
093🚚E301❌03 20 50 70 82 82 070 004.3💎00|04 ⏱️2m17.367s🌐44spin.com
090🚚E301❌04 20 40 65 80 80 073 004.4💎00|04 ⏱️2m17.338s🌐77au.net
096💻E103❌05 0 30 60 78 78 068 004.2💎00|04 ⏱️2m11.327s🌐aba33aus.com
094✅DONE✅01 20 40 60 78 78 071 004.3💎00|04 ⏱️2m16.093s🌐au21.net
092🚚E301❌01 20 30 60 76 76 072 004.3💎00|04 ⏱️2m17.865s🌐66spin.com
099🚚E301❌02 20 20 55 74 74 067 004.0💎00|04 ⏱️2m15.094s🌐a1club88.com
100🚚E301❌03 20 20 50 72 72 067 004.0💎00|04 ⏱️2m15.064s🌐a9aud.com
098✅DONE✅01 40 20 50 72 72 069 004.1💎00|04 ⏱️2m15.903s🌐9au.com
103💻E403❌01 20 20 45 70 70 066 003.9💎00|04 ⏱️2m13.733s🌐auraaud.com
104💻E103❌02 20 20 40 68 68 065 003.8💎00|04 ⏱️2m11.598s🌐aussie8.net
101✅DONE✅01 40 30 40 68 68 068 004.0💎00|04 ⏱️2m13.763s🌐all117.com
102🚚E301❌01 40 30 35 66 66 067 003.9💎00|04 ⏱️2m12.993s🌐ariswin.com
095🚚E301❌02 20 30 30 64 64 072 004.2💎00|04 ⏱️2m26.652s🌐99uber.com
105✅DONE✅01 40 30 35 64 64 066 003.8💎00|04 ⏱️2m22.935s🌐aristocratau.com
055💻E103❌01 40 30 30 62 62 127 007.3💎00|04 ⏱️3m14.641s🌐reef33.vip
057💻E103❌02 20 30 25 60 60 122 007.0💎00|04 ⏱️3m55.729s🌐diamondaud.com
106🚚E301❌03 20 30 25 57 57 066 003.8💎00|04 ⏱️3m36.605s🌐aud96.com
059💻E103❌04 20 20 20 56 56 118 006.8💎00|04 ⏱️4m35.700s🌐audgo.net
063💻E103❌05 0 20 20 54 54 111 006.3💎00|04 ⏱️5m16.237s🌐epicpokies.com
112🚚E301❌06 0 20 20 52 69 062 003.6💎00|04 ⏱️4m51.248s🌐auspin88.vip
107🚚E301❌07 0 10 20 50 69 065 003.7💎00|04 ⏱️4m55.128s🌐audmachine.com
111🚚E301❌08 0 10 20 48 68 063 003.6💎00|04 ⏱️4m52.934s🌐ausclub.net
114💻E103❌09 0 10 20 46 67 061 003.5💎00|04 ⏱️4m40.208s🌐auspin8.com
110✅DONE✅01 20 10 20 48 68 064 003.6💎00|04 ⏱️4m43.242s🌐blackpokies.com
108✅DONE✅02 40 20 25 48 69 066 003.7💎00|04 ⏱️4m10.071s🌐au68.net
109🚚E301❌01 40 20 25 46 68 066 003.7💎00|04 ⏱️3m34.947s🌐bankau.live
113✅DONE✅01 60 30 30 48 68 064 003.5💎00|04 ⏱️3m34.476s🌐au55.co
117💻E103❌01 60 30 25 48 67 062 003.4💎00|04 ⏱️2m54.158s🌐avengeraus1.com
115✅DONE✅01 60 40 30 48 67 064 003.5💎00|04 ⏱️2m19.758s🌐gday123.com
116✅DONE✅02 60 50 35 48 67 064 003.4💎00|04 ⏱️2m21.575s🌐richman96.com
120💻E103❌01 60 50 30 46 66 062 003.3💎00|04 ⏱️2m18.445s🌐bizzo777.com
119✅DONE✅01 60 60 35 46 67 063 003.4💎00|04 ⏱️2m19.381s🌐7pokies.com
126💻E103❌01 60 60 35 44 67 060 003.2💎00|04 ⏱️2m17.129s🌐boss365au.com
118✅DONE✅01 60 60 35 44 68 065 003.4💎00|04 ⏱️2m19.804s🌐acehighwin.com
123🚚E301❌01 40 50 35 44 67 062 003.3💎00|04 ⏱️2m14.734s🌐bigpay2u.com
124🚚E301❌02 40 50 35 42 66 062 003.2💎00|04 ⏱️2m11.299s🌐checkmate7.com
121✅DONE✅01 40 50 40 42 66 064 003.3💎00|04 ⏱️2m11.415s🌐aviator98.com
074💻E103❌01 40 50 40 40 65 105 005.4💎00|04 ⏱️3m06.129s🌐gold77au.com
128💻E103❌02 20 40 40 38 64 060 003.1💎00|04 ⏱️2m43.923s🌐bonsai369.com
125✅DONE✅01 40 40 45 38 64 063 003.2💎00|04 ⏱️2m44.692s🌐aussiebt.net
127✅DONE✅02 60 50 50 38 64 062 003.1💎00|04 ⏱️2m45.127s🌐aussie96.com
129🚚E301❌01 40 40 50 36 63 062 003.1💎00|04 ⏱️2m42.519s🌐100payau.com
130🚚E301❌02 40 40 50 34 62 061 003.1💎00|04 ⏱️2m43.631s🌐1pokies.com
131💻E103❌03 40 30 45 34 62 061 003.1💎00|04 ⏱️2m39.204s🌐cbr8aus.com
134🚚E301❌04 20 30 40 32 61 059 003.0💎00|04 ⏱️2m38.629s🌐11win.com
135💻E103❌05 0 30 40 30 60 059 003.0💎00|04 ⏱️2m38.588s🌐cashking99.com
140💻E103❌06 0 20 35 30 59 057 002.9💎00|04 ⏱️2m34.158s🌐bm7au.com
139🚚E301❌07 0 20 35 28 57 057 002.9💎00|04 ⏱️1m57.627s🌐cp2077.org
133✅DONE✅01 20 30 35 30 57 060 003.0💎00|04 ⏱️2m02.700s🌐crown777au.com
137✅DONE✅02 40 30 35 32 57 059 002.9💎00|04 ⏱️2m02.529s🌐bonza7.com
144💻E103❌01 40 20 35 32 56 056 002.8💎00|04 ⏱️1m57.489s🌐day2spin.com
138✅DONE✅01 60 30 35 34 56 060 002.9💎00|04 ⏱️2m01.666s🌐aus789.com
142🚚E301❌01 60 30 35 34 56 058 002.8💎00|04 ⏱️2m01.067s🌐9aus.com
136🚚E301❌02 40 30 30 32 55 061 002.9💎00|04 ⏱️2m07.889s🌐dg6au.com
141✅DONE✅01 40 40 35 34 55 059 002.8💎00|04 ⏱️2m07.382s🌐blaze007.com
089💻E104❌01 40 40 35 34 54 094 004.5💎00|04 ⏱️2m59.807s🌐5starclub.vip
143🚚E301❌02 20 40 30 34 53 058 002.8💎00|04 ⏱️2m45.583s🌐aawin68.com
147💻E103❌03 20 40 30 32 52 057 002.7💎00|04 ⏱️2m43.027s🌐cn8au.com
145🚚E301❌04 20 30 30 32 51 057 002.8💎00|04 ⏱️2m41.881s🌐9xbetau.com
148💻E103❌05 0 20 25 32 50 056 002.7💎00|04 ⏱️2m38.719s🌐ea99aud.com
149🚚E301❌06 0 20 20 30 49 056 002.7💎00|04 ⏱️2m40.112s🌐efa99aus.com
146✅DONE✅01 20 20 25 32 49 058 002.7💎00|04 ⏱️2m40.153s🌐cuntwin.com
154💻E103❌01 20 20 25 32 48 055 002.6💎00|04 ⏱️2m35.773s🌐eway7.com
097💻E103❌02 20 20 25 30 47 087 004.1💎00|04 ⏱️3m29.071s🌐astar77au.com
156💻E103❌03 20 10 25 30 46 054 002.6💎00|04 ⏱️3m04.188s🌐amb88.cc
150✅DONE✅01 40 20 30 32 46 057 002.7💎00|04 ⏱️2m32.586s🌐crn7.com
157💻E403❌01 20 20 30 32 45 054 002.5💎00|04 ⏱️2m27.576s🌐auplay.club
152✅DONE✅01 40 30 35 34 45 057 002.6💎00|04 ⏱️2m31.777s🌐auboss.co
155✅DONE✅02 60 40 35 36 45 056 002.6💎00|04 ⏱️2m30.986s🌐class777.com
153✅DONE✅03 80 50 35 38 45 058 002.6💎00|04 ⏱️2m32.653s🌐au99.co
159💻E103❌01 60 50 35 38 44 055 002.5💎00|04 ⏱️2m29.233s🌐aud77.net
160🚚E301❌02 60 40 30 38 43 055 002.5💎00|04 ⏱️2m27.135s🌐fantasy33.com
163💻E103❌03 40 40 30 38 42 054 002.5💎00|04 ⏱️2m26.801s🌐gd77.vip
158✅DONE✅01 40 50 35 38 43 056 004.4💎03|07 ⏱️1m55.585s🌐dolphin88.co
161✅DONE✅02 40 60 35 38 43 056 004.3💎00|07 ⏱️1m57.132s🌐fight22.com
166💻E103❌01 40 50 35 38 42 054 004.2💎00|07 ⏱️1m53.700s🌐ecstasybaby.com
162✅DONE✅01 60 60 40 38 43 056 004.3💎00|07 ⏱️1m57.030s🌐enjoy96.com
167🚚E301❌01 60 50 40 38 43 055 004.2💎00|07 ⏱️1m55.481s🌐bacca777.com
165✅DONE✅01 60 50 45 38 43 056 004.2💎00|07 ⏱️1m58.519s🌐auspay96.com
169🚚E301❌01 40 40 45 36 42 055 004.1💎00|07 ⏱️1m58.365s🌐diceau.online
171✅DONE✅01 60 50 50 38 42 054 004.1💎00|07 ⏱️2m00.830s🌐auwin9.com
170✅DONE✅02 60 60 50 38 42 055 004.1💎00|07 ⏱️2m03.775s🌐aussieluck33au.com
172🚚E301❌01 60 60 50 38 41 055 004.1💎00|07 ⏱️2m04.475s🌐glorybet88au.com
175💻E103❌02 40 50 50 36 40 054 004.0💎00|07 ⏱️2m00.202s🌐goldbet9.net
173🚚E301❌03 40 40 50 36 40 054 004.0💎00|07 ⏱️1m59.512s🌐ho96.com
176🚚E301❌04 20 40 45 36 39 053 004.0💎00|07 ⏱️1m59.531s🌐fastau.co
177✅DONE✅01 20 40 50 36 39 054 004.0💎00|07 ⏱️2m00.102s🌐fuckspin.com
182💻E103❌01 20 40 45 36 38 052 003.8💎00|07 ⏱️1m56.352s🌐bmb99.com
122💻E103❌02 20 30 40 36 37 078 005.7💎00|07 ⏱️2m45.938s🌐betzilla88.com
180🚚E301❌03 20 30 35 34 36 053 003.9💎00|07 ⏱️2m25.239s🌐ex77au.com
181🚚E301❌04 20 20 35 32 35 053 003.9💎00|07 ⏱️2m23.896s🌐bondibeachbet.com
186💻E103❌05 0 10 35 32 34 051 003.8💎00|07 ⏱️2m18.593s🌐god88aus.com
178✅DONE✅01 20 20 40 34 34 054 003.9💎00|07 ⏱️2m23.477s🌐bonza96.com
179✅DONE✅02 40 30 40 36 35 054 003.9💎00|07 ⏱️2m27.259s🌐bigboss88.vip
183✅DONE✅03 60 40 40 38 35 054 003.8💎00|07 ⏱️2m27.551s🌐ilovejili.net
184✅DONE✅04 80 50 45 40 35 054 003.8💎00|07 ⏱️2m29.385s🌐intensity2aus.com
187💻E103❌01 80 40 40 40 35 053 003.7💎00|07 ⏱️2m24.768s🌐gxbet7.com
185🚚E301❌02 60 40 40 40 34 054 003.8💎00|07 ⏱️2m31.361s🌐jokers11.com
192💻E103❌03 40 40 35 38 34 052 003.6💎00|07 ⏱️1m55.257s🌐imperium88.com
132💻E103❌04 20 40 35 36 34 075 005.3💎00|07 ⏱️2m47.307s🌐22pokies.com
194💻E103❌05 0 40 30 36 34 051 003.6💎00|07 ⏱️2m25.101s🌐candylucks.net
196💻E103❌06 0 40 25 34 34 051 003.6💎00|07 ⏱️2m24.479s🌐kimberley333.com
193💻E103❌07 0 30 25 34 34 051 003.6💎00|07 ⏱️2m23.306s🌐crown69.com
191🚚E301❌08 0 20 25 34 33 052 003.7💎00|07 ⏱️2m22.674s🌐coospin.com
190✅DONE✅01 20 20 30 34 34 053 003.7💎00|07 ⏱️2m22.976s🌐gday77au.com
189✅DONE✅02 40 20 35 36 35 053 003.7💎00|07 ⏱️2m23.337s🌐candy96.com
188🚚E301❌01 40 20 30 36 35 054 003.7💎00|07 ⏱️2m29.748s🌐cocspin.com
195🚚E301❌02 40 20 30 36 34 052 003.6💎00|07 ⏱️2m24.013s🌐kangaroo88.com
198💻E103❌03 40 20 30 36 34 051 003.5💎00|07 ⏱️2m23.060s🌐kuromiau.com
197🚚E301❌04 20 20 30 36 34 051 003.6💎00|07 ⏱️1m52.513s🌐jackpotmate88.com
203💻E103❌05 0 20 30 36 33 050 003.4💎00|07 ⏱️1m50.673s🌐efa777.com
199🚚E301❌06 0 20 30 34 33 051 003.5💎00|07 ⏱️1m54.253s🌐kangaspin.com
204💻E530❌07 0 20 25 34 33 050 003.4💎00|07 ⏱️1m51.506s🌐e99au.com
200🚚E301❌08 0 20 20 34 32 051 003.5💎00|07 ⏱️1m51.665s🌐acwin77.com
202🚚E301❌09 0 10 15 34 32 050 003.5💎00|07 ⏱️1m49.413s🌐luna8.co
205🚚E301❌10 0 0 10 32 32 049 003.4💎00|07 ⏱️1m46.418s🌐hotpokies88.com
207💻E103❌11 0 0 10 32 32 049 003.4💎00|07 ⏱️1m40.161s🌐dreamworldau.com
206🚚E301❌12 0 0 10 30 32 049 003.4💎00|07 ⏱️1m39.389s🌐cuntsick.com
210💻E103❌13 0 0 10 28 32 048 003.3💎00|07 ⏱️1m38.445s🌐kingsman369.co
209💻E103❌14 0 0 10 26 32 048 003.3💎00|07 ⏱️1m37.951s🌐mate96.com
212💻E103❌15 0 0 10 26 32 048 003.3💎00|07 ⏱️1m37.243s🌐luckyangels.co
208🚚E301❌16 0 0 10 26 32 049 003.4💎00|07 ⏱️1m38.776s🌐lucky7au.com
201💻E103❌17 0 0 10 26 32 050 003.5💎00|07 ⏱️1m46.424s🌐cuntspin.com
215💻E103❌18 0 0 10 24 31 047 003.3💎00|07 ⏱️1m41.272s🌐meth688.com
213🚚E301❌19 0 0 5 22 30 047 003.3💎00|07 ⏱️1m41.483s🌐fafawinau.com
214🚚E301❌20 0 0 0 22 30 047 003.3💎00|07 ⏱️1m41.257s🌐aus33.com
217🚚E301❌21 0 0 0 20 28 047 003.2💎00|07 ⏱️1m41.413s🌐f88spins.com
216🚚E301❌22 0 0 0 20 28 047 003.2💎00|07 ⏱️1m41.406s🌐jombet77.com
219🚚E301❌23 0 0 0 18 28 046 003.2💎00|07 ⏱️1m41.808s🌐macluck9aus.net
164💻E103❌24 0 0 0 18 27 062 004.3💎00|07 ⏱️2m29.211s🌐aussie55.com
222💻E103❌25 0 0 0 16 27 045 003.2💎00|07 ⏱️2m10.907s🌐md9aus.com
220🚚E301❌26 0 0 0 14 26 046 003.2💎00|07 ⏱️2m10.074s🌐mmd9.net
221🚚E301❌27 0 0 0 14 26 046 003.2💎00|07 ⏱️2m04.868s🌐megabet26.com
224🚚E301❌28 0 0 0 14 25 045 003.1💎00|07 ⏱️2m05.351s🌐mrpay9.com
223🚚E301❌29 0 0 0 14 25 045 003.1💎00|07 ⏱️2m06.535s🌐enjoy33.vip
226🚚E301❌30 0 0 0 14 25 045 003.1💎00|07 ⏱️2m05.841s🌐betjohn.net
227💻E403❌31 0 0 0 12 24 044 003.1💎00|07 ⏱️2m05.250s🌐gemvault777.com
229💻E103❌32 0 0 0 12 24 044 003.1💎00|07 ⏱️2m03.450s🌐millionaireaud.com
225🚚E301❌33 0 0 0 12 24 045 003.1💎00|07 ⏱️2m05.727s🌐glbet9.com
228🚚E301❌34 0 0 0 12 23 044 003.1💎00|07 ⏱️1m35.044s🌐legit99.com
232💻E103❌35 0 0 0 12 22 043 003.0💎00|07 ⏱️1m34.134s🌐mummyaus.com
230🚚E301❌36 0 0 0 12 22 044 003.0💎00|07 ⏱️1m34.380s🌐bk8aus.com
174💻E104❌37 0 0 0 10 22 058 004.0💎00|07 ⏱️2m23.086s🌐ezbet66.com
233🚚E301❌38 0 0 0 8 22 043 003.0💎00|07 ⏱️2m04.641s🌐mrgreen8.com
231✅DONE✅01 20 10 5 8 23 044 003.0💎00|07 ⏱️2m05.784s🌐mrbet9au.info
234🚚E301❌01 20 10 5 6 23 044 003.0💎00|07 ⏱️2m04.484s🌐ocean96.com
235🚚E301❌02 20 10 5 6 23 043 003.0💎00|07 ⏱️2m04.617s🌐fuckingmeth.com
236🚚E301❌03 20 10 5 6 23 043 003.0💎00|07 ⏱️2m05.880s🌐bx77au.com
238🚚E301❌04 20 10 5 6 22 043 002.9💎00|07 ⏱️2m04.317s🌐mrwin77au.com
237🚚E301❌05 0 10 5 6 21 043 003.0💎00|07 ⏱️2m05.067s🌐icebet888.com
239🚚E301❌06 0 10 5 6 21 043 002.9💎00|07 ⏱️2m06.012s🌐ii89au.com
240🚚E301❌07 0 10 5 6 20 042 002.9💎00|07 ⏱️2m05.503s🌐maxim88au.com
241🚚E301❌08 0 10 5 6 20 042 002.9💎00|07 ⏱️1m35.387s🌐panda95au.com
246💻E103❌09 0 10 5 6 20 041 002.8💎00|07 ⏱️1m33.206s🌐play88aud.com
244🚚E301❌10 0 0 5 4 19 042 002.9💎00|07 ⏱️1m32.202s🌐ninjaturtle.vip
242🚚E301❌11 0 0 5 2 19 042 002.9💎00|07 ⏱️1m33.778s🌐check-in77.com
243🚚E301❌12 0 0 5 2 19 042 002.9💎00|07 ⏱️1m34.109s🌐gday9.com
245🚚E301❌13 0 0 5 2 19 042 002.9💎00|07 ⏱️1m33.630s🌐nezha22.com
248💻E103❌14 0 0 5 2 19 041 002.8💎00|07 ⏱️1m31.876s🌐crystalchips777.com
247🚚E301❌15 0 0 5 2 19 041 002.8💎00|07 ⏱️1m31.409s🌐gwin9au.com
252💻E103❌16 0 0 5 2 19 040 002.8💎00|07 ⏱️1m28.705s🌐mnp88.pro
250🚚E301❌17 0 0 5 2 18 041 002.8💎00|07 ⏱️1m28.999s🌐justwin9.com
249🚚E301❌18 0 0 5 2 18 041 002.8💎00|07 ⏱️1m29.152s🌐opera777.co
251🚚E301❌19 0 0 5 2 18 041 002.8💎00|07 ⏱️1m29.858s🌐kaboom77.com
253🚚E301❌20 0 0 0 2 18 040 002.8💎00|07 ⏱️1m29.636s🌐pokiesking1.com
255🚚E301❌21 0 0 0 2 17 040 002.7💎00|07 ⏱️1m28.223s🌐play369.co
256🚚E301❌22 0 0 0 2 17 040 002.7💎00|07 ⏱️1m27.522s🌐deespin.com
257🚚E301❌23 0 0 0 2 16 040 002.7💎00|07 ⏱️1m27.161s🌐ibet9au.com
258🚚E301❌24 0 0 0 2 15 039 002.7💎00|07 ⏱️1m27.879s🌐pesi13.com
259🚚E301❌25 0 0 0 2 14 039 002.7💎00|07 ⏱️1m27.576s🌐emu668.co
262💻E530❌26 0 0 0 2 14 039 002.7💎00|07 ⏱️1m27.276s🌐live11.vip
261🚚E301❌27 0 0 0 2 14 039 002.7💎00|07 ⏱️1m27.659s🌐mwaus.co
264💻E103❌28 0 0 0 2 14 039 002.7💎00|07 ⏱️1m25.189s🌐luckau.co
260🚚E301❌29 0 0 0 2 13 039 002.7💎00|07 ⏱️1m26.444s🌐iwin88au.com
263🚚E301❌30 0 0 0 2 12 039 002.7💎00|07 ⏱️1m25.849s🌐pokies33au.com
269💻E103❌31 0 0 0 2 12 038 002.6💎00|07 ⏱️1m23.401s🌐pt77au.club
266🚚E301❌32 0 0 0 2 11 038 002.6💎00|07 ⏱️1m24.256s🌐qbet21au.com
272💻E103❌33 0 0 0 2 11 037 002.6💎00|07 ⏱️1m21.587s🌐pawkies.co
268🚚E301❌34 0 0 0 2 10 038 002.6💎00|07 ⏱️1m22.588s🌐joypokies.com
270🚚E301❌35 0 0 0 2 10 038 002.6💎00|07 ⏱️1m22.332s🌐fortune88au.com
267🚚E301❌36 0 0 0 2 9 038 002.6💎00|07 ⏱️1m24.874s🌐everwin44.com
265🚚E301❌37 0 0 0 2 8 038 002.6💎00|07 ⏱️1m27.722s🌐richpokies.com
273🚚E301❌38 0 0 0 2 8 037 002.6💎00|07 ⏱️1m27.364s🌐mcdollar9.com
274🚚E301❌39 0 0 0 2 8 037 002.6💎00|07 ⏱️1m26.996s🌐kingpower365.com
275🚚E301❌40 0 0 0 2 8 037 002.5💎00|07 ⏱️1m26.922s🌐reef33.co
279💻E103❌41 0 0 0 2 8 036 002.5💎00|07 ⏱️1m25.961s🌐lisboa7.com
218💻E104❌42 0 0 0 2 7 047 003.2💎00|07 ⏱️2m10.735s🌐enjoy2win99.com
277🚚E301❌43 0 0 0 2 7 037 002.5💎00|07 ⏱️1m53.252s🌐royalaud.com
276🚚E301❌44 0 0 0 2 7 037 002.5💎00|07 ⏱️1m53.854s🌐rose21.app
278🚚E301❌45 0 0 0 2 7 037 002.5💎00|07 ⏱️1m52.865s🌐pokieslab9.com
254💻E104❌46 0 0 0 2 7 040 002.8💎00|07 ⏱️2m27.213s🌐queenau.com
271💻E103❌47 0 0 0 2 7 038 002.6💎00|07 ⏱️2m45.089s🌐mb9.co

╭──────────────────────────────────────────────────────────────────────────────╮
│                                                                              │
│                        ╭─────── 🏁 RESULTS ────────╮                         │
│                        │ Scraping Complete         │                         │
│                        │   Sites Scraped:  273     │                         │
│                        │   Successful:    103      │                         │
│                        │   Failed:        170      │                         │
│                        │   Success Rate:  37.7%    │                         │
│                        │   Bonuses Found: 149      │                         │
│                        │   New Bonuses:   7        │                         │
│                        │   Elapsed:       00:01:27 │                         │
│                        ╰───────────────────────────╯                         │
│                                                                              │
╰──────────────────────────────────────────────────────────────────────────────╯
                      ● Dashboard at http://127.0.0.1:8000                      
