╭──────────────────────── 🚀 Bonus Scraper Engine v5.0 ────────────────────────╮
│                                                                              │
│ ╭─ ⚡ PERFORMANCE ──╮╭─ 🌐 INFRASTRUCTUR─╮╭───── 📋 JOB ─────╮╭── ERRORS ──╮ │
│ │  Concurrency      ││  Proxy Pool       ││  URLs Queued     ││ ✅ OK      │ │
│ │  20 Workers       ││  0 Active         ││  637             ││ 👻 404     │ │
│ │  Throughput       ││  Proxy Logic      ││  Shuffle         ││ 🚫 403     │ │
│ │  ~600 URLs/min    ││  Per-Worker Pool  ││  No              ││ 🚚 301     │ │
│ │  Delays           │╰───────────────────╯╰──────────────────╯│ 📡 101     │ │
│ │  2.0-2.0s         │                                         │ ☁️ 503     │ │
│ │  Timeout          │                                         │ 🐌 Lag     │ │
│ │  15s              │                                         │ 📉 Track   │ │
│ ╰───────────────────╯                                         │            │ │
│ ╭─ 💻 ENVIRONMENT ──╮╭─ 📊 SYSTEM HEALTH─╮╭── 🛡️ SECURITY ───╮│            │ │
│ │  OS               ││  Status           ││  Auth User       ││            │ │
│ │  Android          ││  🟥 0%            ││  admin           ││            │ │
│ │  Py Version       ││  🔴 10%           ││  SSL Check       ││            │ │
│ │  3.13.13          ││  ❤️  20%          ││  Disabled        ││            │ │
│ ╰───────────────────╯│  🟧 25%           ││  IP Reputation   ││            │ │
│                      │  🟠 35%           ││  0/100           ││            │ │
│                      │  🧡 45%           │╰──────────────────╯│            │ │
│                      │  🟨 50%           │                    │            │ │
│                      │  🟡 60%           │                    ╰────────────╯ │
│                      │  💛 70%           │                                   │
│                      │  🟩 75%           │                                   │
│                      │  🟢 85%           │                                   │
│                      │  💚 95%           │                                   │
│                      │  💚 100%          │                                   │
│                      ╰───────────────────╯                                   │
│ ╭───────────────────────────── 🕵️ USER AGENT ──────────────────────────────╮ │
│ │  User Agent Identity                                                     │ │
│ │  Mozilla/5.0 (Windows NT 10.0; Win64; x64) AppleWebKit/537.36 (KHTML,    │ │
│ │  like Gecko) Chrome/120.0.0.0 Safari/537.36                              │ │
│ ╰──────────────────────────────────────────────────────────────────────────╯ │
│                                                                              │
╰──────────────────────────────────────────────────────────────────────────────╯
╭──────────────────────────────────────────────────────────────────────────────╮
│             📡 COMMAND DASHBOARD ACTIVE : http://127.0.0.1:8000              │
╰──────────────────────────────────────────────────────────────────────────────╯
                   ● SYSTEM READY PRESS [CTRL+C] TO TERMINATE                   
005💻E103❌01 0 0 0 0 0 000 000.0💎00|00 ⏱️2m12.695s🌐spade69.co
018🚚E301❌02 0 0 0 0 0 000 000.0💎00|00 ⏱️2m44.706s🌐topaz33.com
007🚚E301❌03 0 0 0 0 0 000 000.0💎00|00 ⏱️3m03.247s🌐crown69.co
009✅DONE✅01 25 25 25 25 25 022 000.0💎00|00 ⏱️3m11.223s🌐jackpotau.com
003✅DONE✅02 40 40 40 40 40 100 000.0💎00|00 ⏱️3m19.721s🌐bonus96.com
015🚚E301❌01 40 40 40 40 40 020 000.0💎00|00 ⏱️3m19.151s🌐panda95au.com
002🚚E301❌02 40 40 40 40 40 150 000.0💎00|00 ⏱️3m26.814s🌐aud365.co
004✅DONE✅01 60 60 60 60 60 125 000.0💎00|00 ⏱️3m29.033s🌐glorya77.com
006🚚E301❌01 40 40 40 40 40 100 000.0💎00|00 ⏱️3m30.890s🌐umi999.com
017✅DONE✅01 40 40 40 40 40 041 000.0💎00|00 ⏱️3m28.491s🌐thepokies33.com
020🚚E301❌01 40 40 40 40 40 045 000.0💎00|00 ⏱️3m36.413s🌐audwin9.com
019✅DONE✅01 60 50 50 50 50 047 000.0💎00|00 ⏱️3m38.836s🌐ff96au.com
016✅DONE✅01 60 50 50 50 50 062 000.0💎00|00 ⏱️3m42.193s🌐thepokies96.com
011🚚E301❌01 40 50 50 50 50 090 000.0💎00|00 ⏱️3m43.187s🌐pokies4bet.com
012✅DONE✅02 60 50 50 50 50 100 000.0💎00|00 ⏱️3m44.484s🌐unitedau.com
013✅DONE✅03 80 60 60 60 60 092 000.0💎00|00 ⏱️3m45.433s🌐diamondaud.com
001✅DONE✅04 80 70 70 70 70 1300 000.0💎00|00 ⏱️3m51.273s🌐pesi13.com
010✅DONE✅05 💯 70 70 70 70 140 000.0💎00|00 ⏱️3m49.242s🌐wildspin24.com
021✅DONE✅06 💯 80 80 80 80 071 000.0💎00|00 ⏱️3m40.883s🌐vvip15au.com
023🚚E301❌01 80 70 55 55 55 065 000.0💎00|00 ⏱️3m32.659s🌐efa99aus.com
037💻E103❌02 60 70 55 55 55 040 000.0💎00|00 ⏱️3m18.645s🌐cbr8aus.com
022✅DONE✅01 60 70 60 60 60 072 000.0💎00|00 ⏱️3m18.169s🌐ispeed88au.com
036🚚E301❌01 40 70 60 60 60 044 000.0💎00|00 ⏱️3m07.536s🌐keno99.com
024✅DONE✅01 40 70 60 60 60 070 000.0💎00|00 ⏱️3m07.283s🌐tab9au.com
027✅DONE✅02 60 70 60 60 60 070 000.0💎00|00 ⏱️3m01.802s🌐ijoker88au.com
025🚚E301❌01 60 60 60 60 60 076 000.0💎00|00 ⏱️2m58.293s🌐gwin9au.com
028✅DONE✅01 60 60 65 65 65 071 000.0💎00|00 ⏱️2m52.134s🌐jaws68.com
032✅DONE✅02 80 60 65 65 65 065 000.0💎00|00 ⏱️2m45.742s🌐rtpvictory88.com
029✅DONE✅03 80 60 70 70 70 075 000.0💎00|00 ⏱️2m46.878s🌐enjoy96.com
034✅DONE✅04 80 70 70 70 70 067 000.0💎00|00 ⏱️2m49.402s🌐pp99au.com
038✅DONE✅05 💯 80 75 75 75 063 000.0💎00|00 ⏱️2m53.473s🌐intensity2aus.com
030✅DONE✅06 💯 80 75 75 75 083 000.0💎00|00 ⏱️2m58.153s🌐crown777au.com
031✅DONE✅07 💯 90 80 80 80 083 000.0💎00|00 ⏱️3m00.465s🌐jw8au.com
035✅DONE✅08 💯 90 80 80 80 077 000.0💎00|00 ⏱️3m00.457s🌐onewin9.com
039✅DONE✅09 💯 90 80 80 80 071 000.0💎00|00 ⏱️3m01.343s🌐sapphireaud.com
041✅DONE✅10 💯 💯 80 80 80 070 000.0💎00|00 ⏱️2m59.291s🌐cyberpunk369.com
044🚚E301❌01 80 90 75 75 75 065 000.0💎00|00 ⏱️2m55.999s🌐kingpower365.com
042✅DONE✅01 80 90 75 75 75 071 000.0💎00|00 ⏱️2m56.313s🌐pokiesbillion.com
043✅DONE✅02 80 90 75 75 75 072 000.0💎00|00 ⏱️2m54.437s🌐thestar.asia
045🚚E301❌01 60 80 75 75 75 068 000.0💎00|00 ⏱️2m52.824s🌐cyberbet77.com
048✅DONE✅01 60 80 80 80 80 066 000.0💎00|00 ⏱️2m51.446s🌐world99aud.com
047🚚E301❌01 60 70 75 75 75 070 000.0💎00|00 ⏱️2m50.539s🌐cergas.online
049✅DONE✅01 60 70 80 80 80 067 000.0💎00|00 ⏱️2m48.407s🌐inskingdom8.com
053✅DONE✅02 60 70 80 80 80 067 003.8💎00|02 ⏱️2m45.852s🌐candymommy.co
052✅DONE✅01 60 60 80 80 80 069 003.8💎02|02 ⏱️2m44.836s🌐aud99.com
050🚚E301❌01 60 60 75 75 75 072 004.0💎00|02 ⏱️2m44.564s🌐play369.co
051✅DONE✅02 80 70 80 80 80 072 003.9💎00|02 ⏱️2m47.418s🌐weplay88.com
054✅DONE✅03 80 70 80 80 80 070 003.7💎00|02 ⏱️2m48.012s🌐ii89au.com
055✅DONE✅04 80 70 80 80 80 070 003.6💎00|02 ⏱️2m48.183s🌐royalaud.com
056✅DONE✅05 💯 80 80 68 68 071 003.6💎00|02 ⏱️2m48.381s🌐reef33.vip
057✅DONE✅06 💯 80 80 70 70 071 003.5💎00|02 ⏱️2m48.182s🌐1spinnwin.com
059✅DONE✅07 💯 90 80 72 72 071 003.4💎00|02 ⏱️2m47.167s🌐rolex9.net
058✅DONE✅08 💯 90 80 74 74 074 003.4💎00|02 ⏱️2m49.507s🌐crown155au.com
063✅DONE✅09 💯 90 80 74 74 069 003.2💎00|02 ⏱️2m47.872s🌐aus2u.com
060✅DONE✅10 💯 💯 80 74 74 075 003.3💎00|02 ⏱️2m49.025s🌐speedau.live
064✅DONE✅11 💯 💯 80 76 76 071 003.1💎00|02 ⏱️2m47.097s🌐riches88.live
067✅DONE✅12 💯 💯 85 78 78 070 003.0💎00|02 ⏱️2m45.905s🌐bondi333.com
066🚚E301❌01 80 90 80 76 76 071 003.0💎00|02 ⏱️2m44.880s🌐hb88au.com
065✅DONE✅01 80 90 80 78 78 073 003.1💎00|02 ⏱️2m46.015s🌐win99aud.com
061✅DONE✅02 80 90 85 78 78 080 003.3💎00|02 ⏱️2m49.078s🌐play77au.com
069✅DONE✅03 80 90 85 80 80 072 002.9💎00|02 ⏱️2m46.934s🌐spaceman369.com
068🚚E301❌01 60 80 85 78 78 073 002.9💎00|02 ⏱️2m48.677s🌐spincrown33.com
070✅DONE✅01 80 80 85 80 80 072 002.9💎00|02 ⏱️2m47.033s🌐22pokies.com
071✅DONE✅02 80 80 85 80 80 073 002.8💎00|02 ⏱️2m46.760s🌐ipay9aud.com
073🚚E301❌01 60 70 85 78 78 071 002.7💎00|02 ⏱️2m43.593s🌐luxeau777.com
072✅DONE✅01 60 70 85 78 78 073 002.8💎00|02 ⏱️2m44.477s🌐mrbean9.com
084💻E103❌01 60 60 80 76 76 063 002.4💎00|02 ⏱️2m38.055s🌐luck77au.com
075✅DONE✅01 60 70 80 76 76 072 002.7💎00|02 ⏱️2m45.494s🌐lego66.co
074✅DONE✅02 60 70 80 76 76 074 002.7💎00|02 ⏱️2m51.369s🌐speedaud.com
083🚚E301❌01 60 60 75 76 76 066 002.4💎00|02 ⏱️2m47.959s🌐deep668.co
076✅DONE✅01 60 60 75 78 78 073 002.6💎00|02 ⏱️2m57.392s🌐mrbet9au.info
078✅DONE✅02 80 70 75 78 78 073 002.6💎00|02 ⏱️3m02.358s🌐spinup77.com
080✅DONE✅03 80 70 75 80 80 072 002.5💎00|02 ⏱️3m07.632s🌐skyspin96.co
079✅DONE✅04 80 70 75 80 80 074 002.5💎00|02 ⏱️3m15.080s🌐starspin996.com
081🚚E301❌01 80 70 70 78 78 072 002.5💎00|02 ⏱️3m20.793s🌐gold77au.com
086✅DONE✅01 80 70 70 80 80 069 002.3💎00|02 ⏱️3m20.634s🌐rubyaud.com
085✅DONE✅02 80 80 70 80 80 071 002.4💎00|02 ⏱️3m26.280s🌐cashnet99.com
090💻E103❌01 60 70 70 78 78 067 002.2💎00|02 ⏱️3m14.866s🌐tab968.com
087✅DONE✅01 60 70 70 78 78 071 002.3💎00|02 ⏱️3m09.848s🌐avg88.com
088✅DONE✅02 80 80 70 78 78 071 002.3💎00|02 ⏱️3m11.885s🌐kangaroobet88.com
089✅DONE✅03 80 80 70 78 78 071 002.2💎00|02 ⏱️3m07.561s🌐kaboom77.com
095🚚E301❌01 60 70 70 76 76 067 002.1💎00|02 ⏱️3m03.171s🌐ubet96.com
092✅DONE✅01 80 70 70 76 76 070 002.2💎00|02 ⏱️3m03.195s🌐aussie96.com
093✅DONE✅02 80 70 70 76 76 070 002.2💎00|02 ⏱️3m01.128s🌐trust88au.com
091✅DONE✅03 80 80 75 76 76 073 002.2💎00|02 ⏱️3m03.302s🌐neolux.vip
094✅DONE✅04 80 80 75 76 76 072 002.1💎00|02 ⏱️3m06.058s🌐1bigwin.com
097✅DONE✅05 💯 80 80 78 78 071 002.1💎00|02 ⏱️3m07.090s🌐vip77.club
096✅DONE✅06 💯 90 80 78 78 072 002.1💎00|02 ⏱️3m17.297s🌐spinfortune777.com
098✅DONE✅07 💯 90 80 78 78 072 002.0💎00|02 ⏱️3m18.941s🌐super996.com
099✅DONE✅08 💯 90 85 80 80 072 002.0💎00|02 ⏱️3m15.940s🌐aus88win.com
100✅DONE✅09 💯 90 85 80 80 073 002.0💎00|02 ⏱️3m12.001s🌐au21.net
101✅DONE✅10 💯 💯 85 82 82 073 002.0💎00|02 ⏱️3m07.307s🌐hollywoodaus.com
106🚚E301❌01 80 90 80 80 80 069 001.9💎00|02 ⏱️2m57.338s🌐fantasy33.com
103✅DONE✅01 80 90 80 80 80 072 001.9💎00|02 ⏱️2m57.888s🌐select777.net
104✅DONE✅02 80 90 85 82 82 073 001.9💎00|02 ⏱️2m57.497s🌐southern9.com
105✅DONE✅03 80 90 85 82 82 073 001.9💎00|02 ⏱️2m57.675s🌐ubet66aus.com
109✅DONE✅04 80 90 85 82 82 071 001.8💎00|02 ⏱️2m57.380s🌐kingdom9aus.com
108✅DONE✅05 💯 90 90 82 82 073 001.9💎00|02 ⏱️2m58.328s🌐1winbet369.com
107✅DONE✅06 💯 90 90 82 82 074 001.9💎00|02 ⏱️3m03.337s🌐spinking.co
110✅DONE✅07 💯 90 90 82 75 073 001.8💎00|02 ⏱️3m07.824s🌐onyxaud.com
112🚚E301❌01 80 80 85 80 75 072 001.8💎00|02 ⏱️3m12.310s🌐betworld96au.com
102✅DONE✅01 80 80 90 80 76 080 002.0💎00|02 ⏱️3m27.636s🌐fc8au.com
113✅DONE✅02 80 90 90 80 77 073 001.8💎00|02 ⏱️3m29.572s🌐kangaroo88.com
111✅DONE✅03 80 90 90 80 77 075 001.8💎00|02 ⏱️3m31.369s🌐ausbet88.com
114✅DONE✅04 80 90 90 80 77 074 001.8💎00|02 ⏱️3m24.639s🌐dns33.com
119💻E403❌01 80 80 85 78 77 071 001.7💎00|02 ⏱️3m13.591s🌐koala88.co
115✅DONE✅01 80 80 85 78 78 074 001.7💎00|02 ⏱️3m12.384s🌐boyabet9.com
116✅DONE✅02 80 80 85 80 78 075 001.7💎00|02 ⏱️3m10.291s🌐ss9au.net
117✅DONE✅03 80 80 85 80 79 075 001.7💎00|02 ⏱️3m06.519s🌐slotmate88.com
118✅DONE✅04 80 80 85 80 79 075 001.7💎00|02 ⏱️3m05.808s🌐kingtech88.com
123✅DONE✅05 💯 90 85 80 80 073 001.6💎00|02 ⏱️3m03.252s🌐nightclubaus.com
120✅DONE✅06 💯 90 85 82 80 075 001.7💎00|02 ⏱️2m58.945s🌐richman96.com
122✅DONE✅07 💯 90 90 82 81 075 001.6💎00|02 ⏱️3m00.523s🌐decho34.com
126✅DONE✅08 💯 90 90 82 81 074 001.6💎00|02 ⏱️2m55.552s🌐live77bet.com
121✅DONE✅09 💯 90 90 84 81 077 001.7💎00|02 ⏱️3m03.521s🌐tiger88.games
125✅DONE✅10 💯 💯 90 84 81 076 001.6💎00|02 ⏱️3m07.929s🌐aud33.com
124✅DONE✅11 💯 💯 90 86 81 077 001.6💎00|02 ⏱️3m11.608s🌐auboss.co
127✅DONE✅12 💯 💯 90 86 81 076 001.6💎00|02 ⏱️3m06.491s🌐19rich.com
129✅DONE✅13 💯 💯 90 86 81 075 001.6💎00|02 ⏱️3m02.280s🌐lion88.website
128✅DONE✅14 💯 💯 90 88 82 077 001.6💎00|02 ⏱️2m57.848s🌐acehighwin.com
130✅DONE✅15 💯 💯 95 88 83 076 001.5💎00|02 ⏱️2m55.420s🌐intensityaus.com
132✅DONE✅16 💯 💯 95 88 83 076 001.5💎00|02 ⏱️2m51.408s🌐bk8au.online
131✅DONE✅17 💯 💯 95 88 84 077 001.5💎00|02 ⏱️2m49.195s🌐7pokies.com
133✅DONE✅18 💯 💯 95 88 84 077 001.5💎00|02 ⏱️2m49.110s🌐aud2u.com
134🚚E301❌01 80 90 90 88 83 077 001.5💎00|02 ⏱️2m44.060s🌐zebra88.club
135✅DONE✅01 80 90 95 88 84 077 001.5💎00|02 ⏱️2m42.916s🌐vpower8.com
136✅DONE✅02 80 90 95 88 84 077 001.5💎00|02 ⏱️2m38.467s🌐ozlotto88.com
138✅DONE✅03 80 90 95 90 84 077 001.4💎00|02 ⏱️2m38.201s🌐goldencrown96.com
139✅DONE✅04 80 90 95 90 84 077 001.4💎00|02 ⏱️2m37.720s🌐raabet9.com
140✅DONE✅05 💯 90 95 90 84 077 001.4💎00|02 ⏱️2m36.399s🌐magicspin77aus.com
141✅DONE✅06 💯 90 95 90 84 078 001.4💎00|02 ⏱️2m37.661s🌐solidluck33.com
146🚚E301❌01 80 80 90 90 83 075 001.4💎00|02 ⏱️2m35.307s🌐1pokies.com
143✅DONE✅01 80 80 90 90 83 077 001.4💎00|02 ⏱️2m36.314s🌐betworld168.vip
142✅DONE✅02 80 80 90 90 83 078 001.4💎00|02 ⏱️2m37.673s🌐megabet26.com
144✅DONE✅03 80 90 90 90 83 078 001.4💎00|02 ⏱️2m38.642s🌐i8au.online
149🚚E301❌01 60 80 85 88 82 075 001.3💎00|02 ⏱️2m36.963s🌐77au.net
147✅DONE✅01 80 80 85 88 83 077 001.4💎00|02 ⏱️2m38.849s🌐enjoy33.vip
148✅DONE✅02 80 80 85 88 83 077 001.4💎00|02 ⏱️2m41.420s🌐on88aud.io
145✅DONE✅03 80 80 85 88 83 080 001.4💎00|02 ⏱️2m46.610s🌐auslot7.com
150✅DONE✅04 80 80 85 88 84 078 001.3💎00|02 ⏱️2m46.626s🌐fatchoy66.club
151🚚E301❌01 80 70 80 86 83 077 001.3💎00|02 ⏱️2m40.738s🌐100pokies.com
153🚚E301❌02 60 70 75 84 83 076 001.3💎00|02 ⏱️2m38.320s🌐12playau.com
154🚚E301❌03 40 60 70 84 82 075 001.3💎00|02 ⏱️2m36.791s🌐9aus.com
157🚚E301❌04 20 50 65 82 81 074 001.3💎00|02 ⏱️2m34.083s🌐1aupokies.com
160🚚E301❌05 0 40 65 80 81 073 001.2💎00|02 ⏱️2m31.376s🌐11win.com
152🚚E301❌06 0 40 60 78 80 076 001.3💎00|02 ⏱️2m37.173s🌐ac8aus.com
155✅DONE✅01 20 40 60 78 80 076 001.3💎00|02 ⏱️2m37.103s🌐aus33.com
158✅DONE✅02 40 40 60 78 80 075 001.3💎00|02 ⏱️2m36.608s🌐22aud.com
156✅DONE✅03 60 40 60 78 80 076 001.3💎00|02 ⏱️2m37.591s🌐au55.co
159✅DONE✅04 80 40 60 78 80 076 001.3💎00|02 ⏱️2m38.282s🌐ozreel88.com
164💻E103❌01 80 40 55 78 79 073 001.2💎00|02 ⏱️2m35.462s🌐aba33aus.com
162🚚E301❌02 60 40 55 76 78 074 001.2💎00|02 ⏱️2m36.990s🌐aawin68.com
163🚚E301❌03 40 40 50 74 77 074 001.2💎00|02 ⏱️2m33.914s🌐aud96.com
161💻E405❌04 20 40 45 72 76 075 001.2💎00|02 ⏱️2m36.688s🌐a99au.com
165🚚E301❌05 0 40 40 70 75 073 001.2💎00|02 ⏱️2m32.022s🌐a9aud.com
169💻E103❌06 0 40 40 70 74 071 001.2💎00|02 ⏱️2m22.505s🌐aussiebt.net
170💻E103❌07 0 30 35 68 73 071 001.2💎00|02 ⏱️2m18.426s🌐22luckyspin.com
166🚚E301❌08 0 20 30 66 73 072 001.2💎00|02 ⏱️2m17.173s🌐ausclub.net
174💻E403❌09 0 10 25 64 72 069 001.1💎00|02 ⏱️2m07.969s🌐auraaud.com
173🚚E301❌10 0 0 20 62 71 069 001.2💎00|02 ⏱️2m02.582s🌐avengers80.com
171💻E103❌11 0 0 20 60 70 070 001.2💎00|02 ⏱️2m04.892s🌐ausbet99.com
168✅DONE✅01 20 10 25 60 71 072 001.2💎00|02 ⏱️2m07.269s🌐acwin77.com
167✅DONE✅02 40 20 30 60 71 073 001.2💎00|02 ⏱️2m11.599s🌐33spins.com
172✅DONE✅01 60 30 35 57 71 072 001.2💎00|02 ⏱️2m06.129s🌐aus4win.com
175🚚E301❌01 40 20 30 57 70 070 001.1💎00|02 ⏱️2m03.798s🌐aus26.com
176✅DONE✅02 80 40 40 57 71 071 001.1💎00|02 ⏱️2m08.695s🌐bn8aus.com
178🚚E301❌01 60 40 35 56 71 070 001.1💎00|02 ⏱️2m05.936s🌐bigpay2u.com
180💻E103❌02 40 40 30 54 70 069 001.1💎00|02 ⏱️2m00.805s🌐boss365au.com
183💻E103❌03 40 40 25 52 69 068 001.1💎00|02 ⏱️1m59.929s🌐amb88.cc
177✅DONE✅01 40 50 25 52 70 071 001.1💎00|02 ⏱️2m03.626s🌐afl88.com
179✅DONE✅02 40 60 30 52 70 070 001.1💎00|02 ⏱️2m05.301s🌐bet365aud.com
181✅DONE✅03 60 60 35 52 70 070 001.1💎00|02 ⏱️2m03.997s🌐betzilla88.com
187💻E103❌01 60 50 35 50 69 068 001.1💎00|02 ⏱️1m56.321s🌐cn8au.com
188💻E103❌02 60 50 35 48 68 068 001.1💎00|02 ⏱️1m54.856s🌐cuntspin.com
182✅DONE✅01 60 50 40 50 69 070 001.1💎00|02 ⏱️1m58.820s🌐auspay96.com
186💻E103❌01 40 40 40 48 68 069 001.1💎00|02 ⏱️1m57.241s🌐crown69.com
190💻E103❌02 20 40 40 46 67 067 001.1💎00|02 ⏱️1m54.766s🌐auspin8.com
184✅DONE✅01 40 50 45 46 68 070 001.1💎00|02 ⏱️2m01.819s🌐betmeth.com
185✅DONE✅02 60 60 50 46 68 070 001.1💎00|02 ⏱️2m07.020s🌐betjohn.net
189🚚E301❌01 40 50 50 44 67 069 001.1💎00|02 ⏱️2m04.314s🌐auspin88.vip
191💻E103❌02 40 40 50 42 66 068 001.0💎00|02 ⏱️1m59.165s🌐candylucks.net
193💻E530❌03 40 30 45 42 66 067 001.0💎00|02 ⏱️1m54.236s🌐e99au.com
192🚚E301❌04 20 30 40 40 65 068 001.0💎00|02 ⏱️1m55.515s🌐checkmate7.com
195💻E103❌05 0 30 40 38 64 067 001.0💎00|02 ⏱️1m56.198s🌐bizzo777.com
197🚚E301❌06 0 20 35 36 63 066 001.0💎00|02 ⏱️1m51.492s🌐bk8aus.com
199💻E103❌07 0 20 30 36 62 065 001.0💎00|02 ⏱️1m51.879s🌐cashking99.com
203💻E103❌08 0 20 30 34 61 064 001.0💎00|02 ⏱️1m51.590s🌐drift668.co
205💻E103❌09 0 10 30 32 60 063 001.0💎00|02 ⏱️1m45.810s🌐cola88au.co
200✅DONE✅01 20 10 35 32 60 066 001.0💎00|02 ⏱️1m47.416s🌐blackpokies.com
198✅DONE✅02 40 20 35 32 60 067 001.0💎00|02 ⏱️1m54.317s🌐check-in77.com
202✅DONE✅03 60 30 35 34 60 066 001.0💎00|02 ⏱️1m58.724s🌐fortune88au.com
204🚚E301❌01 60 30 30 34 59 065 001.0💎00|02 ⏱️2m02.363s🌐cocspin.com
201🚚E301❌02 60 30 30 34 59 066 001.0💎00|02 ⏱️2m10.153s🌐dg6au.com
207🚚E301❌03 40 30 30 34 57 064 001.0💎00|02 ⏱️2m07.810s🌐fightspin.net
208🚚E301❌04 20 30 25 34 56 064 001.0💎00|02 ⏱️2m07.978s🌐ebet9au.com
206🚚E301❌05 0 30 25 34 56 065 001.0💎00|02 ⏱️2m08.807s🌐diceau.online
210💻E103❌06 0 30 25 32 55 063 001.0💎00|02 ⏱️2m08.066s🌐dreamworldau.com
211💻E103❌07 0 30 20 30 54 063 000.9💎00|02 ⏱️2m09.495s🌐gucci9.vip
209🚚E301❌08 0 20 15 28 53 064 001.0💎00|02 ⏱️2m08.637s🌐coospin.com
212💻E103❌09 0 10 15 26 52 063 000.9💎00|02 ⏱️2m02.692s🌐ea99aud.com
215🚚E301❌10 0 0 15 26 52 062 000.9💎00|02 ⏱️1m58.289s🌐fuckfuck.app
216🚚E301❌11 0 0 15 26 51 062 000.9💎00|02 ⏱️1m55.182s🌐fastau.co
218💻E103❌12 0 0 15 26 50 061 000.9💎00|02 ⏱️1m46.646s🌐joker33.club
214✅DONE✅01 20 10 20 28 50 063 000.9💎00|02 ⏱️1m50.643s🌐gtbet9au.com
217✅DONE✅02 40 20 25 30 50 062 000.9💎00|02 ⏱️1m51.489s🌐fight22.com
219💻E103❌01 40 20 25 30 50 062 000.9💎00|02 ⏱️1m47.543s🌐ecstasybaby.com
213🚚E301❌02 40 20 25 30 49 063 000.9💎00|02 ⏱️1m55.921s🌐faraday.in
221💻E103❌03 40 20 25 30 48 061 000.9💎00|02 ⏱️1m52.446s🌐gxbet7.com
220🚚E301❌04 20 20 20 30 47 061 000.9💎00|02 ⏱️1m49.871s🌐freeaud.co
222💻E103❌05 0 20 15 30 46 061 000.9💎00|02 ⏱️1m46.701s🌐goldbet9.net
224💻E103❌06 0 20 10 30 45 060 000.9💎00|02 ⏱️1m44.525s🌐jewelpalace88.com
223💻E103❌07 0 20 10 28 44 060 000.9💎00|02 ⏱️1m43.261s🌐luckyangels.co
225💻E103❌08 0 20 10 26 43 060 000.9💎00|02 ⏱️1m43.491s🌐gowinau.com
227💻E103❌09 0 10 10 26 42 059 000.9💎00|02 ⏱️1m39.295s🌐god88aus.com
232💻E103❌10 0 0 10 24 41 058 000.9💎00|02 ⏱️1m34.835s🌐micky13.net
228🚚E301❌11 0 0 10 22 40 059 000.9💎00|02 ⏱️1m36.405s🌐jombet77.com
231🚚E301❌12 0 0 10 22 39 058 000.9💎00|02 ⏱️1m29.418s🌐lucky96aus.com
230🚚E301❌13 0 0 10 22 38 059 000.9💎00|02 ⏱️1m31.188s🌐iwin88au.com
196💻E104❌14 0 0 10 22 37 069 001.0💎00|02 ⏱️2m09.936s🌐enjoy2win99.com
194💻E104❌15 0 0 10 20 36 070 001.0💎00|02 ⏱️2m45.721s🌐ezbet66.com
229✅DONE✅01 20 10 15 20 36 059 000.9💎00|02 ⏱️2m37.129s🌐gwin77.com
235🚚E301❌01 20 10 15 18 35 058 000.9💎00|02 ⏱️2m35.827s🌐msn33.com
233✅DONE✅01 40 20 20 20 35 059 000.9💎00|02 ⏱️2m39.245s🌐jackpotmate88.com
234💻E103❌01 40 20 15 20 34 058 000.9💎00|02 ⏱️2m40.703s🌐irich88.co
238💻E103❌02 40 20 10 18 34 057 000.8💎00|02 ⏱️2m39.150s🌐luckau.co
226✅DONE✅01 40 30 15 20 34 061 000.9💎00|02 ⏱️2m51.619s🌐fuckingmeth.com
236✅DONE✅02 60 40 20 22 34 059 000.8💎00|02 ⏱️2m48.782s🌐luna8.co
237✅DONE✅03 60 50 25 22 34 059 000.8💎00|02 ⏱️2m50.516s🌐methwin.com
242💻E103❌01 60 50 25 20 33 058 000.8💎00|02 ⏱️2m19.189s🌐penguinwin.com
240💻E403❌02 60 50 25 20 32 058 000.8💎00|02 ⏱️1m49.822s🌐gemvault777.com
241💻E403❌03 40 40 25 20 31 058 000.8💎00|02 ⏱️1m46.967s🌐jokers11.com
245💻E103❌04 20 40 25 20 31 057 000.8💎00|02 ⏱️1m44.912s🌐methmeth.com
247💻E103❌05 0 30 25 20 30 057 000.8💎00|02 ⏱️1m41.135s🌐minionspin.pro
239✅DONE✅01 20 40 30 22 30 059 000.8💎00|02 ⏱️1m45.571s🌐gcity56.com
250💻E103❌01 20 40 30 22 28 056 000.8💎00|02 ⏱️1m42.662s🌐imperium88.com
251💻E103❌02 20 30 30 22 28 056 000.8💎00|02 ⏱️1m33.961s🌐luckyozzie1.com
246✅DONE✅01 40 30 35 24 28 058 000.8💎00|02 ⏱️1m36.229s🌐hello88au.com
248✅DONE✅02 60 30 40 26 28 058 000.8💎00|02 ⏱️1m34.104s🌐mrwin9au.com
249✅DONE✅03 60 40 45 26 28 058 000.8💎00|02 ⏱️1m36.464s🌐retro33.com
252✅DONE✅04 80 50 50 26 28 057 000.8💎00|02 ⏱️1m36.810s🌐mrwin77au.com
255💻E103❌01 80 50 45 24 28 057 000.8💎00|02 ⏱️1m34.483s🌐koala668.co
256💻E103❌02 60 50 45 24 28 057 000.8💎00|02 ⏱️1m34.541s🌐millionaireaud.com
253✅DONE✅01 60 60 45 26 30 058 000.8💎00|02 ⏱️1m39.602s🌐mwaus.co
258💻E103❌01 40 50 45 26 30 056 000.8💎00|02 ⏱️1m33.787s🌐peakyblinders777.com
257🚚E301❌02 20 50 45 26 30 057 000.8💎00|02 ⏱️1m36.563s🌐joypokies.com
259💻E530❌03 20 50 40 26 30 056 000.8💎00|02 ⏱️1m36.476s🌐spbo11.vip
260🚚E301❌04 20 40 35 26 28 056 000.8💎00|02 ⏱️1m33.908s🌐payday247.net
262💻E103❌05 0 30 30 26 28 056 000.8💎00|02 ⏱️1m31.244s🌐mummyaus.com
263💻E103❌06 0 20 30 26 27 055 000.8💎00|02 ⏱️1m27.998s🌐play88aud.com
261✅DONE✅01 20 20 35 28 27 056 000.8💎00|02 ⏱️1m28.385s🌐mb9.co
266💻E103❌01 20 20 35 28 27 055 000.8💎00|02 ⏱️1m27.041s🌐township64.com
264🚚E301❌02 20 20 35 28 27 056 000.8💎00|02 ⏱️1m28.189s🌐reef33.co
267💻E103❌03 20 10 35 28 27 055 000.7💎00|02 ⏱️1m23.720s🌐r8aud.com
265🚚E301❌04 20 10 30 26 27 055 000.8💎00|02 ⏱️1m26.634s🌐lv52aud.com
272💻E103❌05 0 10 30 24 27 054 000.7💎00|02 ⏱️1m22.561s🌐spadeau.com
268✅DONE✅01 20 20 35 26 28 055 000.7💎00|02 ⏱️1m26.018s🌐pg9aus.com
273💻E103❌01 20 20 30 26 28 054 000.7💎00|02 ⏱️1m23.677s🌐slotmeth.com
271🚚E301❌02 20 20 25 26 28 054 000.7💎00|02 ⏱️1m26.568s🌐wabet77.com
269💻E405❌03 20 20 20 26 28 055 000.7💎00|02 ⏱️1m31.617s🌐richpokies.com
274🚚E301❌04 20 10 15 26 28 054 000.7💎00|02 ⏱️1m29.314s🌐mix9au.com
278💻E103❌05 0 10 15 26 28 053 000.7💎00|02 ⏱️1m28.857s🌐zircon33.com
276🚚E301❌06 0 10 15 26 27 053 000.7💎00|02 ⏱️1m31.167s🌐richboy.co
279💻E103❌07 0 10 10 26 26 053 000.7💎00|02 ⏱️1m30.863s🌐speedwinz.com
277💻E103❌08 0 10 10 26 26 053 000.7💎00|02 ⏱️1m32.853s🌐tony99aus.com
243💻E103❌09 0 10 10 26 25 061 000.8💎00|02 ⏱️2m11.695s🌐lucky7au.com
280💻E103❌10 0 0 10 26 24 053 000.7💎00|02 ⏱️2m00.256s🌐n1spin.com
283💻E103❌11 0 0 10 26 24 052 000.7💎00|02 ⏱️1m59.252s🌐tt99au.com
282💻E103❌12 0 0 10 26 24 052 000.7💎00|02 ⏱️1m58.606s🌐speedwin99.com
284💻E103❌13 0 0 10 26 24 052 000.7💎00|02 ⏱️1m53.548s🌐vspin365.com
285💻E103❌14 0 0 5 26 23 052 000.7💎00|02 ⏱️1m51.784s🌐methspin.com
281💻E404❌15 0 0 5 24 22 053 000.7💎00|02 ⏱️1m55.037s🌐aud2u.com/TW21708A028
254💻E103❌16 0 0 5 24 21 058 000.8💎00|02 ⏱️2m29.897s🌐ibet9au.com
286💻E103❌17 0 0 5 22 21 052 000.7💎00|02 ⏱️2m16.652s🌐playmeth.com
287💻E103❌18 0 0 5 22 21 051 000.7💎00|02 ⏱️2m12.652s🌐weplay9aus.com
288✅DONE✅01 20 10 10 24 21 052 000.7💎00|02 ⏱️1m46.979s🌐toystory9au.com
292💻E103❌01 20 10 5 22 21 051 000.7💎00|02 ⏱️1m42.135s🌐kimberley333.com
289✅DONE✅01 40 20 10 22 22 052 000.7💎00|02 ⏱️1m47.374s🌐xbox98.com
294💻E404❌01 40 20 10 20 21 051 000.7💎00|02 
⏱️1m46.373s🌐boomerangbetscasino.com/RF365298972
293✅DONE✅01 60 30 15 22 21 051 000.7💎00|02 ⏱️1m49.374s🌐rizspin.com
296🚚E301❌01 40 30 15 22 21 051 000.7💎00|02 ⏱️1m49.694s🌐macluck9aus.net
270💻E103❌02 40 30 15 22 21 056 000.7💎00|02 ⏱️2m23.396s🌐mrpokies9.com
295🚚E301❌03 20 30 15 22 21 051 000.7💎00|02 ⏱️1m54.074s🌐we966.com
291💻E103❌04 20 30 15 22 21 052 000.7💎00|02 
⏱️2m21.564s🌐spinsx.net/RF269195561
275💻E104❌05 0 30 15 20 21 055 000.7💎00|02 ⏱️3m22.732s🌐topspin.one
290💻E104❌06 0 20 15 20 21 052 000.7💎00|02 ⏱️4m57.951s🌐mrwin888.com

╭──────────────────────────────────────────────────────────────────────────────╮
│                                                                              │
│                        ╭─────── 🏁 RESULTS ────────╮                         │
│                        │ Scraping Complete         │                         │
│                        │   Sites Scraped:  293     │                         │
│                        │   Successful:    152      │                         │
│                        │   Failed:        141      │                         │
│                        │   Success Rate:  51.9%    │                         │
│                        │   Bonuses Found: 197      │                         │
│                        │   New Bonuses:   2        │                         │
│                        │   Elapsed:       00:02:48 │                         │
│                        ╰───────────────────────────╯                         │
│                                                                              │
╰──────────────────────────────────────────────────────────────────────────────╯
                      ● Dashboard at http://127.0.0.1:8000                      
