╭──────────────────────── 🚀 Bonus Scraper Engine v5.0 ────────────────────────╮
│                                                                              │
│ ╭─ ⚡ PERFORMANCE ──╮╭─ 🌐 INFRASTRUCTUR─╮╭───── 📋 JOB ─────╮╭── ERRORS ──╮ │
│ │  Concurrency      ││  Proxy Pool       ││  URLs Queued     ││ ✅ OK      │ │
│ │  20 Workers       ││  0 Active         ││  637             ││ 👻 404     │ │
│ │  Throughput       ││  Proxy Logic      ││  Shuffle         ││ 🚫 403     │ │
│ │  ~600 URLs/min    ││  Per-Worker Pool  ││  No              ││ 🚚 301     │ │
│ │  Delays           │╰───────────────────╯╰──────────────────╯│ 📡 101     │ │
│ │  2.0-2.0s         │                                         │ ☁️ 503     │ │
│ │  Timeout          │                                         │ 🐌 Lag     │ │
│ │  15s              │                                         │ 📉 Track   │ │
│ ╰───────────────────╯                                         │            │ │
│ ╭─ 💻 ENVIRONMENT ──╮╭─ 📊 SYSTEM HEALTH─╮╭── 🛡️ SECURITY ───╮│            │ │
│ │  OS               ││  Status           ││  Auth User       ││            │ │
│ │  Android          ││  🟥 0%            ││  admin           ││            │ │
│ │  Py Version       ││  🔴 10%           ││  SSL Check       ││            │ │
│ │  3.13.13          ││  ❤️  20%          ││  Disabled        ││            │ │
│ ╰───────────────────╯│  🟧 25%           ││  IP Reputation   ││            │ │
│                      │  🟠 35%           ││  0/100           ││            │ │
│                      │  🧡 45%           │╰──────────────────╯│            │ │
│                      │  🟨 50%           │                    │            │ │
│                      │  🟡 60%           │                    ╰────────────╯ │
│                      │  💛 70%           │                                   │
│                      │  🟩 75%           │                                   │
│                      │  🟢 85%           │                                   │
│                      │  💚 95%           │                                   │
│                      │  💚 100%          │                                   │
│                      ╰───────────────────╯                                   │
│ ╭───────────────────────────── 🕵️ USER AGENT ──────────────────────────────╮ │
│ │  User Agent Identity                                                     │ │
│ │  Mozilla/5.0 (Windows NT 10.0; Win64; x64) AppleWebKit/537.36 (KHTML,    │ │
│ │  like Gecko) Chrome/120.0.0.0 Safari/537.36                              │ │
│ ╰──────────────────────────────────────────────────────────────────────────╯ │
│                                                                              │
╰──────────────────────────────────────────────────────────────────────────────╯
╭──────────────────────────────────────────────────────────────────────────────╮
│             📡 COMMAND DASHBOARD ACTIVE : http://127.0.0.1:8000              │
╰──────────────────────────────────────────────────────────────────────────────╯
                   ● SYSTEM READY PRESS [CTRL+C] TO TERMINATE                   
008🚚E301❌01 0 0 0 0 0 000 000.0💎00|00 ⏱️2m25.035s🌐g9aus.com
007🚚E301❌02 0 0 0 0 0 000 000.0💎00|00 ⏱️2m25.611s🌐cyberbet77.com
010🚚E301❌03 0 0 0 0 0 000 000.0💎00|00 ⏱️2m25.762s🌐aud99.com
003🚚E301❌04 0 0 0 0 0 000 000.0💎00|00 ⏱️2m29.214s🌐audwin9.com
014🚚E301❌05 0 0 0 0 0 000 000.0💎00|00 ⏱️2m26.870s🌐candymommy.co
009🚚E301❌06 0 0 0 0 0 000 000.0💎00|00 ⏱️2m28.906s🌐aus2u.com
015🚚E301❌07 0 0 0 0 0 000 000.0💎00|00 ⏱️2m27.825s🌐ezaud.com
013🚚E301❌08 0 0 0 0 0 000 000.0💎00|00 ⏱️2m28.828s🌐ezspin68.vip
016🚚E301❌09 0 0 0 0 0 006 000.0💎00|00 ⏱️2m28.526s🌐1bigwin.com
004✅DONE✅01 20 10 10 10 10 025 000.0💎00|00 ⏱️2m32.497s🌐aud365.co
018🚚E301❌01 20 10 10 10 10 005 000.0💎00|00 ⏱️2m29.957s🌐betus10.co
012✅DONE✅01 40 20 20 20 20 016 000.0💎00|00 ⏱️2m33.233s🌐cergas.online
011✅DONE✅02 60 30 30 30 30 027 000.0💎00|00 ⏱️2m35.182s🌐iw99au.com
017✅DONE✅03 80 40 40 40 40 023 000.0💎00|00 ⏱️2m35.287s🌐fuckmate.co
005✅DONE✅04 80 50 50 50 50 100 000.0💎00|00 ⏱️2m42.315s🌐jw8au.com
021🚚E301❌01 80 50 50 50 50 023 000.0💎00|00 ⏱️2m37.331s🌐eebet9.com
026🚚E301❌02 60 50 50 50 50 019 000.0💎00|00 ⏱️2m35.181s🌐aus88win.com
022🚚E301❌03 40 50 50 50 50 022 000.0💎00|00 ⏱️2m35.924s🌐fc8au.com
024🚚E301❌04 20 50 50 50 50 020 000.0💎00|00 ⏱️2m34.541s🌐dd8au.com
025🚚E301❌05 0 40 25 25 25 020 000.0💎00|00 ⏱️2m32.675s🌐audgo.net
023🚚E301❌06 0 40 25 25 25 021 000.0💎00|00 ⏱️2m33.400s🌐ausbet88.com
027🚚E301❌07 0 30 25 25 25 018 000.0💎00|00 ⏱️2m30.820s🌐bondi333.com
029🚚E301❌08 0 20 25 25 25 017 000.0💎00|00 ⏱️2m28.541s🌐decho34.com
028🚚E301❌09 0 10 25 25 25 017 000.0💎00|00 ⏱️2m26.754s🌐1winbet369.com
031🚚E301❌10 0 0 25 25 25 016 000.0💎00|00 ⏱️2m22.099s🌐epicpokies.com
033🚚E301❌11 0 0 25 25 25 015 000.0💎00|00 ⏱️2m21.839s🌐aus4win.com
032🚚E301❌12 0 0 25 25 25 015 000.0💎00|00 ⏱️2m22.599s🌐betman9.com
034🚚E301❌13 0 0 25 25 25 014 000.0💎00|00 ⏱️2m21.617s🌐diamondaud.com
035🚚E301❌14 0 0 25 25 25 014 000.0💎00|00 ⏱️2m21.323s🌐aus789.com
036🚚E301❌15 0 0 20 20 20 013 000.0💎00|00 ⏱️2m21.516s🌐aucloud9.com
039🚚E301❌16 0 0 20 20 20 012 000.0💎00|00 ⏱️2m19.988s🌐gday123.com
037🚚E301❌17 0 0 15 15 15 013 000.0💎00|00 ⏱️2m20.668s🌐7pokies.com
038🚚E301❌18 0 0 10 10 10 013 000.0💎00|00 ⏱️2m20.759s🌐acehighwin.com
040🚚E301❌19 0 0 5 5 5 012 000.0💎00|00 ⏱️2m20.589s🌐aud2u.com
042🚚E301❌20 0 0 0 0 0 011 000.0💎00|00 ⏱️2m20.656s🌐auslot7.com
043🚚E301❌21 0 0 0 0 0 011 000.0💎00|00 ⏱️2m20.946s🌐clubimperioaus.com
041🚚E301❌22 0 0 0 0 0 012 000.0💎00|00 ⏱️2m22.235s🌐100payau.com
047🚚E301❌23 0 0 0 0 0 010 000.0💎00|00 ⏱️2m21.209s🌐aud33.com
044🚚E301❌24 0 0 0 0 0 011 000.0💎00|00 ⏱️2m23.090s🌐11win.com
048🚚E301❌25 0 0 0 0 0 010 000.0💎00|00 ⏱️2m21.787s🌐100pokies.com
046🚚E301❌26 0 0 0 0 0 010 000.0💎00|00 ⏱️2m22.807s🌐gembetaus.com
049🚚E301❌27 0 0 0 0 0 010 000.0💎00|00 ⏱️2m21.742s🌐emax7.co
054💻E103❌28 0 0 0 0 0 009 000.0💎00|00 ⏱️2m18.507s🌐99flashwin.com
052🚚E301❌29 0 0 0 0 0 009 000.0💎00|00 ⏱️2m18.388s🌐22pokies.com
053🚚E301❌30 0 0 0 0 0 009 000.0💎00|00 ⏱️2m17.415s🌐33spins.com
057🚚E301❌31 0 0 0 0 0 008 000.0💎00|00 ⏱️2m15.871s🌐9aus.com
060🚚E301❌32 0 0 0 0 0 008 000.0💎00|00 ⏱️2m14.008s🌐9pokies.com
059🚚E301❌33 0 0 0 0 0 008 000.0💎00|00 ⏱️2m13.890s🌐9xbetau.com
051🚚E301❌34 0 0 0 0 0 009 000.0💎00|00 ⏱️2m16.633s🌐77au.net
058🚚E301❌35 0 0 0 10 10 008 000.0💎00|00 ⏱️2m15.283s🌐77pokies.com
050🚚E301❌36 0 0 0 10 10 010 000.0💎00|00 ⏱️2m19.224s🌐66spin.com
061🚚E301❌37 0 0 0 10 10 008 000.0💎00|00 ⏱️2m17.190s🌐7vip7.com
062💻E103❌38 0 0 0 10 10 008 000.0💎00|00 ⏱️2m19.427s🌐22luckyspin.com
063🚚E301❌39 0 0 0 10 10 007 000.0💎00|00 ⏱️2m19.126s🌐au21.net
068💻E103❌40 0 0 0 10 10 007 000.0💎00|00 ⏱️2m16.343s🌐aud77.net
064🚚E301❌41 0 0 0 10 10 007 000.0💎00|00 ⏱️2m17.590s🌐acwin77.com
065🚚E301❌42 0 0 0 10 10 007 000.0💎00|00 ⏱️2m17.842s🌐afl88.com
066🚚E301❌43 0 0 0 10 10 007 000.0💎00|00 ⏱️2m17.476s🌐au99.co
067🚚E301❌44 0 0 0 10 10 007 000.0💎00|00 ⏱️2m15.569s🌐aud1000.com
069🚚E301❌45 0 0 0 8 8 007 000.0💎00|00 ⏱️2m14.926s🌐ariswin.com
072🚚E301❌46 0 0 0 8 8 006 000.0💎00|00 ⏱️2m11.485s🌐astar77au.com
071🚚E301❌47 0 0 0 6 6 007 000.0💎00|00 ⏱️2m11.664s🌐aristocratau.com
070💻E103❌48 0 0 0 4 4 007 000.0💎00|00 ⏱️2m12.098s🌐arkspin.com
074💻E103❌49 0 0 0 2 2 006 000.0💎00|00 ⏱️2m09.720s🌐aussie8.net
076🚚E301❌50 0 0 0 0 0 006 000.0💎00|00 ⏱️2m10.746s🌐aus33.com
075🚚E301❌51 0 0 0 0 0 006 000.0💎00|00 ⏱️2m11.102s🌐auwin9.com
073🚚E301❌52 0 0 0 0 0 006 000.0💎00|00 ⏱️2m15.812s🌐ac8aus.com
082💻E103❌53 0 0 0 0 0 006 000.0💎00|00 ⏱️2m12.170s🌐auspin8.com
077💻E103❌54 0 0 0 0 0 006 000.0💎00|00 ⏱️2m13.731s🌐ausbet99.com
078🚚E301❌55 0 0 0 0 0 006 000.0💎00|00 ⏱️2m13.534s🌐aussieluck33au.com
083💻E103❌56 0 0 0 0 0 006 000.0💎00|00 ⏱️2m10.884s🌐auspokies7.co
079🚚E301❌57 0 0 0 0 0 006 000.0💎00|00 ⏱️2m11.411s🌐auwin88.com
080🚚E301❌58 0 0 0 0 0 006 000.0💎00|00 ⏱️2m10.479s🌐auspin88.vip
081🚚E301❌59 0 0 0 0 0 006 000.0💎00|00 ⏱️2m12.232s🌐aussie55.com
084🚚E301❌60 0 0 0 0 0 005 000.0💎00|00 ⏱️2m11.381s🌐blackpokies.com
090💻E103❌61 0 0 0 0 0 005 000.0💎00|00 ⏱️2m08.058s🌐bmb99.com
085🚚E301❌62 0 0 0 0 0 005 000.0💎00|00 ⏱️2m04.737s🌐betjohn.net
087🚚E301❌63 0 0 0 0 0 005 000.0💎00|00 ⏱️2m05.882s🌐aus26.com
088🚚E301❌64 0 0 0 0 0 005 000.0💎00|00 ⏱️2m05.240s🌐bigpay2u.com
089🚚E301❌65 0 0 0 0 0 005 000.0💎00|00 ⏱️2m05.005s🌐betmeth.com
091🚚E301❌66 0 0 0 0 0 005 000.0💎00|00 ⏱️2m06.152s🌐bk8au.online
092🚚E301❌67 0 0 0 0 0 005 000.0💎00|00 ⏱️2m06.372s🌐bn8aus.com
093💻E103❌68 0 0 0 0 0 005 000.0💎00|00 ⏱️2m06.263s🌐bizzo777.com
094🚚E301❌69 0 0 0 0 0 005 000.0💎00|00 ⏱️2m05.646s🌐bk8aus.com
095🚚E301❌70 0 0 0 0 0 005 000.0💎00|00 ⏱️2m05.528s🌐check-in77.com
096💻E103❌71 0 0 0 0 0 005 000.0💎00|00 ⏱️2m05.271s🌐cn8au.com
099💻E103❌72 0 0 0 0 0 005 000.0💎00|00 ⏱️2m03.064s🌐candylucks.net
101💻E103❌73 0 0 0 0 0 004 000.0💎00|00 ⏱️2m00.999s🌐cbr8aus.com
097🚚E301❌74 0 0 0 0 0 005 000.0💎00|00 ⏱️2m02.180s🌐bunny96.com
098🚚E301❌75 0 0 0 0 0 005 000.0💎00|00 ⏱️2m01.861s🌐bet365aud.com
100🚚E301❌76 0 0 0 0 0 005 000.0💎00|00 ⏱️2m01.675s🌐bx77au.com
104🚚E301❌77 0 0 0 0 0 004 000.0💎00|00 ⏱️2m00.070s🌐champion9.com
105💻E103❌78 0 0 0 0 0 004 000.0💎00|00 ⏱️1m57.908s🌐day2spin.com
103💻E103❌79 0 0 0 0 0 004 000.0💎00|00 ⏱️1m58.836s🌐cashking99.com
108💻E103❌80 0 0 0 0 0 004 000.0💎00|00 ⏱️1m56.427s🌐cuntspin.com
107💻E403❌81 0 0 0 0 0 004 000.0💎00|00 ⏱️1m57.237s🌐cuntcunt.com
102🚚E301❌82 0 0 0 0 0 004 000.0💎00|00 ⏱️2m04.110s🌐cocspin.com
106🚚E301❌83 0 0 0 0 0 004 000.0💎00|00 ⏱️2m06.400s🌐dg6au.com
110🚚E301❌84 0 0 0 0 0 004 000.0💎00|00 ⏱️2m05.427s🌐bs22au.com
113💻E103❌85 0 0 0 0 5 004 000.0💎00|00 ⏱️2m03.222s🌐epicstar6.com
111🚚E301❌86 0 0 0 0 5 004 000.0💎00|00 ⏱️2m03.282s🌐crown777au.com
109💻E103❌87 0 0 0 0 5 004 000.0💎00|00 ⏱️2m04.891s🌐crown69.com
112🚚E301❌88 0 0 0 0 5 004 000.0💎00|00 ⏱️2m05.735s🌐cuntwin.com
114🚚E301❌89 0 0 0 0 5 004 000.0💎00|00 ⏱️2m04.518s🌐cuntsick.com
055💻E104❌90 0 0 0 0 5 009 000.0💎00|00 ⏱️3m02.053s🌐5starclub.vip
118💻E103❌91 0 0 0 0 5 004 000.0💎00|00 ⏱️2m41.741s🌐eway7.com
115🚚E301❌92 0 0 0 0 5 004 000.0💎00|00 ⏱️2m38.707s🌐enjoy33.vip
117🚚E301❌93 0 0 0 0 5 004 000.0💎00|00 ⏱️2m36.753s🌐diceau.online
122💻E103❌94 0 0 0 0 5 004 000.0💎00|00 ⏱️2m33.392s🌐efa777.com
119🚚E301❌95 0 0 0 0 4 004 000.0💎00|00 ⏱️2m35.541s🌐crown69.co
121🚚E301❌96 0 0 0 0 4 004 000.0💎00|00 ⏱️2m34.868s🌐efa99aus.com
120🚚E301❌97 0 0 0 0 3 004 000.0💎00|00 ⏱️2m34.092s🌐galaxy96au.com
116🚚E301❌98 0 0 0 0 2 004 000.0💎00|00 ⏱️2m38.535s🌐enjoy007.com
125💻E103❌99 0 0 0 0 1 004 000.0💎00|00 ⏱️2m34.474s🌐amb88.cc
123🚚E301❌100 0 0 0 0 0 004 000.0💎00|00 ⏱️1m57.925s🌐enjoy96.com
127🚚E301❌101 0 0 0 0 0 003 000.0💎00|00 ⏱️1m58.845s🌐fuckingmeth.com
128🚚E301❌102 0 0 0 0 0 003 000.0💎00|00 ⏱️1m58.680s🌐ex77au.com
129🚚E301❌103 0 0 0 0 0 003 000.0💎00|00 ⏱️1m58.701s🌐fatchoy66.club
130💻E103❌104 0 0 0 0 0 003 000.0💎00|00 ⏱️2m00.112s🌐ecstasybaby.com
132🚚E301❌105 0 0 0 0 0 003 000.0💎00|00 ⏱️2m00.682s🌐gwin77.com
133🚚E301❌106 0 0 0 0 0 003 000.0💎00|00 ⏱️2m00.779s🌐freeaud.co
131🚚E301❌107 0 0 0 0 0 003 000.0💎00|00 ⏱️2m02.370s🌐fight22.com
126💻E103❌108 0 0 0 0 0 003 000.0💎00|00 ⏱️2m04.419s🌐gd77.vip
134🚚E301❌109 0 0 0 0 0 003 000.0💎00|00 ⏱️2m04.549s🌐auspay96.com
135🚚E301❌110 0 0 0 0 0 003 000.0💎00|00 ⏱️2m05.180s🌐fuckspin.com
138💻E103❌111 0 0 0 0 0 003 000.0💎00|00 ⏱️2m02.692s🌐god88aus.com
136🚚E301❌112 0 0 0 0 0 003 000.0💎00|00 ⏱️2m03.219s🌐gtbet9au.com
137🚚E301❌113 0 0 0 0 0 003 000.0💎00|00 ⏱️2m02.769s🌐gday77au.com
140💻E103❌114 0 0 0 0 0 003 000.0💎00|00 ⏱️2m00.442s🌐imperium9.com
139🚚E301❌115 0 0 0 0 0 003 000.0💎00|00 ⏱️2m00.479s🌐fastau.co
142🚚E301❌116 0 0 0 0 0 003 000.0💎00|00 ⏱️1m59.599s🌐gofun33.com
143🚚E301❌117 0 0 0 0 0 003 000.0💎00|00 ⏱️1m58.169s🌐harbour33.com
141🚚E301❌118 0 0 0 0 0 003 000.0💎00|00 ⏱️1m55.105s🌐goldencrown96.com
145💻E103❌119 0 0 0 0 0 003 000.0💎00|00 ⏱️1m53.197s🌐gucci9.vip
144🚚E301❌120 0 0 0 0 0 003 000.0💎00|00 ⏱️1m52.576s🌐bigboss88.vip
146🚚E301❌121 0 0 0 0 0 003 000.0💎00|00 ⏱️1m53.446s🌐ibet9au.com
147💻E103❌122 0 0 0 0 0 003 000.0💎00|00 ⏱️1m53.303s🌐imillion88.com
148🚚E301❌123 0 0 0 0 0 003 000.0💎00|00 ⏱️1m52.474s🌐hb88au.com
150💻E103❌124 0 0 0 0 0 003 000.0💎00|00 ⏱️1m52.055s🌐gm9.co
149🚚E301❌125 0 0 0 0 0 003 000.0💎00|00 ⏱️1m51.541s🌐justwin9.com
154💻E103❌126 0 0 0 0 0 003 000.0💎00|00 ⏱️1m49.029s🌐imperium88.com
151🚚E301❌127 0 0 0 0 0 003 000.0💎00|00 ⏱️1m50.057s🌐icebet888.com
153🚚E301❌128 0 0 0 0 0 003 000.0💎00|00 ⏱️1m49.435s🌐ijoker88au.com
155🚚E301❌129 0 0 0 0 0 003 000.0💎00|00 ⏱️1m50.159s🌐candy96.com
156🚚E301❌130 0 0 0 0 0 003 000.0💎00|00 ⏱️1m49.764s🌐jackpotmate88.com
157🚚E301❌131 0 0 0 0 0 003 000.0💎00|00 ⏱️1m49.488s🌐jombet77.com
158🚚E301❌132 0 0 0 0 0 003 000.0💎00|00 ⏱️1m48.812s🌐intensityaus.com
160🚚E301❌133 0 0 0 0 0 003 000.0💎00|00 ⏱️1m48.442s🌐legit99.com
159🚚E301❌134 0 0 0 0 0 003 000.0💎00|00 ⏱️1m50.297s🌐iau9.com
163💻E103❌135 0 0 0 0 0 003 000.0💎00|00 ⏱️1m48.113s🌐joker33.club
164💻E103❌136 0 0 0 0 0 003 000.0💎00|00 ⏱️1m47.870s🌐crystalchips777.com
162🚚E301❌137 0 0 0 0 0 003 000.0💎00|00 ⏱️1m48.157s🌐jaws68.com
161🚚E301❌138 0 0 0 0 0 003 000.0💎00|00 ⏱️1m49.137s🌐joypokies.com
152🚚E301❌139 0 0 0 0 0 003 000.0💎00|00 ⏱️1m58.002s🌐intensity2aus.com
165💻E103❌140 0 0 0 0 0 003 000.0💎00|00 ⏱️1m53.713s🌐kingpay77au.com
170💻E103❌141 0 0 0 0 0 002 000.0💎00|00 ⏱️1m51.332s🌐koala668.co
167🚚E301❌142 0 0 0 0 0 002 000.0💎00|00 ⏱️1m52.551s🌐kangaroobet88.com
166🚚E301❌143 0 0 0 0 0 003 000.0💎00|00 ⏱️1m53.633s🌐koalabear33.com
168🚚E301❌144 0 0 0 0 0 002 000.0💎00|00 ⏱️1m53.100s🌐macluck9aus.net
169🚚E301❌145 0 0 0 0 0 002 000.0💎00|00 ⏱️1m54.325s🌐jackpotau.com
173💻E103❌146 0 0 0 0 0 002 000.0💎00|00 ⏱️1m53.307s🌐kuromiau.com
172🚚E301❌147 0 0 0 0 0 002 000.0💎00|00 ⏱️1m53.487s🌐kingpower365.com
171🚚E301❌148 0 0 0 0 0 002 000.0💎00|00 ⏱️1m52.886s🌐emu668.co
175💻E103❌149 0 0 0 0 0 002 000.0💎00|00 ⏱️1m43.610s🌐luckyozzie1.com
174🚚E301❌150 0 0 0 0 0 002 000.0💎00|00 ⏱️1m46.157s🌐kangaroo88.com
124💻E104❌151 0 0 0 0 0 004 000.0💎00|00 ⏱️2m36.026s🌐enjoy2win99.com
179💻E103❌152 0 0 0 0 0 002 000.0💎00|00 ⏱️2m17.592s🌐micky13.net
177💻E530❌153 0 0 0 0 0 002 000.0💎00|00 ⏱️2m16.666s🌐live11.vip
176🚚E301❌154 0 0 0 0 0 002 000.0💎00|00 ⏱️2m16.770s🌐lv52aud.com
180🚚E301❌155 0 0 0 0 0 002 000.0💎00|00 ⏱️2m15.316s🌐kingdom9aus.com
178🚚E301❌156 0 0 0 0 0 002 000.0💎00|00 ⏱️2m17.723s🌐m88oz.com
181🚚E301❌157 0 0 0 0 0 002 000.0💎00|00 ⏱️2m17.588s🌐m88win.vip
182🚚E301❌158 0 0 0 0 0 002 000.0💎00|00 ⏱️2m17.182s🌐luna8.co
183🚚E301❌159 0 0 0 0 0 002 000.0💎00|00 ⏱️2m18.004s🌐fortune88au.com
184🚚E301❌160 0 0 0 0 0 002 000.0💎00|00 ⏱️2m16.703s🌐mee88aus.com
185💻E103❌161 0 0 0 0 0 002 000.0💎00|00 ⏱️1m42.496s🌐lisboa7.com
187🚚E301❌162 0 0 0 0 0 002 000.0💎00|00 ⏱️1m43.242s🌐mrvictor9.com
191💻E103❌163 0 0 0 0 0 002 000.0💎00|00 ⏱️1m41.901s🌐methspin.com
186🚚E301❌164 0 0 0 0 0 002 000.0💎00|00 ⏱️1m43.564s🌐fuckfuck.app
188💻E103❌165 0 0 0 0 0 002 000.0💎00|00 ⏱️1m43.723s🌐mate96.com
189🚚E301❌166 0 0 0 0 0 002 000.0💎00|00 ⏱️1m43.087s🌐methking.com
190🚚E301❌167 0 0 0 0 0 002 000.0💎00|00 ⏱️1m41.986s🌐luckymate88.com
194💻E103❌168 0 0 0 0 0 002 000.0💎00|00 ⏱️1m40.307s🌐goldbet9.net
193🚚E301❌169 0 0 0 0 0 002 000.0💎00|00 ⏱️1m40.832s🌐megabet26.com
195🚚E301❌170 0 0 0 0 0 002 000.0💎00|00 ⏱️1m40.376s🌐mrbk8.co
192✅DONE✅01 20 10 5 2 1 003 000.0💎00|00 ⏱️1m43.792s🌐methwin.com
196🚚E301❌01 20 10 5 2 1 003 000.0💎00|00 ⏱️1m43.880s🌐marvelaus1.com
199💻E103❌02 20 10 5 2 1 003 000.0💎00|00 ⏱️1m43.296s🌐gowinau.com
198🚚E301❌03 20 10 5 2 1 003 000.0💎00|00 ⏱️1m43.021s🌐mrpokies9.com
197🚚E301❌04 20 10 5 2 1 003 000.0💎00|00 ⏱️1m43.476s🌐ohyes66.com
200🚚E301❌05 0 10 5 2 1 003 000.0💎00|00 ⏱️1m42.924s🌐mkaus.co
201🚚E301❌06 0 10 5 2 1 002 000.0💎00|00 ⏱️1m43.165s🌐mrpoint.co
202🚚E301❌07 0 10 5 2 1 002 000.0💎00|00 ⏱️1m43.897s🌐me99aud.com
203🚚E301❌08 0 10 5 2 1 002 000.0💎00|00 ⏱️1m43.564s🌐ii89au.com
205🚚E301❌09 0 10 5 2 1 002 000.0💎00|00 ⏱️1m43.161s🌐nelspin.com
204🚚E301❌10 0 0 5 2 1 002 000.0💎00|00 ⏱️1m42.965s🌐mrgreen8.com
206🚚E301❌11 0 0 5 2 1 002 000.0💎00|00 ⏱️1m41.960s🌐mrspin9au.com
209💻E103❌12 0 0 5 2 1 002 000.0💎00|00 ⏱️1m41.129s🌐nugget77.com
207🚚E301❌13 0 0 5 2 1 002 000.0💎00|00 ⏱️1m42.226s🌐mix9au.com
208🚚E301❌14 0 0 5 2 1 002 000.0💎00|00 ⏱️1m41.571s🌐ilovejili.net
210🚚E301❌15 0 0 5 2 1 002 000.0💎00|00 ⏱️1m40.862s🌐pg9aus.com
212🚚E301❌16 0 0 5 2 1 002 000.0💎00|00 ⏱️1m40.273s🌐ninjabet88.vip
213✅DONE✅01 20 10 10 4 2 003 000.0💎00|00 ⏱️1m41.459s🌐mrbet9au.info
214🚚E301❌01 20 10 10 4 2 003 000.0💎00|00 ⏱️1m41.641s🌐jk123au.com
215🚚E301❌02 20 10 10 4 2 003 000.0💎00|00 ⏱️1m41.302s🌐panda95au.com
218💻E103❌03 20 10 5 4 2 003 000.0💎00|00 ⏱️1m38.435s🌐penguinwin.com
217🚚E301❌04 20 10 5 4 2 003 000.0💎00|00 ⏱️1m38.278s🌐ocean96.com
216🚚E301❌05 0 10 5 4 2 003 000.0💎00|00 ⏱️1m40.023s🌐neolux.vip
221💻E103❌06 0 10 5 4 2 003 000.0💎00|00 ⏱️1m37.012s🌐pt77au.club
219🚚E301❌07 0 10 5 4 2 003 000.0💎00|00 ⏱️1m37.647s🌐mrwin77au.com
222💻E103❌08 0 10 5 4 2 003 000.0💎00|00 ⏱️1m35.795s🌐peakyblinders777.com
220💻E403❌09 0 10 5 4 2 003 000.0💎00|00 ⏱️1m36.932s🌐jokers11.com
223🚚E301❌10 0 0 5 4 2 003 000.0💎00|00 ⏱️1m34.554s🌐neiro55.com
228💻E103❌11 0 0 5 4 2 003 000.0💎00|00 ⏱️1m31.590s🌐pawkies.co
224🚚E301❌12 0 0 5 4 2 003 000.0💎00|00 ⏱️1m32.743s🌐kingtech88.com
226🚚E301❌13 0 0 5 4 2 003 000.0💎00|00 ⏱️1m33.284s🌐pp99au.com
225🚚E301❌14 0 0 5 4 2 003 000.0💎00|00 ⏱️1m33.905s🌐pokies7bet.com
227🚚E301❌15 0 0 5 4 2 003 000.0💎00|00 ⏱️1m33.152s🌐pesi13.com
231💻E103❌16 0 0 5 4 2 003 000.0💎00|00 ⏱️1m32.241s🌐pokiesojo.com
229🚚E301❌17 0 0 5 4 2 003 000.0💎00|00 ⏱️1m32.339s🌐rizspin.com
232💻E403❌18 0 0 5 4 2 003 000.0💎00|00 ⏱️1m32.010s🌐koala88.co
230🚚E301❌19 0 0 5 4 2 003 000.0💎00|00 ⏱️1m31.445s🌐onewin9.com
233💻E103❌20 0 0 0 4 2 003 000.0💎00|00 ⏱️1m29.703s🌐ozwin77.com
234🚚E301❌21 0 0 0 4 2 002 000.0💎00|00 ⏱️1m30.630s🌐pokiesbillion.com
235🚚E301❌22 0 0 0 4 2 002 000.0💎00|00 ⏱️1m30.185s🌐luxeau777.com
238🚚E301❌23 0 0 0 4 2 002 000.0💎00|00 ⏱️1m29.644s🌐prime96.com
242💻E103❌24 0 0 0 4 2 002 000.0💎00|00 ⏱️1m27.596s🌐play88aud.com
239🚚E301❌25 0 0 0 4 2 002 000.0💎00|00 ⏱️1m28.528s🌐riches88.live
240🚚E301❌26 0 0 0 4 2 002 000.0💎00|00 ⏱️1m29.699s🌐select777.net
241🚚E301❌27 0 0 0 4 2 002 000.0💎00|00 ⏱️1m29.495s🌐m1spin.com
237🚚E301❌28 0 0 0 4 2 002 000.0💎00|00 ⏱️1m33.902s🌐reef33.co
243🚚E301❌29 0 0 0 4 2 002 000.0💎00|00 ⏱️1m33.098s🌐pokies4u.co
245💻E103❌30 0 0 0 4 2 002 000.0💎00|00 ⏱️1m32.587s🌐meth688.com
244🚚E301❌31 0 0 0 4 2 002 000.0💎00|00 ⏱️1m33.057s🌐reef33.vip
248💻E103❌32 0 0 0 4 2 002 000.0💎00|00 ⏱️1m31.128s🌐scr111.com
250💻E103❌33 0 0 0 2 2 002 000.0💎00|00 ⏱️1m29.632s🌐methmeth.com
246🚚E301❌34 0 0 0 2 2 002 000.0💎00|00 ⏱️1m31.366s🌐richspinau.com
249💻E103❌35 0 0 0 2 2 002 000.0💎00|00 ⏱️1m29.571s🌐speedwinz.com
247🚚E301❌36 0 0 0 2 2 002 000.0💎00|00 ⏱️1m30.283s🌐queen13au.com
251🚚E301❌37 0 0 0 2 2 002 000.0💎00|00 ⏱️1m29.181s🌐s888aus.com
253🚚E301❌38 0 0 0 2 2 002 000.0💎00|00 ⏱️1m26.038s🌐mrpay9.com
252🚚E301❌39 0 0 0 2 2 002 000.0💎00|00 ⏱️1m25.992s🌐redspin88.com
254🚚E301❌40 0 0 0 2 2 002 000.0💎00|00 ⏱️1m26.889s🌐s99au.com
255🚚E301❌41 0 0 0 2 2 002 000.0💎00|00 ⏱️1m26.406s🌐speed9.co
256🚚E301❌42 0 0 0 2 2 002 000.0💎00|00 ⏱️1m27.064s🌐mrpokies77.com
258🚚E301❌43 0 0 0 2 2 002 000.0💎00|00 ⏱️1m27.623s🌐tab9au.com
259🚚E301❌44 0 0 0 2 2 002 000.0💎00|00 ⏱️1m27.351s🌐rolex9.net
260🚚E301❌45 0 0 0 2 2 002 000.0💎00|00 ⏱️1m27.876s🌐spaceman369.com
262🚚E301❌46 0 0 0 2 2 002 000.0💎00|00 ⏱️1m26.921s🌐rugby77.com
261🚚E301❌47 0 0 0 2 2 002 000.0💎00|00 ⏱️1m27.357s🌐nezha22.com
263💻E103❌48 0 0 0 2 2 002 000.0💎00|00 ⏱️1m25.841s🌐spade69.co
266💻E103❌49 0 0 0 2 2 002 000.0💎00|00 ⏱️1m23.944s🌐tt99au.com
265🚚E301❌50 0 0 0 0 2 002 000.0💎00|00 ⏱️1m23.126s🌐ninjaturtle.vip
264🚚E301❌51 0 0 0 0 2 002 000.0💎00|00 ⏱️1m23.295s🌐supreme777.com
267🚚E301❌52 0 0 0 0 2 002 000.0💎00|00 ⏱️1m22.914s🌐skygate9au.com
257🚚E301❌53 0 0 0 0 2 002 000.0💎00|00 ⏱️1m31.434s🌐sega99aud.com
268🚚E301❌54 0 0 0 0 2 002 000.0💎00|00 ⏱️1m28.944s🌐starspin996.com
271💻E103❌55 0 0 0 0 2 002 000.0💎00|00 ⏱️1m27.244s🌐strawberry96.com
270💻E103❌56 0 0 0 0 2 002 000.0💎00|00 ⏱️1m26.814s🌐paynow77.com
269🚚E301❌57 0 0 0 0 2 002 000.0💎00|00 ⏱️1m27.355s🌐space9au.com
274💻E103❌58 0 0 0 0 2 002 000.0💎00|00 ⏱️1m26.429s🌐township64.com
273🚚E301❌59 0 0 0 0 2 002 000.0💎00|00 ⏱️1m28.204s🌐penguin88.club
272🚚E301❌60 0 0 0 0 2 002 000.0💎00|00 ⏱️1m29.832s🌐vegasau.net
275🚚E301❌61 0 0 0 0 2 002 000.0💎00|00 ⏱️1m29.116s🌐spincrown33.com
276💻E103❌62 0 0 0 0 2 002 000.0💎00|00 ⏱️1m29.321s🌐speedwin99.com
277🚚E301❌63 0 0 0 0 2 002 000.0💎00|00 ⏱️1m23.093s🌐top1cas.com
279🚚E301❌64 0 0 0 0 2 002 000.0💎00|00 ⏱️1m22.425s🌐pokieslab9.com
280🚚E301❌65 0 0 0 0 2 002 000.0💎00|00 ⏱️1m23.187s🌐ssv96.com
281🚚E301❌66 0 0 0 0 2 002 000.0💎00|00 ⏱️1m23.876s🌐v96au.com
282🚚E301❌67 0 0 0 0 2 002 000.0💎00|00 ⏱️1m24.106s🌐pokiestt.com
284🚚E301❌68 0 0 0 0 2 002 000.0💎00|00 ⏱️1m24.302s🌐thepokies33.com
283🚚E301❌69 0 0 0 0 2 002 000.0💎00|00 ⏱️1m25.317s🌐weslot88.org
285🚚E301❌70 0 0 0 0 2 002 000.0💎00|00 ⏱️1m24.578s🌐tab99au.com
286🚚E301❌71 0 0 0 0 2 002 000.0💎00|00 ⏱️1m24.644s🌐unitedau.com
278🚚E301❌72 0 0 0 0 2 002 000.0💎00|00 ⏱️1m31.192s🌐topaz33.com
287🚚E301❌73 0 0 0 0 2 002 000.0💎00|00 ⏱️1m29.767s🌐richboy.co
289🚚E301❌74 0 0 0 0 2 002 000.0💎00|00 ⏱️1m29.285s🌐we1winau.com
288💻E103❌75 0 0 0 0 2 002 000.0💎00|00 ⏱️1m30.172s🌐tony99aus.com
290🚚E301❌76 0 0 0 0 2 002 000.0💎00|00 ⏱️1m29.152s🌐richman96.com
292🚚E301❌77 0 0 0 0 2 002 000.0💎00|00 ⏱️1m27.706s🌐x4betau.net
291🚚E301❌78 0 0 0 0 2 002 000.0💎00|00 ⏱️1m28.503s🌐u99au.com
294💻E103❌79 0 0 0 0 2 002 000.0💎00|00 ⏱️1m25.564s🌐vvipaud.co
293🚚E301❌80 0 0 0 0 2 002 000.0💎00|00 ⏱️1m25.575s🌐trust88au.com
298💻E103❌81 0 0 0 0 2 002 000.0💎00|00 ⏱️1m23.147s🌐unibet7.com
295🚚E301❌82 0 0 0 0 2 002 000.0💎00|00 ⏱️1m19.293s🌐v12betau.net
296🚚E301❌83 0 0 0 0 1 002 000.0💎00|00 ⏱️1m18.602s🌐sapphireaud.com
297🚚E301❌84 0 0 0 0 1 002 000.0💎00|00 ⏱️1m18.554s🌐won96.com
299💻E103❌85 0 0 0 0 1 002 000.0💎00|00 ⏱️1m16.599s🌐scr55.com
300🚚E301❌86 0 0 0 0 1 002 000.0💎00|00 ⏱️1m16.654s🌐supermateau.com/RF22178627
302🚚E301❌87 0 0 0 0 1 002 000.0💎00|00 ⏱️1m16.138s🌐winshift77.com
301🚚E301❌88 0 0 0 0 1 002 000.0💎00|00 ⏱️1m16.350s🌐vicbet777.com
303🚚E301❌89 0 0 0 0 1 002 000.0💎00|00 ⏱️1m17.172s🌐vegas99.co
306💻E530❌90 0 0 0 0 1 002 000.0💎00|00 ⏱️1m15.810s🌐spbo11.vip
304🚚E301❌91 0 0 0 0 1 002 000.0💎00|00 ⏱️1m17.216s🌐vvip15au.com
307🚚E301❌92 0 0 0 0 1 002 000.0💎00|00 ⏱️1m16.122s🌐fortunex99.com/RF3212A612A
308🚚E301❌93 0 0 0 0 1 002 000.0💎00|00 ⏱️1m15.540s🌐speedau.live
305🚚E301❌94 0 0 0 0 1 002 000.0💎00|00 ⏱️1m17.886s🌐w99au.com
309🚚E301❌95 0 0 0 0 1 002 000.0💎00|00 ⏱️1m17.817s🌐lux96.com/RF352187577
310🚚E301❌96 0 0 0 0 1 002 000.0💎00|00 ⏱️1m17.550s🌐ev88.is/RF18310972
311🚚E301❌97 0 0 0 0 1 002 000.0💎00|00 ⏱️1m17.519s🌐win19au.com
312💻E103❌98 0 0 0 0 1 002 000.0💎00|00 ⏱️1m16.053s🌐weplay9aus.com
314💻E103❌99 0 0 0 0 1 002 000.0💎00|00 ⏱️1m14.362s🌐winnie13.net
313🚚E301❌100 0 0 0 0 0 002 000.0💎00|00 ⏱️1m15.127s🌐super996.com
316🚚E301❌101 0 0 0 0 0 002 000.0💎00|00 ⏱️1m14.306s🌐sure66.com
315🚚E301❌102 0 0 0 0 0 002 000.0💎00|00 ⏱️1m14.600s🌐aggau.com/RFA2991667A
317💻E103❌103 0 0 0 0 0 002 000.0💎00|00 ⏱️1m13.239s🌐winspin33.com
318🚚E301❌104 0 0 0 0 0 002 000.0💎00|00 
⏱️1m11.445s🌐aurorabets.org/RF38213591A
319🚚E301❌105 0 0 0 0 0 002 000.0💎00|00 ⏱️1m11.558s🌐vplus9.com/RFA27851839
322🚚E301❌106 0 0 0 0 0 002 000.0💎00|00 ⏱️1m10.919s🌐richbabaau.com/RF2A508509
321💻E103❌107 0 0 0 0 0 002 000.0💎00|00 ⏱️1m11.727s🌐myth88.com
320✅DONE✅01 20 10 5 2 1 002 000.0💎00|00 ⏱️1m13.845s🌐yes77au.com
326💻E103❌01 20 10 5 2 1 002 000.0💎00|00 
⏱️1m12.453s🌐coralcrownbet.com/RF37578810
325🚚E301❌02 20 10 5 2 1 002 000.0💎00|00 ⏱️1m12.862s🌐mrbeng68.com/RF25A37153
324✅DONE✅01 40 20 10 4 2 002 000.0💎00|00 ⏱️1m14.310s🌐toystory9au.com
327🚚E301❌01 40 20 10 4 2 002 000.0💎00|00 ⏱️1m13.490s🌐ves88.vip/RF255A17688
328🚚E301❌02 20 20 10 4 2 002 000.0💎00|00 ⏱️1m14.106s🌐top96.com/RFA27815720
329🚚E301❌03 20 20 10 4 2 002 000.0💎00|00 ⏱️1m13.720s🌐webo98.com/RF252512520
330🚚E301❌04 20 20 10 4 2 002 000.0💎00|00 ⏱️1m13.113s🌐v2plus.me/RF35023619A
331🚚E301❌05 0 20 10 4 2 002 000.0💎00|00 
⏱️1m13.102s🌐fairdinkumbets.com/RFA12532303
332💻E103❌06 0 20 10 4 2 002 000.0💎00|00 ⏱️1m11.400s🌐v9aus.com
333🚚E301❌07 0 10 10 4 2 002 000.0💎00|00 ⏱️1m10.157s🌐redzzo88.com/RF386577603
334🚚E301❌08 0 10 10 4 2 002 000.0💎00|00 ⏱️1m10.990s🌐ace4win.com/RF17111690A
335🚚E301❌09 0 10 10 4 2 002 000.0💎00|00 
⏱️1m10.661s🌐ridgydidgeau.com/RF19753797
336🚚E301❌10 0 0 10 4 2 002 000.0💎00|00 ⏱️1m09.353s🌐sr7aus.com/RF379013306
337🚚E301❌11 0 0 10 4 2 002 000.0💎00|00 ⏱️1m10.852s🌐we966.com
339🚚E301❌12 0 0 10 4 2 002 000.0💎00|00 
⏱️1m10.426s🌐playfortuneau.com/RF22155A55
338🚚E301❌13 0 0 10 4 2 002 000.0💎00|00 ⏱️1m10.710s🌐skyrooaus.com/RFA20A295A6
340🚚E301❌14 0 0 10 4 2 002 000.0💎00|00 ⏱️1m10.285s🌐world99aud.com
341🚚E301❌15 0 0 10 4 2 002 000.0💎00|00 ⏱️1m09.747s🌐goldau.vip/RF31962023A
342🚚E301❌16 0 0 10 4 2 002 000.0💎00|00 ⏱️1m10.365s🌐xox96.com/RF383970111
343🚚E301❌17 0 0 5 4 2 002 000.0💎00|00 ⏱️1m10.644s🌐maxpokies.com/RFA25071373
211💻E104❌18 0 0 5 4 2 004 000.0💎00|00 ⏱️3m49.231s🌐mrwin888.com
344🚚E301❌19 0 0 5 4 2 002 000.0💎00|00 ⏱️2m37.628s🌐onya88.com
323💻E104❌20 0 0 0 4 2 002 000.0💎00|00 ⏱️3m36.320s🌐topspin.one
345🚚E301❌21 0 0 0 4 2 002 000.0💎00|00 ⏱️3m19.435s🌐play99au.com
346🚚E301❌22 0 0 0 4 2 002 000.0💎00|00 ⏱️3m18.464s🌐v8au.com
347💻E103❌23 0 0 0 4 2 002 000.0💎00|00 ⏱️3m17.193s🌐queenau.com
348✅DONE✅01 20 10 5 6 3 002 000.0💎00|00 ⏱️3m17.963s🌐waboom77.com
349🚚E301❌01 20 10 5 6 3 002 000.0💎00|00 ⏱️3m17.327s🌐rose21.app
350🚚E301❌02 20 10 5 6 3 002 000.0💎00|00 ⏱️3m16.719s🌐wombats88.com
351🚚E301❌03 20 10 5 6 3 002 000.0💎00|00 ⏱️3m15.782s🌐skyspin96.co
352🚚E301❌04 20 10 5 6 3 002 000.0💎00|00 
⏱️1m50.028s🌐spinzone11.club/RF3A626310A
353💻E103❌05 0 10 5 6 3 002 000.0💎00|00 ⏱️1m50.138s🌐spindeluxe777.com
354🚚E301❌06 0 10 5 6 3 002 000.0💎00|00 ⏱️1m07.241s🌐crown76au.vip/RFA23A22172
355🚚E301❌07 0 10 5 6 3 002 000.0💎00|00 ⏱️1m06.968s🌐thepokies96.com
356🚚E301❌08 0 10 5 6 3 002 000.0💎00|00 ⏱️1m06.998s🌐spingoaus.com/RFA28039338
357🚚E301❌09 0 10 5 6 3 002 000.0💎00|00 ⏱️1m07.627s🌐uap66.com
358🚚E301❌10 0 0 5 6 3 002 000.0💎00|00 ⏱️1m05.998s🌐vip77.club
359🚚E301❌11 0 0 5 6 3 002 000.0💎00|00 ⏱️1m05.884s🌐win29.club
360🚚E301❌12 0 0 5 6 3 002 000.0💎00|00 ⏱️1m05.884s🌐zebra88.club
361💻E103❌13 0 0 5 6 3 002 000.0💎00|00 
⏱️1m04.631s🌐win2aud.com/Win2Aud291397516
362🚚E301❌14 0 0 5 6 3 002 000.0💎00|00 ⏱️1m04.611s🌐amg86.live/RFA1A9A8613
363🚚E301❌15 0 0 5 6 3 002 000.0💎00|00 ⏱️1m04.008s🌐scc5.io/SCC5325152729
381💻E103❌16 0 0 5 6 3 002 000.0💎00|00 ⏱️0m13.810s🌐99flashwin.com
366🚚E301❌17 0 0 5 6 3 002 000.0💎00|00 ⏱️0m17.347s🌐12playau.com
365🚚E301❌18 0 0 5 6 3 002 000.0💎00|00 ⏱️0m17.660s🌐100pokies.com
368🚚E301❌19 0 0 5 6 3 002 000.0💎00|00 ⏱️0m16.921s🌐1bigwin.com
369🚚E301❌20 0 0 0 6 3 002 000.0💎00|00 ⏱️0m16.790s🌐1pokies.com
376💻E103❌21 0 0 0 6 3 002 000.0💎00|00 ⏱️0m15.174s🌐22luckyspin.com
377🚚E301❌22 0 0 0 6 3 002 000.0💎00|00 ⏱️0m14.917s🌐22pokies.com
382🚚E301❌23 0 0 0 4 3 002 000.0💎00|00 ⏱️0m13.951s🌐7pokies.com
372🚚E301❌24 0 0 0 4 3 002 000.0💎00|00 ⏱️0m16.358s🌐44spin.com
367🚚E301❌25 0 0 0 4 3 002 000.0💎00|00 ⏱️0m17.673s🌐11win.com
375🚚E301❌26 0 0 0 2 3 002 000.0💎00|00 ⏱️0m16.068s🌐33spins.com
383🚚E301❌27 0 0 0 2 3 002 000.0💎00|00 ⏱️0m14.228s🌐77au.net
380🚚E301❌28 0 0 0 2 3 002 000.0💎00|00 ⏱️0m15.157s🌐99uber.com
374🚚E301❌29 0 0 0 2 3 002 000.0💎00|00 ⏱️0m17.012s🌐66spin.com
384🚚E301❌30 0 0 0 2 3 002 000.0💎00|00 ⏱️0m14.377s🌐astar77au.com
388💻E103❌31 0 0 0 2 3 002 000.0💎00|00 ⏱️0m13.179s🌐aba33aus.com
385🚚E301❌32 0 0 0 2 3 002 000.0💎00|00 ⏱️0m13.886s🌐a1club88.com
390🚚E301❌33 0 0 0 2 3 002 000.0💎00|00 ⏱️0m12.612s🌐acehighwin.com
391🚚E301❌34 0 0 0 2 3 002 000.0💎00|00 ⏱️0m12.319s🌐ariswin.com
392🚚E301❌35 0 0 0 2 3 002 000.0💎00|00 ⏱️0m11.998s🌐afl88.com
393🚚E301❌36 0 0 0 2 3 002 000.0💎00|00 ⏱️0m11.687s🌐9xbetau.com
389🚚E301❌37 0 0 0 2 3 002 000.0💎00|00 ⏱️0m12.592s🌐ace4win.com/RF17111690A
394🚚E301❌38 0 0 0 2 3 002 000.0💎00|00 ⏱️0m11.217s🌐acwin77.com
387🚚E301❌39 0 0 0 2 3 002 000.0💎00|00 ⏱️0m12.721s🌐aawin68.com
397💻E103❌40 0 0 0 2 3 002 000.0💎00|00 ⏱️0m10.256s🌐amb88.cc
395🚚E301❌41 0 0 0 2 3 002 000.0💎00|00 ⏱️0m10.905s🌐amg86.live/RFA1A9A8613
396🚚E301❌42 0 0 0 2 3 002 000.0💎00|00 ⏱️0m10.680s🌐au21.net
398🚚E301❌43 0 0 0 2 3 002 000.0💎00|00 ⏱️0m10.209s🌐aus789.com
399🚚E301❌44 0 0 0 2 3 002 000.0💎00|00 ⏱️0m09.962s🌐aud96.com
405💻E103❌45 0 0 0 2 3 002 000.0💎00|00 ⏱️0m08.414s🌐audbet99.co
407💻E103❌46 0 0 0 2 3 002 000.0💎00|00 ⏱️0m07.842s🌐aud77.net
400🚚E301❌47 0 0 0 2 3 002 000.0💎00|00 ⏱️0m09.436s🌐aud2u.com
401🚚E301❌48 0 0 0 2 3 002 000.0💎00|00 ⏱️0m09.188s🌐audgo.net
402🚚E301❌49 0 0 0 2 3 002 000.0💎00|00 ⏱️0m08.828s🌐aus33.com
404🚚E301❌50 0 0 0 0 3 002 000.0💎00|00 ⏱️0m08.481s🌐aud1000.com
403🚚E301❌51 0 0 0 0 3 002 000.0💎00|00 ⏱️0m08.675s🌐audwin9.com
408🚚E301❌52 0 0 0 0 3 002 000.0💎00|00 ⏱️0m07.544s🌐aurorabets.org/RF38213591A
410🚚E301❌53 0 0 0 0 3 002 000.0💎00|00 ⏱️0m07.079s🌐aus88win.com
409🚚E301❌54 0 0 0 0 3 002 000.0💎00|00 ⏱️0m07.326s🌐aus26.com
406🚚E301❌55 0 0 0 0 3 002 000.0💎00|00 ⏱️0m08.222s🌐audmachine.com
412💻E103❌56 0 0 0 0 3 002 000.0💎00|00 ⏱️0m06.802s🌐auspokies7.co
413💻E103❌57 0 0 0 0 3 002 000.0💎00|00 ⏱️0m06.461s🌐aussie8.net
411🚚E301❌58 0 0 0 0 3 002 000.0💎00|00 ⏱️0m06.900s🌐betman9.com
416💻E103❌59 0 0 0 0 3 002 000.0💎00|00 ⏱️0m05.687s🌐aussiebt.net
414🚚E301❌60 0 0 0 0 3 002 000.0💎00|00 ⏱️0m06.137s🌐auspin88.vip
415🚚E301❌61 0 0 0 0 3 002 000.0💎00|00 ⏱️0m05.898s🌐auspay96.com
417🚚E301❌62 0 0 0 0 3 002 000.0💎00|00 ⏱️0m05.427s🌐bet365aud.com
419🚚E301❌63 0 0 0 0 3 002 000.0💎00|00 ⏱️0m04.969s🌐auwin88.com
418🚚E301❌64 0 0 0 0 3 002 000.0💎00|00 ⏱️0m05.168s🌐auslot7.com
420💻E103❌65 0 0 0 0 3 002 000.0💎00|00 ⏱️0m04.648s🌐avengeraus1.com
421🚚E301❌66 0 0 0 0 3 002 000.0💎00|00 ⏱️0m04.478s🌐betmeth.com
422🚚E301❌67 0 0 0 0 3 002 000.0💎00|00 ⏱️0m04.303s🌐avengers80.com
423🚚E301❌68 0 0 0 0 3 002 000.0💎00|00 ⏱️0m04.077s🌐aussieluck33au.com
425💻E103❌69 0 0 0 0 3 002 000.0💎00|00 ⏱️0m03.623s🌐bm7au.com
424🚚E301❌70 0 0 0 0 3 002 000.0💎00|00 ⏱️0m03.823s🌐bk8aus.com
427💻E103❌71 0 0 0 0 3 002 000.0💎00|00 ⏱️0m03.109s🌐bmb99.com
426🚚E301❌72 0 0 0 0 3 002 000.0💎00|00 ⏱️0m03.363s🌐candy96.com
429🚚E301❌73 0 0 0 0 2 002 000.0💎00|00 ⏱️0m02.699s🌐bigpay2u.com
433💻E103❌74 0 0 0 0 2 002 000.0💎00|00 ⏱️0m01.779s🌐bonsai369.com
434💻E103❌75 0 0 0 0 2 002 000.0💎00|00 ⏱️0m01.539s🌐candylucks.net
432🚚E301❌76 0 0 0 0 1 002 000.0💎00|00 ⏱️0m01.981s🌐bigboss88.vip
430🚚E301❌77 0 0 0 0 1 002 000.0💎00|00 ⏱️0m02.433s🌐bunny96.com
435💻E103❌78 0 0 0 0 1 002 000.0💎00|00 ⏱️0m01.313s🌐boss365au.com
431🚚E301❌79 0 0 0 0 1 002 000.0💎00|00 ⏱️0m02.225s🌐bondi333.com
437💻E103❌80 0 0 0 0 1 002 000.0💎00|00 ⏱️0m00.885s🌐cn8au.com
436🚚E301❌81 0 0 0 0 1 002 000.0💎00|00 ⏱️0m01.120s🌐bn8aus.com
438🚚E301❌82 0 0 0 0 1 002 000.0💎00|00 ⏱️0m00.666s🌐checkmate7.com
440🚚E301❌83 0 0 0 0 1 002 000.0💎00|00 ⏱️0m00.221s🌐crown777au.com
439🚚E301❌84 0 0 0 0 1 002 000.0💎00|00 ⏱️0m00.457s🌐cocspin.com
443🚚E301❌85 0 0 0 0 1 002 000.0💎00|00 ⏱️-1m59.538s🌐crownbet.pro
442🚚E301❌86 0 0 0 0 1 002 000.0💎00|00 ⏱️-1m59.768s🌐cp2077.org
444🚚E301❌87 0 0 0 0 1 002 000.0💎00|00 ⏱️-1m59.306s🌐cashnet99.com
449💻E103❌88 0 0 0 0 1 002 000.0💎00|00 ⏱️-1m58.151s🌐cola88au.co
448🚚E301❌89 0 0 0 0 1 002 000.0💎00|00 ⏱️-1m58.389s🌐decho34.com
450💻E103❌90 0 0 0 0 1 002 000.0💎00|00 ⏱️-1m57.929s🌐day2spin.com
447🚚E301❌91 0 0 0 0 1 002 000.0💎00|00 ⏱️-1m58.600s🌐coospin.com
373💻E104❌92 0 0 0 0 1 002 000.0💎00|00 ⏱️0m20.759s🌐5starclub.vip
446🚚E301❌93 0 0 0 0 1 002 000.0💎00|00 ⏱️-1m58.446s🌐crackspin.com
451💻E103❌94 0 0 0 0 1 002 000.0💎00|00 ⏱️-1m56.962s🌐efa777.com
454💻E103❌95 0 0 0 0 1 002 000.0💎00|00 ⏱️-1m56.083s🌐dreamworldau.com
452🚚E301❌96 0 0 0 0 1 002 000.0💎00|00 ⏱️-1m56.692s🌐deep668.co
457💻E103❌97 0 0 0 0 1 002 000.0💎00|00 ⏱️-1m55.241s🌐epicstar6.com
455🚚E301❌98 0 0 0 0 1 002 000.0💎00|00 ⏱️-1m55.802s🌐cuntsick.com
456🚚E301❌99 0 0 0 0 1 002 000.0💎00|00 ⏱️-1m55.480s🌐dg6au.com
453🚚E301❌100 0 0 0 0 0 002 000.0💎00|00 ⏱️-1m56.317s🌐efa99aus.com
458🚚E301❌101 0 0 0 0 0 002 000.0💎00|00 ⏱️-1m54.834s🌐enjoy96.com
461💻E103❌102 0 0 0 0 0 002 000.0💎00|00 ⏱️-1m55.404s🌐drift668.co
460🚚E301❌103 0 0 0 0 0 002 000.0💎00|00 ⏱️-1m55.710s🌐aggau.com/RFA2991667A
459🚚E301❌104 0 0 0 0 0 002 000.0💎00|00 ⏱️-1m55.848s🌐diamondaud.com
463🚚E301❌105 0 0 0 0 0 002 000.0💎00|00 ⏱️-1m54.864s🌐ezaud.com
464🚚E301❌106 0 0 0 0 0 002 000.0💎00|00 ⏱️-1m54.627s🌐ev88.is/RF18310972
466🚚E301❌107 0 0 0 0 0 002 000.0💎00|00 ⏱️-1m54.088s🌐emu668.co
465🚚E301❌108 0 0 0 0 0 002 000.0💎00|00 ⏱️-1m54.291s🌐fuckfuck.app
462🚚E301❌109 0 0 0 0 0 002 000.0💎00|00 ⏱️-1m54.907s🌐faraday.in
469🚚E301❌110 0 0 0 0 0 002 000.0💎00|00 
⏱️-1m53.272s🌐fortunex99.com/RF3212A612A
472💻E103❌111 0 0 0 0 0 002 000.0💎00|00 ⏱️-1m52.636s🌐eway7.com
468🚚E301❌112 0 0 0 0 0 002 000.0💎00|00 ⏱️-1m53.502s🌐fastau.co
470🚚E301❌113 0 0 0 0 0 002 000.0💎00|00 ⏱️-1m53.038s🌐f88spins.com
471💻E403❌114 0 0 0 0 0 002 000.0💎00|00 ⏱️-1m52.892s🌐auplay.club
467🚚E301❌115 0 0 0 0 0 002 000.0💎00|00 ⏱️-1m53.763s🌐everwin44.com
473🚚E301❌116 0 0 0 0 0 002 000.0💎00|00 ⏱️-1m52.339s🌐galaxyau.com
476💻E103❌117 0 0 0 0 0 002 000.0💎00|00 ⏱️-1m51.715s🌐goldbet9.net
474🚚E301❌118 0 0 0 0 0 002 000.0💎00|00 ⏱️-1m52.207s🌐fuckingmeth.com
475🚚E301❌119 0 0 0 0 0 002 000.0💎00|00 ⏱️-1m52.184s🌐ff96au.com
477🚚E301❌120 0 0 0 0 0 002 000.0💎00|00 ⏱️-1m51.734s🌐gday9.com
478🚚E301❌121 0 0 0 0 0 002 000.0💎00|00 ⏱️-1m51.401s🌐gold77au.com
479🚚E301❌122 0 0 0 0 0 002 000.0💎00|00 ⏱️-1m51.211s🌐g9aus.com
480🚚E301❌123 0 0 0 0 0 002 000.0💎00|00 ⏱️-1m50.999s🌐gembetaus.com
482🚚E301❌124 0 0 0 0 0 002 000.0💎00|00 ⏱️-1m50.520s🌐auwin9.com
483🚚E301❌125 0 0 0 0 0 002 000.0💎00|00 ⏱️-1m50.398s🌐fuckspin.com
485💻E103❌126 0 0 0 0 0 002 000.0💎00|00 ⏱️-1m50.050s🌐imperium88.com
484🚚E301❌127 0 0 0 0 0 002 000.0💎00|00 ⏱️-1m50.148s🌐gwin77.com
486🚚E301❌128 0 0 0 0 0 002 000.0💎00|00 ⏱️-1m49.693s🌐goldencrown96.com
487🚚E301❌129 0 0 0 0 0 002 000.0💎00|00 ⏱️-1m49.455s🌐glorybet88au.com
491💻E103❌130 0 0 0 0 0 002 000.0💎00|00 ⏱️-1m48.684s🌐hero-99.com
488🚚E301❌131 0 0 0 0 0 002 000.0💎00|00 ⏱️-1m49.305s🌐hello88au.com
493💻E103❌132 0 0 0 0 0 002 000.0💎00|00 ⏱️-1m48.327s🌐gowinau.com
489🚚E301❌133 0 0 0 0 0 002 000.0💎00|00 ⏱️-1m49.238s🌐ilovejili.net
490🚚E301❌134 0 0 0 0 0 002 000.0💎00|00 ⏱️-1m48.986s🌐gtbet9au.com
492🚚E301❌135 0 0 0 0 0 002 000.0💎00|00 ⏱️-1m48.547s🌐bondibeachbet.com
481🚚E301❌136 0 0 0 0 0 002 000.0💎00|00 ⏱️-1m50.289s🌐gcity56.com
494🚚E301❌137 0 0 0 0 0 002 000.0💎00|00 ⏱️-1m47.104s🌐kangaspin.com
496💻E103❌138 0 0 0 0 0 002 000.0💎00|00 ⏱️-1m46.793s🌐imperium9.com
495🚚E301❌139 0 0 0 0 0 002 000.0💎00|00 ⏱️-1m47.007s🌐ioi6.com
497🚚E301❌140 0 0 0 0 0 002 000.0💎00|00 ⏱️-1m46.366s🌐ibet9au.com
498🚚E301❌141 0 0 0 0 0 002 000.0💎00|00 ⏱️-1m46.187s🌐jk123au.com
503💻E103❌142 0 0 0 0 0 001 000.0💎00|00 
⏱️-1m44.971s🌐coralcrownbet.com/RF37578810
499🚚E301❌143 0 0 0 0 0 002 000.0💎00|00 ⏱️-1m45.925s🌐jaws68.com
502🚚E301❌144 0 0 0 0 0 001 000.0💎00|00 ⏱️-1m45.192s🌐intensity2aus.com
500🚚E301❌145 0 0 0 0 0 002 000.0💎00|00 ⏱️-1m45.632s🌐in8.one
501🚚E301❌146 0 0 0 0 0 001 000.0💎00|00 ⏱️-1m46.254s🌐kangaroo88.com
504🚚E301❌147 0 0 0 0 0 001 000.0💎00|00 ⏱️-1m45.595s🌐gwin9au.com
505🚚E301❌148 0 0 0 0 0 001 000.0💎00|00 ⏱️-1m45.172s🌐luna8.co
506🚚E301❌149 0 0 0 0 0 001 000.0💎00|00 ⏱️-1m44.956s🌐keno99.com
507🚚E301❌150 0 0 0 0 0 001 000.0💎00|00 ⏱️-1m44.685s🌐kingpower365.com
511💻E103❌151 0 0 0 0 0 001 000.0💎00|00 ⏱️-1m43.963s🌐kuromiau.com
508🚚E301❌152 0 0 0 0 0 001 000.0💎00|00 ⏱️-1m44.425s🌐jombet77.com
509🚚E301❌153 0 0 0 0 0 001 000.0💎00|00 ⏱️-1m44.178s🌐legit99.com
510🚚E301❌154 0 0 0 0 0 001 000.0💎00|00 ⏱️-1m43.854s🌐diceau.online
514🚚E301❌155 0 0 0 0 0 001 000.0💎00|00 ⏱️-1m42.985s🌐luckymate88.com
513🚚E301❌156 0 0 0 0 0 001 000.0💎00|00 ⏱️-1m43.260s🌐king88pokies.com
512🚚E301❌157 0 0 0 0 0 001 000.0💎00|00 ⏱️-1m43.447s🌐kingdom9aus.com
515🚚E301❌158 0 0 0 0 0 001 000.0💎00|00 ⏱️-1m42.761s🌐ipay9aud.com
516🚚E301❌159 0 0 0 0 0 001 000.0💎00|00 ⏱️-1m42.485s🌐methking.com
517🚚E301❌160 0 0 0 0 0 001 000.0💎00|00 ⏱️-1m42.317s🌐lux96.com/RF352187577
520💻E103❌161 0 0 0 0 0 001 000.0💎00|00 ⏱️-1m41.615s🌐lisboa7.com
518🚚E301❌162 0 0 0 0 0 001 000.0💎00|00 ⏱️-1m42.099s🌐m88oz.com
519🚚E301❌163 0 0 0 0 0 001 000.0💎00|00 ⏱️-1m41.772s🌐marvelaus1.com
521💻E103❌164 0 0 0 0 0 001 000.0💎00|00 ⏱️-1m41.416s🌐mate96.com
522🚚E301❌165 0 0 0 0 0 001 000.0💎00|00 ⏱️-1m41.165s🌐ex77au.com
523🚚E301❌166 0 0 0 0 0 001 000.0💎00|00 ⏱️-1m40.980s🌐megabet26.com
524🚚E301❌167 0 0 0 0 0 001 000.0💎00|00 ⏱️-1m40.834s🌐luxeau777.com
525🚚E301❌168 0 0 0 0 0 001 000.0💎00|00 ⏱️-1m40.536s🌐lv52aud.com
528💻E103❌169 0 0 0 0 0 001 000.0💎00|00 ⏱️-1m40.145s🌐methmeth.com
526🚚E301❌170 0 0 0 0 0 001 000.0💎00|00 ⏱️-1m40.484s🌐kingtech88.com
530💻E103❌171 0 0 0 0 0 001 000.0💎00|00 ⏱️-1m39.570s🌐minionspin.pro
529🚚E301❌172 0 0 0 0 0 001 000.0💎00|00 ⏱️-1m39.860s🌐maxspin7.com
527🚚E301❌173 0 0 0 0 0 001 000.0💎00|00 ⏱️-1m40.315s🌐mrwin68.com
531🚚E301❌174 0 0 0 0 0 001 000.0💎00|00 ⏱️-1m39.415s🌐mrbeng68.com/RF25A37153
532🚚E301❌175 0 0 0 0 0 001 000.0💎00|00 ⏱️-1m39.242s🌐mrbk8.co
535💻E103❌176 0 0 0 0 0 001 000.0💎00|00 ⏱️-1m38.821s🌐methspin.com
536💻E103❌177 0 0 0 0 0 001 000.0💎00|00 ⏱️-1m38.865s🌐micky13.net
533🚚E301❌178 0 0 0 0 0 001 000.0💎00|00 ⏱️-1m39.625s🌐galaxy96au.com
534🚚E301❌179 0 0 0 0 0 001 000.0💎00|00 ⏱️-1m39.197s🌐mrvictor9.com
537🚚E301❌180 0 0 0 0 0 001 000.0💎00|00 ⏱️-1m38.595s🌐mrwin77au.com
541💻E103❌181 0 0 0 0 0 001 000.0💎00|00 ⏱️-1m37.707s🌐ozwin77.com
539🚚E301❌182 0 0 0 0 0 001 000.0💎00|00 ⏱️-1m38.101s🌐neiro55.com
538🚚E301❌183 0 0 0 0 0 001 000.0💎00|00 ⏱️-1m38.328s🌐m88win.vip
540🚚E301❌184 0 0 0 0 0 001 000.0💎00|00 ⏱️-1m37.866s🌐mrpoint.co
543💻E103❌185 0 0 0 0 0 001 000.0💎00|00 ⏱️-1m37.445s🌐nugget77.com
542🚚E301❌186 0 0 0 0 0 001 000.0💎00|00 ⏱️-1m37.563s🌐ninjaturtle.vip
546💻E103❌187 0 0 0 0 0 001 000.0💎00|00 ⏱️-1m36.592s🌐gucci9.vip
545🚚E301❌188 0 0 0 0 0 001 000.0💎00|00 ⏱️-1m36.654s🌐msn33.com
549💻E103❌189 0 0 0 0 0 001 000.0💎00|00 ⏱️-1m36.009s🌐pokiesojo.com
548🚚E301❌190 0 0 0 0 0 001 000.0💎00|00 ⏱️-1m36.287s🌐panda95au.com
554💻E103❌191 0 0 0 0 0 001 000.0💎00|00 ⏱️-1m34.946s🌐play88aud.com
551🚚E301❌192 0 0 0 0 0 001 000.0💎00|00 ⏱️-1m35.665s🌐mix9au.com
550🚚E301❌193 0 0 0 0 0 001 000.0💎00|00 ⏱️-1m36.041s🌐penguin88.club
552🚚E301❌194 0 0 0 0 0 001 000.0💎00|00 ⏱️-1m35.619s🌐okwin33.com
553🚚E301❌195 0 0 0 0 0 001 000.0💎00|00 ⏱️-1m34.987s🌐play99au.com
556💻E103❌196 0 0 0 0 0 001 000.0💎00|00 ⏱️-1m34.418s🌐paynow77.com
555🚚E301❌197 0 0 0 0 0 001 000.0💎00|00 ⏱️-1m34.408s🌐intensityaus.com
557🚚E301❌198 0 0 0 0 0 001 000.0💎00|00 
⏱️-1m34.033s🌐ridgydidgeau.com/RF19753797
560🚚E301❌199 0 0 0 0 0 001 000.0💎00|00 ⏱️-1m33.084s🌐nelspin.com
559🚚E301❌200 0 0 0 0 0 001 000.0💎00|00 ⏱️-1m33.194s🌐rec99au.com
558🚚E301❌201 0 0 0 0 0 001 000.0💎00|00 ⏱️-1m32.741s🌐pokiestt.com
562💻E103❌202 0 0 0 0 0 001 000.0💎00|00 ⏱️-1m31.515s🌐pokies007.com
561🚚E301❌203 0 0 0 0 0 001 000.0💎00|00 ⏱️-1m31.209s🌐q7pokies.com
544💻E104❌204 0 0 0 0 0 001 000.0💎00|00 ⏱️-1m04.612s🌐mrwin888.com

╭──────────────────────────────────────────────────────────────────────────────╮
│                                                                              │
│                        ╭─────── 🏁 RESULTS ────────╮                         │
│                        │ Scraping Complete         │                         │
│                        │   Sites Scraped:  546     │                         │
│                        │   Successful:    10       │                         │
│                        │   Failed:        536      │                         │
│                        │   Success Rate:  1.8%     │                         │
│                        │   Bonuses Found: 13       │                         │
│                        │   New Bonuses:   0        │                         │
│                        │   Elapsed:       00:04:09 │                         │
│                        ╰───────────────────────────╯                         │
│                                                                              │
╰──────────────────────────────────────────────────────────────────────────────╯
                      ● Dashboard at http://127.0.0.1:8000                      
