╭──────────────────────── 🚀 Bonus Scraper Engine v5.0 ────────────────────────╮
│                                                                              │
│ ╭─ ⚡ PERFORMANCE ──╮╭─ 🌐 INFRASTRUCTUR─╮╭───── 📋 JOB ─────╮╭── ERRORS ──╮ │
│ │  Concurrency      ││  Proxy Pool       ││  URLs Queued     ││ ✅ OK      │ │
│ │  20 Workers       ││  0 Active         ││  637             ││ 👻 404     │ │
│ │  Throughput       ││  Proxy Logic      ││  Shuffle         ││ 🚫 403     │ │
│ │  ~600 URLs/min    ││  Per-Worker Pool  ││  No              ││ 🚚 301     │ │
│ │  Delays           │╰───────────────────╯╰──────────────────╯│ 📡 101     │ │
│ │  2.0-2.0s         │                                         │ ☁️ 503     │ │
│ │  Timeout          │                                         │ 🐌 Lag     │ │
│ │  15s              │                                         │ 📉 Track   │ │
│ ╰───────────────────╯                                         │            │ │
│ ╭─ 💻 ENVIRONMENT ──╮╭─ 📊 SYSTEM HEALTH─╮╭── 🛡️ SECURITY ───╮│            │ │
│ │  OS               ││  Status           ││  Auth User       ││            │ │
│ │  Android          ││  🟥 0%            ││  admin           ││            │ │
│ │  Py Version       ││  🔴 10%           ││  SSL Check       ││            │ │
│ │  3.13.13          ││  ❤️  20%          ││  Disabled        ││            │ │
│ ╰───────────────────╯│  🟧 25%           ││  IP Reputation   ││            │ │
│                      │  🟠 35%           ││  0/100           ││            │ │
│                      │  🧡 45%           │╰──────────────────╯│            │ │
│                      │  🟨 50%           │                    │            │ │
│                      │  🟡 60%           │                    ╰────────────╯ │
│                      │  💛 70%           │                                   │
│                      │  🟩 75%           │                                   │
│                      │  🟢 85%           │                                   │
│                      │  💚 95%           │                                   │
│                      │  💚 100%          │                                   │
│                      ╰───────────────────╯                                   │
│ ╭───────────────────────────── 🕵️ USER AGENT ──────────────────────────────╮ │
│ │  User Agent Identity                                                     │ │
│ │  Mozilla/5.0 (Windows NT 10.0; Win64; x64) AppleWebKit/537.36 (KHTML,    │ │
│ │  like Gecko) Chrome/120.0.0.0 Safari/537.36                              │ │
│ ╰──────────────────────────────────────────────────────────────────────────╯ │
│                                                                              │
╰──────────────────────────────────────────────────────────────────────────────╯
╭──────────────────────────────────────────────────────────────────────────────╮
│             📡 COMMAND DASHBOARD ACTIVE : http://127.0.0.1:8000              │
╰──────────────────────────────────────────────────────────────────────────────╯
                   ● SYSTEM READY PRESS [CTRL+C] TO TERMINATE                   
003💻E103❌01 0 0 0 0 0 000 000.0💎00|00 ⏱️2m09.034s🌐spade69.co
001✅DONE✅01 50 50 50 50 50 100 000.0💎00|00 ⏱️2m29.976s🌐crown69.co
004✅DONE✅02 66 66 66 66 66 050 000.0💎00|00 ⏱️2m35.804s🌐umi999.com
014✅DONE✅03 75 75 75 75 75 021 000.0💎00|00 ⏱️2m36.586s🌐topaz33.com
020✅DONE✅04 80 80 80 80 80 020 000.0💎00|00 ⏱️2m38.383s🌐audwin9.com
007✅DONE✅05 💯 💯 💯 💯 💯 071 000.0💎00|00 ⏱️2m44.959s🌐aud365.co
016✅DONE✅06 💯 💯 💯 💯 💯 037 000.0💎00|00 ⏱️2m44.671s🌐enjoy96.com
018✅DONE✅07 💯 💯 💯 💯 💯 038 000.0💎00|00 ⏱️2m45.777s🌐thepokies33.com
017✅DONE✅08 💯 💯 💯 💯 💯 047 000.0💎00|00 ⏱️2m47.702s🌐ff96au.com
019✅DONE✅09 💯 90 90 90 90 047 000.0💎00|00 ⏱️2m48.565s🌐thepokies96.com
006✅DONE✅10 💯 💯 💯 💯 💯 166 000.0💎00|00 ⏱️2m58.350s🌐pesi13.com
009✅DONE✅11 💯 💯 💯 💯 💯 122 000.0💎00|00 ⏱️2m59.535s🌐wildspin24.com
015✅DONE✅12 💯 💯 💯 💯 💯 080 000.0💎00|00 ⏱️3m00.891s🌐diamondaud.com
008✅DONE✅13 💯 💯 💯 💯 💯 162 000.0💎00|00 ⏱️3m06.437s🌐unitedau.com
031💻E103❌01 80 90 90 90 90 041 000.0💎00|00 ⏱️2m55.046s🌐cbr8aus.com
021🚚E301❌02 60 80 80 80 80 061 000.0💎00|00 ⏱️2m59.013s🌐efa99aus.com
013✅DONE✅01 60 80 80 80 80 107 000.0💎00|00 ⏱️3m11.157s🌐truewin77.com
023✅DONE✅02 60 80 80 80 80 065 000.0💎00|00 ⏱️3m08.201s🌐ufo9.asia
028✅DONE✅03 60 80 80 80 80 057 000.0💎00|00 ⏱️3m04.911s🌐jw8au.com
012✅DONE✅04 80 80 85 85 85 141 000.0💎00|00 ⏱️3m20.816s🌐jackpotau.com
011✅DONE✅05 💯 80 90 90 90 163 000.0💎00|00 ⏱️3m32.005s🌐pokies4bet.com
022✅DONE✅06 💯 80 90 90 90 086 000.0💎00|00 ⏱️3m29.481s🌐vvip15au.com
026✅DONE✅07 💯 80 90 90 90 076 000.0💎00|00 ⏱️3m27.755s🌐ijoker88au.com
027✅DONE✅08 💯 80 90 90 90 077 000.0💎00|00 ⏱️3m26.673s🌐rtpvictory88.com
024✅DONE✅09 💯 90 90 90 90 091 000.0💎00|00 ⏱️3m35.634s🌐pp99au.com
032✅DONE✅10 💯 💯 90 90 90 071 000.0💎00|00 ⏱️3m32.725s🌐intensity2aus.com
029✅DONE✅11 💯 💯 90 90 90 082 000.0💎00|00 ⏱️3m26.087s🌐ispeed88au.com
034✅DONE✅12 💯 💯 90 90 90 073 000.0💎00|00 ⏱️3m24.789s🌐mkaus.co
033✅DONE✅13 💯 💯 90 90 90 081 000.0💎00|00 ⏱️3m27.538s🌐cr33au.com
025✅DONE✅14 💯 💯 90 90 90 108 000.0💎00|00 ⏱️3m22.374s🌐keno99.com
035✅DONE✅15 💯 💯 90 90 90 080 000.0💎00|00 ⏱️3m06.856s🌐cyberpunk369.com
036✅DONE✅16 💯 💯 90 90 90 080 000.0💎00|00 ⏱️3m06.197s🌐sapphireaud.com
038✅DONE✅17 💯 💯 90 90 90 078 000.0💎00|00 ⏱️3m03.895s🌐race96.com
037✅DONE✅18 💯 💯 90 90 90 083 000.0💎00|00 ⏱️3m03.172s🌐prime96.com
042🚚E301❌01 80 90 90 90 90 073 000.0💎00|00 ⏱️2m57.063s🌐inskingdom8.com
039✅DONE✅01 80 90 95 95 95 082 000.0💎00|00 ⏱️2m57.337s🌐candymommy.co
040✅DONE✅02 80 90 95 95 95 082 000.0💎00|00 ⏱️2m55.405s🌐onewin9.com
043✅DONE✅03 80 90 95 95 95 079 000.0💎00|00 ⏱️2m52.744s🌐cyberbet77.com
046🚚E301❌01 60 80 90 90 90 073 000.0💎00|00 ⏱️2m49.179s🌐play369.co
041🚚E301❌02 60 70 85 85 85 082 000.0💎00|00 ⏱️2m47.389s🌐tab9au.com
047🚚E301❌03 40 60 80 80 80 072 000.0💎00|00 ⏱️2m45.166s🌐pokiesbillion.com
048✅DONE✅01 40 60 80 80 80 072 000.0💎00|00 ⏱️2m41.938s🌐9au.com
045✅DONE✅02 40 60 80 80 80 082 000.0💎00|00 ⏱️2m43.087s🌐weplay88.com
044✅DONE✅03 60 60 80 80 80 084 000.0💎00|00 ⏱️2m43.251s🌐world99aud.com
050✅DONE✅04 80 70 80 80 80 076 000.0💎00|00 ⏱️2m42.855s🌐thestar.asia
049✅DONE✅05 💯 70 80 80 80 079 000.0💎00|00 ⏱️2m42.291s🌐venus55.com
051✅DONE✅06 💯 70 80 80 80 078 000.0💎00|00 ⏱️2m40.246s🌐reef33.vip
052✅DONE✅07 💯 70 80 80 80 078 000.0💎00|00 ⏱️2m40.002s🌐royalaud.com
062💻E103❌01 80 70 75 75 75 066 000.0💎00|00 ⏱️2m34.138s🌐efa777.com
054✅DONE✅01 80 80 75 84 84 077 000.0💎00|00 ⏱️2m35.341s🌐iw99au.com
056✅DONE✅02 80 90 75 86 86 076 000.0💎00|00 ⏱️2m34.960s🌐riches88.live
055✅DONE✅03 80 90 75 86 86 080 000.0💎00|00 ⏱️2m36.484s🌐aus2u.com
058✅DONE✅04 80 90 75 86 86 077 000.0💎00|00 ⏱️2m34.487s🌐speedau.live
060✅DONE✅05 💯 90 75 86 86 076 000.0💎00|00 ⏱️2m33.873s🌐kingpower365.com
064✅DONE✅06 💯 90 80 86 86 073 000.0💎00|00 ⏱️2m32.043s🌐play77au.com
057✅DONE✅07 💯 90 80 86 86 084 000.0💎00|00 ⏱️2m36.070s🌐ii89au.com
063✅DONE✅08 💯 90 80 86 86 077 000.0💎00|00 ⏱️2m35.628s🌐bondi333.com
065✅DONE✅09 💯 90 80 86 86 076 000.0💎00|00 ⏱️2m36.517s🌐rolex9.net
066✅DONE✅10 💯 💯 85 86 86 077 000.0💎00|00 ⏱️2m41.134s🌐harbour33.com
061✅DONE✅11 💯 💯 90 86 86 085 000.0💎00|00 ⏱️2m45.546s🌐crown155au.com
059✅DONE✅12 💯 💯 95 86 86 089 000.0💎00|00 ⏱️2m50.296s🌐hb88au.com
067✅DONE✅13 💯 💯 95 86 86 080 000.0💎00|00 ⏱️2m47.692s🌐22pokies.com
069✅DONE✅14 💯 💯 95 86 86 079 000.0💎00|00 ⏱️2m46.918s🌐vv88aud.io
068✅DONE✅15 💯 💯 95 86 86 082 000.0💎00|00 ⏱️2m45.951s🌐spaceman369.com
071✅DONE✅16 💯 💯 95 88 88 080 000.0💎00|00 ⏱️2m45.647s🌐mrbet9au.info
073✅DONE✅17 💯 💯 95 90 90 079 000.0💎00|00 ⏱️2m42.474s🌐lego66.co
072✅DONE✅18 💯 💯 95 90 90 081 000.0💎00|00 ⏱️2m42.379s🌐speedaud.com
075✅DONE✅19 💯 💯 95 90 90 080 000.0💎00|00 ⏱️2m39.928s🌐skyspin96.co
074✅DONE✅20 💯 💯 💯 90 90 083 000.0💎00|00 ⏱️2m39.363s🌐1spinnwin.com
070🚚E301❌01 80 90 95 88 88 088 000.0💎00|00 ⏱️2m40.160s🌐royale9au.com
077✅DONE✅01 80 90 95 88 88 081 000.0💎00|00 ⏱️2m34.540s🌐luxe66.com
076✅DONE✅02 80 90 95 88 88 084 000.0💎00|00 ⏱️2m34.882s🌐spincrown33.com
078✅DONE✅03 80 90 95 88 88 083 000.0💎00|00 ⏱️2m34.959s🌐mrbean9.com
079✅DONE✅04 80 90 95 88 88 083 000.0💎00|00 ⏱️2m35.152s🌐king88pokies.com
082🚚E301❌01 80 80 90 86 86 080 000.0💎00|00 ⏱️2m32.885s🌐deep668.co
081✅DONE✅01 80 80 90 86 86 082 000.0💎00|00 ⏱️2m33.363s🌐spinup77.com
080✅DONE✅02 80 80 90 86 86 085 000.0💎00|00 ⏱️2m34.440s🌐luxeau777.com
084✅DONE✅03 80 80 90 86 86 082 000.0💎00|00 ⏱️2m33.285s🌐gold77au.com
086🚚E301❌01 60 70 85 84 84 080 000.0💎00|00 ⏱️2m30.245s🌐kangaroobet88.com
083✅DONE✅01 80 80 85 84 84 084 000.0💎00|00 ⏱️2m28.934s🌐audgaming8.com
087🚚E301❌01 60 70 80 82 82 080 000.0💎00|00 ⏱️2m25.279s🌐kaboom77.com
088🚚E301❌02 40 60 75 80 80 079 000.0💎00|00 ⏱️2m22.625s🌐trust88au.com
089🚚E301❌03 20 50 70 78 78 078 000.0💎00|00 ⏱️2m19.871s🌐ipay9aud.com
030💻E103❌04 20 40 65 76 76 233 000.0💎00|00 ⏱️3m16.657s🌐crown777au.com
090🚚E301❌05 0 40 60 76 76 077 000.0💎00|00 ⏱️2m56.461s🌐zeroaud.com
085🚚E301❌06 0 30 55 74 74 082 000.0💎00|00 ⏱️2m58.081s🌐neolux.vip
095💻E103❌07 0 20 50 72 72 073 000.0💎00|00 ⏱️2m50.065s🌐tab968.com
091🚚E301❌08 0 10 45 70 70 076 000.0💎00|00 ⏱️2m49.832s🌐ezaud.com
092🚚E301❌09 0 10 40 70 70 076 000.0💎00|00 ⏱️2m49.611s🌐in8.one
093🚚E301❌10 0 0 40 70 70 075 000.0💎00|00 ⏱️2m46.796s🌐rubyaud.com
094🚚E301❌11 0 0 35 70 70 074 000.0💎00|00 ⏱️2m46.830s🌐u88aud.com
097🚚E301❌12 0 0 30 68 68 072 000.0💎00|00 ⏱️2m45.309s🌐cashnet99.com
098🚚E301❌13 0 0 25 66 66 071 000.0💎00|00 ⏱️2m45.517s🌐ubet96.com
101🚚E301❌14 0 0 20 64 64 069 000.0💎00|00 ⏱️2m05.325s🌐hollywoodaus.com
103💻E103❌15 0 0 20 62 62 067 000.0💎00|00 ⏱️2m03.252s🌐luck77au.com
099🚚E301❌16 0 0 15 60 60 070 000.0💎00|00 ⏱️2m02.527s🌐au21.net
102🚚E301❌17 0 0 10 57 57 068 000.0💎00|00 ⏱️2m03.331s🌐southern9.com
104🚚E301❌18 0 0 5 56 56 067 000.0💎00|00 ⏱️2m02.756s🌐aud99.com
106🚚E301❌19 0 0 5 56 56 066 000.0💎00|00 ⏱️2m02.747s🌐ubet66aus.com
107🚚E301❌20 0 0 0 54 69 065 000.0💎00|00 ⏱️2m03.436s🌐super996.com
109🚚E301❌21 0 0 0 52 69 064 000.0💎00|00 ⏱️2m03.953s🌐top1cas.com
108🚚E301❌22 0 0 0 50 68 064 000.0💎00|00 ⏱️2m05.734s🌐auwin7.com
111🚚E301❌23 0 0 0 48 67 063 000.0💎00|00 ⏱️2m05.476s🌐maxspin7.com
110🚚E301❌24 0 0 0 46 66 063 000.0💎00|00 ⏱️2m06.864s🌐spinfortune777.com
105✅DONE✅01 20 10 5 46 66 067 000.0💎00|00 ⏱️2m13.219s🌐fuckmate.co
112🚚E301❌01 20 10 5 44 65 063 000.0💎00|00 ⏱️2m11.680s🌐vip77.club
113🚚E301❌02 20 10 5 42 64 062 000.0💎00|00 ⏱️2m11.314s🌐fc8au.com
115🚚E301❌03 20 10 5 40 63 061 000.0💎00|00 ⏱️2m10.574s🌐avg88.com
114🚚E301❌04 20 10 5 38 62 062 000.0💎00|00 ⏱️2m10.358s🌐betworld96au.com
116🚚E301❌05 0 10 5 36 61 061 000.0💎00|00 ⏱️2m08.852s🌐ausbet88.com
117🚚E301❌06 0 10 5 34 60 060 000.0💎00|00 ⏱️2m07.415s🌐boyabet9.com
118🚚E301❌07 0 10 5 32 59 060 000.0💎00|00 ⏱️2m05.707s🌐win99aud.com
119🚚E301❌08 0 10 5 30 57 059 000.0💎00|00 ⏱️2m04.366s🌐ss9au.net
120🚚E301❌09 0 10 5 28 56 059 000.0💎00|00 ⏱️2m02.972s🌐kingdom9aus.com
121🚚E301❌10 0 0 5 26 56 058 000.0💎00|00 ⏱️1m59.026s🌐sp77aud.co
122🚚E301❌11 0 0 5 24 56 058 000.0💎00|00 ⏱️1m57.802s🌐eebet9.com
123🚚E301❌12 0 0 5 22 56 057 000.0💎00|00 ⏱️1m57.548s🌐wombats88.com
124🚚E301❌13 0 0 5 20 55 057 000.0💎00|00 ⏱️1m57.331s🌐1winbet369.com
126🚚E301❌14 0 0 5 18 54 056 000.0💎00|00 ⏱️1m56.624s🌐spinking.co
125🚚E301❌15 0 0 5 18 53 056 000.0💎00|00 ⏱️1m57.112s🌐pokiesking1.com
127🚚E301❌16 0 0 5 16 52 055 000.0💎00|00 ⏱️1m56.549s🌐decho34.com
128🚚E301❌17 0 0 5 14 51 055 000.0💎00|00 ⏱️1m56.189s🌐aus88win.com
129🚚E301❌18 0 0 5 12 50 055 000.0💎00|00 ⏱️1m56.264s🌐tiger88.games
130🚚E301❌19 0 0 5 10 49 054 000.0💎00|00 ⏱️1m56.320s🌐auboss.co
132🚚E301❌20 0 0 0 10 48 053 000.0💎00|00 ⏱️1m56.119s🌐starspin996.com
133🚚E301❌21 0 0 0 8 47 053 000.0💎00|00 ⏱️1m56.212s🌐acehighwin.com
131✅DONE✅01 20 10 5 8 47 054 000.0💎00|00 ⏱️1m57.880s🌐19rich.com
134🚚E301❌01 20 10 5 6 46 053 000.0💎00|00 ⏱️1m57.105s🌐slotmate88.com
135🚚E301❌02 20 10 5 6 45 053 000.0💎00|00 ⏱️1m57.170s🌐wildngo.net
139💻E403❌03 20 10 5 4 44 051 000.0💎00|00 ⏱️1m54.879s🌐koala88.co
136🚚E301❌04 20 10 5 4 43 052 000.0💎00|00 ⏱️1m55.821s🌐pokies7bet.com
138🚚E301❌05 0 10 5 4 42 052 000.0💎00|00 ⏱️1m55.508s🌐kingtech88.com
140🚚E301❌06 0 10 5 4 41 051 000.0💎00|00 ⏱️1m54.735s🌐betman9.com
142🚚E301❌07 0 10 5 4 40 050 000.0💎00|00 ⏱️1m53.921s🌐onyxaud.com
143🚚E301❌08 0 10 5 4 40 050 000.0💎00|00 ⏱️1m53.473s🌐zebra88.club
144🚚E301❌09 0 10 5 4 39 050 000.0💎00|00 ⏱️1m52.850s🌐nextpokies.com
145🚚E301❌10 0 0 5 4 38 049 000.0💎00|00 ⏱️1m51.394s🌐1bigwin.com
147🚚E301❌11 0 0 5 4 37 048 000.0💎00|00 ⏱️1m50.975s🌐goldencrown96.com
146🚚E301❌12 0 0 5 4 37 049 000.0💎00|00 ⏱️1m51.240s🌐magicspin77aus.com
148🚚E301❌13 0 0 5 4 37 048 000.0💎00|00 ⏱️1m51.765s🌐lion88.website
149🚚E301❌14 0 0 5 4 37 048 000.0💎00|00 ⏱️1m51.302s🌐rolex66.vip
151🚚E301❌15 0 0 5 4 36 047 000.0💎00|00 ⏱️1m50.838s🌐aucloud9.com
150🚚E301❌16 0 0 5 4 35 048 000.0💎00|00 ⏱️1m51.333s🌐live77bet.com
152🚚E301❌17 0 0 5 4 34 047 000.0💎00|00 ⏱️1m51.188s🌐intensityaus.com
153🚚E301❌18 0 0 5 4 33 047 000.0💎00|00 ⏱️1m51.625s🌐emax7.co
154🚚E301❌19 0 0 5 4 32 046 000.0💎00|00 ⏱️1m51.770s🌐richman96.com
141🚚E301❌20 0 0 0 4 31 051 000.0💎00|00 ⏱️2m02.662s🌐aud2u.com
155🚚E301❌21 0 0 0 4 30 046 000.0💎00|00 ⏱️2m00.033s🌐auslot7.com
157🚚E301❌22 0 0 0 4 30 045 000.0💎00|00 ⏱️1m59.308s🌐fantasy33.com
158🚚E301❌23 0 0 0 4 28 045 000.0💎00|00 ⏱️1m59.203s🌐on88aud.io
159🚚E301❌24 0 0 0 4 28 045 000.0💎00|00 ⏱️1m59.021s🌐fatchoy66.club
160🚚E301❌25 0 0 0 4 27 045 000.0💎00|00 ⏱️1m58.650s🌐raabet9.com
161🚚E301❌26 0 0 0 4 26 044 000.0💎00|00 ⏱️1m58.429s🌐gofun33.com
162🚚E301❌27 0 0 0 4 25 044 000.0💎00|00 ⏱️1m57.992s🌐vip99.com
163🚚E301❌28 0 0 0 2 24 044 000.0💎00|00 ⏱️1m57.198s🌐vpower8.com
164🚚E301❌29 0 0 0 2 23 043 000.0💎00|00 ⏱️1m57.200s🌐solidluck33.com
165🚚E301❌30 0 0 0 2 22 043 000.0💎00|00 ⏱️1m49.910s🌐mrpoint.co
166🚚E301❌31 0 0 0 2 21 043 000.0💎00|00 ⏱️1m49.728s🌐bk8au.online
096💻E103❌32 0 0 0 2 20 075 000.0💎00|00 ⏱️2m45.795s🌐aussie96.com
167🚚E301❌33 0 0 0 2 19 043 000.0💎00|00 ⏱️2m24.552s🌐i8au.online
168🚚E301❌34 0 0 0 2 18 042 000.0💎00|00 ⏱️2m25.482s🌐ozreel88.com
169🚚E301❌35 0 0 0 2 17 042 000.0💎00|00 ⏱️2m26.010s🌐kangaroo88.com
170🚚E301❌36 0 0 0 2 16 042 000.0💎00|00 ⏱️2m25.495s🌐22aud.com
171🚚E301❌37 0 0 0 2 15 042 000.0💎00|00 ⏱️2m25.622s🌐11win.com
172🚚E301❌38 0 0 0 2 14 041 000.0💎00|00 ⏱️2m26.181s🌐77au.net
173🚚E301❌39 0 0 0 2 13 041 000.0💎00|00 ⏱️2m25.401s🌐clubimperioaus.com
100💻E103❌40 0 0 0 2 12 072 000.0💎00|00 ⏱️3m27.286s🌐iau9.com
174🚚E301❌41 0 0 0 2 11 041 000.0💎00|00 ⏱️2m57.954s🌐bs22au.com
175🚚E301❌42 0 0 0 2 10 041 000.0💎00|00 ⏱️2m23.732s🌐1pokies.com
176🚚E301❌43 0 0 0 2 10 040 000.0💎00|00 ⏱️2m22.772s🌐100pokies.com
177🚚E301❌44 0 0 0 2 9 040 000.0💎00|00 ⏱️2m21.390s🌐ssv96.com
178🚚E301❌45 0 0 0 2 8 040 000.0💎00|00 ⏱️2m20.293s🌐megabet26.com
180🚚E301❌46 0 0 0 2 7 040 000.0💎00|00 ⏱️2m19.681s🌐aus33.com
179🚚E301❌47 0 0 0 2 6 040 000.0💎00|00 ⏱️2m19.843s🌐select777.net
183🚚E301❌48 0 0 0 2 6 039 000.0💎00|00 ⏱️2m17.492s🌐acwin77.com
182✅DONE✅01 20 10 5 4 6 040 000.0💎00|00 ⏱️2m18.106s🌐nightclubaus.com
181💻E103❌01 20 10 5 2 5 040 000.0💎00|00 ⏱️1m45.451s🌐22luckyspin.com
184🚚E301❌02 20 10 5 2 4 039 000.0💎00|00 ⏱️1m45.250s🌐a9aud.com
185🚚E301❌03 20 10 5 2 4 039 000.0💎00|00 ⏱️1m45.460s🌐au55.co
187🚚E301❌04 20 10 5 2 3 039 000.0💎00|00 ⏱️1m45.428s🌐galaxyau.com
186🚚E301❌05 0 10 5 2 3 039 000.0💎00|00 ⏱️1m46.547s🌐won96.com
188🚚E301❌06 0 10 5 2 3 038 000.0💎00|00 ⏱️1m47.181s🌐7vip7.com
191🚚E301❌07 0 10 5 2 3 038 000.0💎00|00 ⏱️1m46.646s🌐legit99.com
190🚚E301❌08 0 10 5 2 3 038 000.0💎00|00 ⏱️1m48.248s🌐a99au.com
192🚚E301❌09 0 10 5 2 3 038 000.0💎00|00 ⏱️1m47.894s🌐9aus.com
189🚚E301❌10 0 0 5 2 3 038 000.0💎00|00 ⏱️1m51.135s🌐ac8aus.com
193🚚E301❌11 0 0 5 2 3 037 000.0💎00|00 ⏱️1m49.517s🌐33spins.com
194🚚E301❌12 0 0 5 2 3 037 000.0💎00|00 ⏱️1m48.810s🌐dns33.com
195🚚E301❌13 0 0 5 2 3 037 000.0💎00|00 ⏱️1m48.086s🌐auspay96.com
196🚚E301❌14 0 0 5 2 3 037 000.0💎00|00 ⏱️1m47.432s🌐7pokies.com
197🚚E301❌15 0 0 5 2 3 037 000.0💎00|00 ⏱️1m46.163s🌐afl88.com
199💻E103❌16 0 0 5 2 3 036 000.0💎00|00 ⏱️1m43.686s🌐aussiebt.net
198🚚E301❌17 0 0 5 2 3 036 000.0💎00|00 ⏱️1m44.134s🌐aus26.com
200🚚E301❌18 0 0 5 2 3 036 000.0💎00|00 ⏱️1m41.965s🌐okwin33.com
202🚚E301❌19 0 0 5 2 3 036 000.0💎00|00 ⏱️1m41.370s🌐au99.co
203🚚E301❌20 0 0 0 2 3 035 000.0💎00|00 ⏱️1m38.377s🌐9xbetau.com
204💻E403❌21 0 0 0 2 3 035 000.0💎00|00 ⏱️1m37.924s🌐auraaud.com
207💻E103❌22 0 0 0 2 3 035 000.0💎00|00 ⏱️1m36.557s🌐amb88.cc
201🚚E301❌23 0 0 0 2 3 036 000.0💎00|00 ⏱️1m39.770s🌐99uber.com
206🚚E301❌24 0 0 0 2 3 035 000.0💎00|00 ⏱️1m38.666s🌐ausclub.net
205🚚E301❌25 0 0 0 2 3 035 000.0💎00|00 ⏱️1m39.103s🌐aud96.com
211💻E103❌26 0 0 0 2 3 034 000.0💎00|00 ⏱️1m37.609s🌐auspin8.com
208🚚E301❌27 0 0 0 2 3 035 000.0💎00|00 ⏱️1m38.052s🌐aud33.com
137💻E103❌28 0 0 0 2 3 053 000.0💎00|00 ⏱️2m30.935s🌐jk123au.com
209💻E103❌29 0 0 0 2 2 034 000.0💎00|00 ⏱️2m09.722s🌐bizzo777.com
210🚚E301❌30 0 0 0 2 2 034 000.0💎00|00 ⏱️2m09.701s🌐betworld168.vip
212🚚E301❌31 0 0 0 2 2 034 000.0💎00|00 ⏱️2m09.538s🌐bn8aus.com
213🚚E301❌32 0 0 0 2 2 034 000.0💎00|00 ⏱️2m09.916s🌐betjohn.net
214🚚E301❌33 0 0 0 2 2 034 000.0💎00|00 ⏱️2m08.034s🌐pokies33au.com
215🚚E301❌34 0 0 0 2 2 033 000.0💎00|00 ⏱️2m07.992s🌐auwin88.com
219💻E103❌35 0 0 0 2 2 033 000.0💎00|00 ⏱️2m05.612s🌐aud77.net
217🚚E301❌36 0 0 0 2 2 033 000.0💎00|00 ⏱️2m07.327s🌐bet365aud.com
218🚚E301❌37 0 0 0 2 2 033 000.0💎00|00 ⏱️2m07.316s🌐auspin88.vip
220🚚E301❌38 0 0 0 2 2 033 000.0💎00|00 ⏱️1m36.261s🌐avengers80.com
221🚚E301❌39 0 0 0 2 2 033 000.0💎00|00 ⏱️1m36.034s🌐bigpay2u.com
222🚚E301❌40 0 0 0 2 2 032 000.0💎00|00 ⏱️1m35.691s🌐bk8aus.com
223🚚E301❌41 0 0 0 2 2 032 000.0💎00|00 ⏱️1m35.455s🌐ozlotto88.com
224🚚E301❌42 0 0 0 2 2 032 000.0💎00|00 ⏱️1m35.304s🌐bunny96.com
216🚚E301❌43 0 0 0 2 2 033 000.0💎00|00 ⏱️1m38.804s🌐audmachine.com
226🚚E301❌44 0 0 0 2 2 032 000.0💎00|00 ⏱️1m36.188s🌐12playau.com
227💻E103❌45 0 0 0 2 2 032 000.0💎00|00 ⏱️1m37.272s🌐crown69.com
228💻E103❌46 0 0 0 2 2 032 000.0💎00|00 ⏱️1m37.115s🌐cashking99.com
230💻E103❌47 0 0 0 2 2 031 000.0💎00|00 ⏱️1m35.239s🌐bonsai369.com
229🚚E301❌48 0 0 0 2 2 031 000.0💎00|00 ⏱️1m35.390s🌐all117.com
225🚚E301❌49 0 0 0 2 2 032 000.0💎00|00 ⏱️1m38.453s🌐cocspin.com
232💻E103❌50 0 0 0 0 2 031 000.0💎00|00 ⏱️1m35.620s🌐candylucks.net
231💻E103❌51 0 0 0 0 1 031 000.0💎00|00 ⏱️1m35.786s🌐avengeraus1.com
234💻E103❌52 0 0 0 0 1 031 000.0💎00|00 ⏱️1m33.933s🌐boss365au.com
236💻E103❌53 0 0 0 0 1 030 000.0💎00|00 ⏱️1m30.641s🌐cola88au.co
235💻E103❌54 0 0 0 0 1 031 000.0💎00|00 ⏱️1m29.869s🌐cn8au.com
233🚚E301❌55 0 0 0 0 1 031 000.0💎00|00 ⏱️1m30.211s🌐blackpokies.com
237🚚E301❌56 0 0 0 0 1 030 000.0💎00|00 ⏱️1m29.122s🌐enjoy33.vip
238🚚E301❌57 0 0 0 0 1 030 000.0💎00|00 ⏱️1m29.883s🌐tnt99au.com
239🚚E301❌58 0 0 0 0 1 030 000.0💎00|00 ⏱️1m29.825s🌐bacca777.com
243💻E103❌59 0 0 0 0 1 030 000.0💎00|00 ⏱️1m25.542s🌐crystalchips777.com
240🚚E301❌60 0 0 0 0 1 030 000.0💎00|00 ⏱️1m28.457s🌐aawin68.com
244🚚E301❌61 0 0 0 0 1 029 000.0💎00|00 ⏱️1m27.743s🌐mmd9.net
242🚚E301❌62 0 0 0 0 1 030 000.0💎00|00 ⏱️1m30.036s🌐diceau.online
247🚚E301❌63 0 0 0 0 1 029 000.0💎00|00 ⏱️1m29.849s🌐bonza96.com
250💻E530❌64 0 0 0 0 1 029 000.0💎00|00 ⏱️1m29.502s🌐e99au.com
245💻E103❌65 0 0 0 0 1 029 000.0💎00|00 ⏱️1m31.001s🌐ea99aud.com
246🚚E301❌66 0 0 0 0 1 029 000.0💎00|00 ⏱️1m31.826s🌐dg6au.com
249🚚E301❌67 0 0 0 0 1 029 000.0💎00|00 ⏱️1m31.359s🌐ebet9au.com
254💻E103❌68 0 0 0 0 1 028 000.0💎00|00 ⏱️1m28.990s🌐bybid9.com
252🚚E301❌69 0 0 0 0 1 028 000.0💎00|00 ⏱️1m30.514s🌐1aupokies.com
253🚚E301❌70 0 0 0 0 1 028 000.0💎00|00 ⏱️1m29.234s🌐100payau.com
251🚚E301❌71 0 0 0 0 1 029 000.0💎00|00 ⏱️1m30.770s🌐coospin.com
255🚚E301❌72 0 0 0 0 1 028 000.0💎00|00 ⏱️1m30.148s🌐everwin44.com
241💻E104❌73 0 0 0 0 1 030 000.0💎00|00 ⏱️2m02.251s🌐enjoy2win99.com

╭──────────────────────────────────────────────────────────────────────────────╮
│                                                                              │
│                        ╭─────── 🏁 RESULTS ────────╮                         │
│                        │ Scraping Complete         │                         │
│                        │   Sites Scraped:  251     │                         │
│                        │   Successful:    73       │                         │
│                        │   Failed:        178      │                         │
│                        │   Success Rate:  29.1%    │                         │
│                        │   Bonuses Found: 154      │                         │
│                        │   New Bonuses:   0        │                         │
│                        │   Elapsed:       00:01:05 │                         │
│                        ╰───────────────────────────╯                         │
│                                                                              │
╰──────────────────────────────────────────────────────────────────────────────╯
                      ● Dashboard at http://127.0.0.1:8000                      
